[INFO  wayscriber::app] Starting in daemon mode
[INFO  wayscriber::daemon::core] Starting wayscriber daemon
[INFO  wayscriber::daemon::core] Send SIGUSR1 to toggle overlay (e.g., pkill -SIGUSR1 wayscriber)
[INFO  wayscriber::daemon::core] Configure Hyprland: bind = SUPER, D, exec, pkill -SIGUSR1 wayscriber
[INFO  wayscriber::config::io] Config file not found, using defaults
[INFO  wayscriber::daemon::tray::runtime] Creating tray service...
[INFO  wayscriber::daemon::tray::runtime] Spawning system tray runtime thread...
[INFO  wayscriber::daemon::tray::runtime] Waiting for system tray readiness signal...
[INFO  zbus::connection::handshake::common] write_command; command=Auth(Some(External), Some([49, 48, 48, 48]))
[INFO  zbus::connection::handshake::common] write_commands; commands=[Auth(Some(External), Some([49, 48, 48, 48]))] extra_bytes=None
[INFO  tracing::span] read_command;
[INFO  zbus::connection::handshake::common] read_commands; n_commands=1
[INFO  zbus::connection::handshake::common] write_commands; commands=[NegotiateUnixFD, Begin] extra_bytes=Some([108, 1, 0, 1, 0, 0, 0, 0, 1, 0, 0, 0, 109, 0, 0, 0, 1, 1, 111, 0, 21, 0, 0, 0, 47, 111, 114, 103, 47, 102, 114, 101, 101, 100, 101, 115, 107, 116, 111, 112, 47, 68, 66, 117, 115, 0, 0, 0, 2, 1, 115, 0, 20, 0, 0, 0, 111, 114, 103, 46, 102, 114, 101, 101, 100, 101, 115, 107, 116, 111, 112, 46, 68, 66, 117, 115, 0, 0, 0, 0, 3, 1, 115, 0, 5, 0, 0, 0, 72, 101, 108, 108, 111, 0, 0, 0, 6, 1, 115, 0, 20, 0, 0, 0, 111, 114, 103, 46, 102, 114, 101, 101, 100, 101, 115, 107, 116, 111, 112, 46, 68, 66, 117, 115, 0, 0, 0, 0])
[INFO  zbus::connection::handshake::common] read_commands; n_commands=1
[INFO  zbus::connection] start_object_server; started_event=Some(Event { listeners_notified: 0, listeners_total: 1 })
[INFO  tracing::span] obj_server_task;
[INFO  zbus::connection] monitor_name_lost; name=org.kde.StatusNotifierItem-13984-1
[WARN  wayscriber::daemon::tray::ksni] StatusNotifierWatcher is offline: Error(Watcher(ServiceUnknown("The name is not activatable")))
[INFO  wayscriber::daemon::tray::runtime] System tray spawned successfully
[INFO  wayscriber::daemon::tray::runtime] System tray thread started
[INFO  wayscriber::daemon::core] Daemon ready - waiting for toggle signal
[INFO  zbus::connection::handshake::common] write_command; command=Auth(Some(External), Some([49, 48, 48, 48]))
[INFO  zbus::connection::handshake::common] write_commands; commands=[Auth(Some(External), Some([49, 48, 48, 48]))] extra_bytes=None
[INFO  tracing::span] read_command;
[INFO  zbus::connection::handshake::common] read_commands; n_commands=1
[INFO  zbus::connection::handshake::common] write_commands; commands=[NegotiateUnixFD, Begin] extra_bytes=Some([108, 1, 0, 1, 0, 0, 0, 0, 7, 0, 0, 0, 109, 0, 0, 0, 1, 1, 111, 0, 21, 0, 0, 0, 47, 111, 114, 103, 47, 102, 114, 101, 101, 100, 101, 115, 107, 116, 111, 112, 47, 68, 66, 117, 115, 0, 0, 0, 2, 1, 115, 0, 20, 0, 0, 0, 111, 114, 103, 46, 102, 114, 101, 101, 100, 101, 115, 107, 116, 111, 112, 46, 68, 66, 117, 115, 0, 0, 0, 0, 3, 1, 115, 0, 5, 0, 0, 0, 72, 101, 108, 108, 111, 0, 0, 0, 6, 1, 115, 0, 20, 0, 0, 0, 111, 114, 103, 46, 102, 114, 101, 101, 100, 101, 115, 107, 116, 111, 112, 46, 68, 66, 117, 115, 0, 0, 0, 0])
[INFO  zbus::connection::handshake::common] read_commands; n_commands=1
[INFO  zbus::proxy] {}; task_name="org.kde.StatusNotifierWatcher proxy caching"
[WARN  wayscriber::daemon::tray::runtime] Failed to query tray host registration: org.freedesktop.DBus.Error.ServiceUnknown: The name is not activatable
[INFO  wayscriber::daemon::core] Received SIGINT - initiating graceful shutdown
[INFO  wayscriber::daemon::core] Quit signal received - exiting daemon
[INFO  wayscriber::daemon::core] Daemon shutting down
[INFO  wayscriber::daemon::tray::runtime] Quit signal received - shutting down system tray
[INFO  wayscriber::daemon::core] System tray thread joined
[INFO  wayscriber::app] Starting in daemon mode
[INFO  wayscriber::daemon::core] Starting wayscriber daemon
[INFO  wayscriber::daemon::core] Send SIGUSR1 to toggle overlay (e.g., pkill -SIGUSR1 wayscriber)
[INFO  wayscriber::daemon::core] Configure Hyprland: bind = SUPER, D, exec, pkill -SIGUSR1 wayscriber
[INFO  wayscriber::config::io] Config file not found, using defaults
[INFO  wayscriber::daemon::tray::runtime] Creating tray service...
[INFO  wayscriber::daemon::tray::runtime] Spawning system tray runtime thread...
[INFO  wayscriber::daemon::tray::runtime] Waiting for system tray readiness signal...
[INFO  zbus::connection::handshake::common] write_command; command=Auth(Some(External), Some([49, 48, 48, 48]))
[INFO  zbus::connection::handshake::common] write_commands; commands=[Auth(Some(External), Some([49, 48, 48, 48]))] extra_bytes=None
[INFO  tracing::span] read_command;
[INFO  zbus::connection::handshake::common] read_commands; n_commands=1
[INFO  zbus::connection::handshake::common] write_commands; commands=[NegotiateUnixFD, Begin] extra_bytes=Some([108, 1, 0, 1, 0, 0, 0, 0, 1, 0, 0, 0, 109, 0, 0, 0, 1, 1, 111, 0, 21, 0, 0, 0, 47, 111, 114, 103, 47, 102, 114, 101, 101, 100, 101, 115, 107, 116, 111, 112, 47, 68, 66, 117, 115, 0, 0, 0, 2, 1, 115, 0, 20, 0, 0, 0, 111, 114, 103, 46, 102, 114, 101, 101, 100, 101, 115, 107, 116, 111, 112, 46, 68, 66, 117, 115, 0, 0, 0, 0, 3, 1, 115, 0, 5, 0, 0, 0, 72, 101, 108, 108, 111, 0, 0, 0, 6, 1, 115, 0, 20, 0, 0, 0, 111, 114, 103, 46, 102, 114, 101, 101, 100, 101, 115, 107, 116, 111, 112, 46, 68, 66, 117, 115, 0, 0, 0, 0])
[INFO  zbus::connection::handshake::common] read_commands; n_commands=1
[INFO  zbus::connection] start_object_server; started_event=Some(Event { listeners_notified: 0, listeners_total: 1 })
[INFO  tracing::span] obj_server_task;
[INFO  zbus::connection] monitor_name_lost; name=org.kde.StatusNotifierItem-14010-1
[WARN  wayscriber::daemon::tray::ksni] StatusNotifierWatcher is offline: Error(Watcher(ServiceUnknown("The name is not activatable")))
[INFO  wayscriber::daemon::tray::runtime] System tray spawned successfully
[INFO  wayscriber::daemon::tray::runtime] System tray thread started
[INFO  wayscriber::daemon::core] Daemon ready - waiting for toggle signal
[INFO  zbus::connection::handshake::common] write_command; command=Auth(Some(External), Some([49, 48, 48, 48]))
[INFO  zbus::connection::handshake::common] write_commands; commands=[Auth(Some(External), Some([49, 48, 48, 48]))] extra_bytes=None
[INFO  tracing::span] read_command;
[INFO  zbus::connection::handshake::common] read_commands; n_commands=1
[INFO  zbus::connection::handshake::common] write_commands; commands=[NegotiateUnixFD, Begin] extra_bytes=Some([108, 1, 0, 1, 0, 0, 0, 0, 7, 0, 0, 0, 109, 0, 0, 0, 1, 1, 111, 0, 21, 0, 0, 0, 47, 111, 114, 103, 47, 102, 114, 101, 101, 100, 101, 115, 107, 116, 111, 112, 47, 68, 66, 117, 115, 0, 0, 0, 2, 1, 115, 0, 20, 0, 0, 0, 111, 114, 103, 46, 102, 114, 101, 101, 100, 101, 115, 107, 116, 111, 112, 46, 68, 66, 117, 115, 0, 0, 0, 0, 3, 1, 115, 0, 5, 0, 0, 0, 72, 101, 108, 108, 111, 0, 0, 0, 6, 1, 115, 0, 20, 0, 0, 0, 111, 114, 103, 46, 102, 114, 101, 101, 100, 101, 115, 107, 116, 111, 112, 46, 68, 66, 117, 115, 0, 0, 0, 0])
[INFO  zbus::connection::handshake::common] read_commands; n_commands=1
[INFO  zbus::proxy] {}; task_name="org.kde.StatusNotifierWatcher proxy caching"
[WARN  wayscriber::daemon::tray::runtime] Failed to query tray host registration: org.freedesktop.DBus.Error.ServiceUnknown: The name is not activatable
[INFO  wayscriber::app::usage] Starting Wayland overlay...
[INFO  wayscriber::app::usage] Starting annotation overlay...
[INFO  wayscriber::app::usage] Controls:
[INFO  wayscriber::app::usage]   - Pen: Just drag
[INFO  wayscriber::app::usage]   - Line: Hold Shift + drag
[INFO  wayscriber::app::usage]   - Rectangle: Hold Ctrl + drag
[INFO  wayscriber::app::usage]   - Circle: Hold Tab + drag
[INFO  wayscriber::app::usage]   - Arrow: Hold Ctrl+Shift + drag
[INFO  wayscriber::app::usage]   - Text: T, click to position, type, press Enter
[INFO  wayscriber::app::usage]   - Colors: R (Red), G (Green), B (Blue), Y (Yellow), O (Orange), P (Pink), W (White), K (Black)
[INFO  wayscriber::app::usage]   - Undo / Redo: Ctrl+Z / Ctrl+Shift+Z / Ctrl+Y
[INFO  wayscriber::app::usage]   - Clear Canvas: E
[INFO  wayscriber::app::usage]   - Increase Thickness: + / = or scroll down
[INFO  wayscriber::app::usage]   - Decrease Thickness: - / _ or scroll up
[INFO  wayscriber::app::usage]   - Freeze Screen: Ctrl+Shift+F (toggle frozen background)
[INFO  wayscriber::app::usage]   - Zoom In / Zoom Out: Ctrl+Alt++ / Ctrl+Alt+= / Ctrl+Alt+- / Ctrl+Alt+_ (Ctrl+Alt + scroll)
[INFO  wayscriber::app::usage]   - Reset Zoom: Ctrl+Alt+0   •   Lock Zoom: Ctrl+Alt+L   •   Pan view: middle drag/arrow keys
[INFO  wayscriber::app::usage]   - Context Menu: Right Click or Shift+F10 / Menu
[INFO  wayscriber::app::usage]   - Help: F10 / F1   •   Toolbar: F2 / F9   •   Presenter: Ctrl+Shift+M   •   Open Configurator: F11   •   Status Bar: F12 / F4
[INFO  wayscriber::app::usage]   - Exit: Escape / Ctrl+Q
[INFO  wayscriber::app::usage] 
[INFO  wayscriber::backend::wayland::backend] Initializing Wayland backend
[INFO  wayscriber::backend::wayland::backend] Showing Wayland overlay
[INFO  wayscriber::backend::wayland::backend::run] Starting Wayland backend
[INFO  wayscriber::config::io] Config file not found, using defaults
[INFO  wayscriber::backend::wayland::backend::state_init::config] Configuration loaded
[INFO  wayscriber::backend::wayland::backend::state_init::config] Tablet feature: compiled=yes, runtime_enabled=false
[INFO  wayscriber::backend::wayland::backend::state_init::session] Session persistence: base_dir=/home/khanh/.local/share/wayscriber, per_output=true, display_id='wayland_1', output_identity=None, boards[T/W/B]=true/true/true, history=true, max_persisted_history=None, restore_tool_state=true, autosave_enabled=true, autosave_idle_ms=5000, autosave_interval_ms=45000, autosave_failure_backoff_ms=5000, max_file_size=10485760 bytes, compression=Auto
[INFO  wayscriber::backend::wayland::backend::state_init] Capture manager initialized
[INFO  wayscriber::backend::wayland::toolbar::main::lifecycle] Ensuring top toolbar surface exists at logical size (863, 72), scale 1
[INFO  wayscriber::backend::wayland::toolbar::surfaces::lifecycle] Creating toolbar surface 'wayscriber-toolbar-top' (anchor Anchor(TOP | LEFT), logical (863, 72), margin (12, 12, 0, 12), scale 1)
[INFO  wayscriber::backend::wayland::toolbar::main::lifecycle] Ensuring side toolbar surface exists at logical size (260, 634), scale 1
[INFO  wayscriber::backend::wayland::toolbar::surfaces::lifecycle] Creating toolbar surface 'wayscriber-toolbar-side' (anchor Anchor(TOP | LEFT), logical (260, 634), margin (24, 0, 24, 24), scale 1)
[INFO  wayscriber::backend::wayland::backend::surface] Creating layer shell surface
[INFO  wayscriber::backend::wayland::backend::surface] Layer shell surface created
[INFO  wayscriber::backend::wayland::handlers::seat] Keyboard capability available
[INFO  wayscriber::backend::wayland::handlers::seat] Pointer capability available
[INFO  wayscriber::backend::wayland::handlers::layer] Toolbar layer configure: size=863x72, layer=16
[INFO  wayscriber::backend::wayland::handlers::layer] Toolbar layer configure: size=260x634, layer=18
[INFO  wayscriber::backend::wayland::handlers::layer] Surface size changed - recreating SlotPool
[INFO  wayscriber::session::snapshot::load] Session file not found at /home/khanh/.local/share/wayscriber/session-wayland_1.json; skipping load
[INFO  wayscriber::backend::wayland::surface] Creating new SlotPool (1366x768 @ scale 1, 12589056 bytes, 3 buffers, gen 1)
[INFO  wayscriber::backend::wayland::handlers::layer] Toolbar layer configure: size=863x72, layer=16
[INFO  wayscriber::backend::wayland::handlers::compositor] Persisting session using monitor identity 'LVDS_1_AU_Optronics_0x312C' (session file: /home/khanh/.local/share/wayscriber/session-wayland_1-LVDS_1_AU_Optronics_0x312C.json).
[INFO  wayscriber::backend::wayland::handlers::compositor] Loading session snapshot from /home/khanh/.local/share/wayscriber/session-wayland_1-LVDS_1_AU_Optronics_0x312C.json (per_output=true, output_identity=Some("LVDS_1_AU_Optronics_0x312C"))
[INFO  wayscriber::session::snapshot::load] Session file not found at /home/khanh/.local/share/wayscriber/session-wayland_1-LVDS_1_AU_Optronics_0x312C.json; skipping load
[INFO  wayscriber::session::snapshot::save] Session saved to /home/khanh/.local/share/wayscriber/session-wayland_1-LVDS_1_AU_Optronics_0x312C.json (38773 bytes, compression=false)
[INFO  wayscriber::backend::wayland::toolbar::main::lifecycle] Side toolbar size change: (260, 634) -> (260, 542) (scale 1)
[INFO  wayscriber::backend::wayland::toolbar::surfaces::lifecycle] Creating toolbar surface 'wayscriber-toolbar-side' (anchor Anchor(TOP | LEFT), logical (260, 542), margin (24, 0, 24, 24), scale 1)
[INFO  wayscriber::backend::wayland::handlers::layer] Toolbar layer configure: size=260x542, layer=28
[INFO  wayscriber::session::snapshot::save] Session saved to /home/khanh/.local/share/wayscriber/session-wayland_1-LVDS_1_AU_Optronics_0x312C.json (6086 bytes, compression=true)
[INFO  wayscriber::backend::wayland::handlers::pointer::press] toolbar press: drag_start=false, surface=16, seat=Some(12), inline_active=false
[INFO  wayscriber::input::state::actions::action_core] Cleared canvas
[INFO  wayscriber::backend::wayland::handlers::pointer::press] toolbar press: drag_start=false, surface=16, seat=Some(12), inline_active=false
[INFO  wayscriber::backend::wayland::handlers::pointer::press] toolbar press: drag_start=false, surface=16, seat=Some(12), inline_active=false
[INFO  wayscriber::backend::wayland::handlers::pointer::press] toolbar press: drag_start=false, surface=16, seat=Some(12), inline_active=false
[INFO  wayscriber::session::snapshot::save] Session saved to /home/khanh/.local/share/wayscriber/session-wayland_1-LVDS_1_AU_Optronics_0x312C.json (8052 bytes, compression=true)
[INFO  wayscriber::input::state::actions::action_ui] Toolbar visibility disabled
[INFO  wayscriber::input::state::actions::action_ui] Toolbar visibility enabled
[INFO  wayscriber::backend::wayland::toolbar::main::lifecycle] Ensuring top toolbar surface exists at logical size (863, 72), scale 1
[INFO  wayscriber::backend::wayland::toolbar::surfaces::lifecycle] Creating toolbar surface 'wayscriber-toolbar-top' (anchor Anchor(TOP | LEFT), logical (863, 72), margin (12, 12, 0, 300), scale 1)
[INFO  wayscriber::backend::wayland::toolbar::main::lifecycle] Ensuring side toolbar surface exists at logical size (260, 542), scale 1
[INFO  wayscriber::backend::wayland::toolbar::surfaces::lifecycle] Creating toolbar surface 'wayscriber-toolbar-side' (anchor Anchor(TOP | LEFT), logical (260, 542), margin (24, 0, 24, 24), scale 1)
[INFO  wayscriber::backend::wayland::handlers::layer] Toolbar layer configure: size=863x72, layer=18
[INFO  wayscriber::backend::wayland::handlers::layer] Toolbar layer configure: size=260x542, layer=28
[INFO  wayscriber::input::state::actions::action_ui] Toolbar visibility disabled
[INFO  wayscriber::input::state::actions::action_ui] Toolbar visibility enabled
[INFO  wayscriber::backend::wayland::toolbar::main::lifecycle] Ensuring top toolbar surface exists at logical size (863, 72), scale 1
[INFO  wayscriber::backend::wayland::toolbar::surfaces::lifecycle] Creating toolbar surface 'wayscriber-toolbar-top' (anchor Anchor(TOP | LEFT), logical (863, 72), margin (12, 12, 0, 300), scale 1)
[INFO  wayscriber::backend::wayland::toolbar::main::lifecycle] Ensuring side toolbar surface exists at logical size (260, 542), scale 1
[INFO  wayscriber::backend::wayland::toolbar::surfaces::lifecycle] Creating toolbar surface 'wayscriber-toolbar-side' (anchor Anchor(TOP | LEFT), logical (260, 542), margin (24, 0, 24, 24), scale 1)
[INFO  wayscriber::backend::wayland::handlers::layer] Toolbar layer configure: size=863x72, layer=16
[INFO  wayscriber::backend::wayland::handlers::layer] Toolbar layer configure: size=260x542, layer=19
[INFO  wayscriber::backend::wayland::handlers::pointer::press] toolbar press: drag_start=false, surface=19, seat=Some(12), inline_active=false
[INFO  wayscriber::config::io] Saved config to /home/khanh/.config/wayscriber/config.toml
[INFO  wayscriber::backend::wayland::toolbar::main::lifecycle] Side toolbar size change: (260, 542) -> (260, 698) (scale 1)
[INFO  wayscriber::backend::wayland::toolbar::surfaces::lifecycle] Creating toolbar surface 'wayscriber-toolbar-side' (anchor Anchor(TOP | LEFT), logical (260, 698), margin (24, 0, 24, 24), scale 1)
[INFO  wayscriber::backend::wayland::handlers::layer] Toolbar layer configure: size=260x698, layer=17
[INFO  wayscriber::backend::wayland::handlers::pointer::press] toolbar press: drag_start=false, surface=16, seat=Some(12), inline_active=false
[INFO  wayscriber::backend::wayland::toolbar::main::lifecycle] Side toolbar size change: (260, 698) -> (260, 720) (scale 1)
[INFO  wayscriber::backend::wayland::toolbar::surfaces::lifecycle] Creating toolbar surface 'wayscriber-toolbar-side' (anchor Anchor(TOP | LEFT), logical (260, 720), margin (24, 0, 24, 24), scale 1)
[INFO  wayscriber::backend::wayland::handlers::layer] Toolbar layer configure: size=260x720, layer=19
[INFO  wayscriber::backend::wayland::toolbar::main::lifecycle] Side toolbar size change: (260, 720) -> (260, 698) (scale 1)
[INFO  wayscriber::backend::wayland::toolbar::surfaces::lifecycle] Creating toolbar surface 'wayscriber-toolbar-side' (anchor Anchor(TOP | LEFT), logical (260, 698), margin (24, 0, 24, 24), scale 1)
[INFO  wayscriber::backend::wayland::handlers::layer] Toolbar layer configure: size=260x698, layer=17
[INFO  wayscriber::input::state::actions::action_core] Cleared canvas
[INFO  wayscriber::backend::wayland::handlers::pointer::press] toolbar press: drag_start=false, surface=16, seat=Some(12), inline_active=false
[INFO  wayscriber::backend::wayland::toolbar::main::lifecycle] Side toolbar size change: (260, 698) -> (260, 720) (scale 1)
[INFO  wayscriber::backend::wayland::toolbar::surfaces::lifecycle] Creating toolbar surface 'wayscriber-toolbar-side' (anchor Anchor(TOP | LEFT), logical (260, 720), margin (24, 0, 24, 24), scale 1)
[INFO  wayscriber::backend::wayland::handlers::layer] Toolbar layer configure: size=260x720, layer=19
[INFO  wayscriber::backend::wayland::handlers::pointer::press] toolbar press: drag_start=false, surface=16, seat=Some(12), inline_active=false
[INFO  wayscriber::backend::wayland::toolbar::main::lifecycle] Side toolbar size change: (260, 720) -> (260, 698) (scale 1)
[INFO  wayscriber::backend::wayland::toolbar::surfaces::lifecycle] Creating toolbar surface 'wayscriber-toolbar-side' (anchor Anchor(TOP | LEFT), logical (260, 698), margin (24, 0, 24, 24), scale 1)
[INFO  wayscriber::backend::wayland::handlers::layer] Toolbar layer configure: size=260x698, layer=17
[INFO  wayscriber::backend::wayland::handlers::pointer::press] toolbar press: drag_start=false, surface=16, seat=Some(12), inline_active=false
[INFO  wayscriber::backend::wayland::toolbar::main::lifecycle] Side toolbar size change: (260, 698) -> (260, 634) (scale 1)
[INFO  wayscriber::backend::wayland::toolbar::surfaces::lifecycle] Creating toolbar surface 'wayscriber-toolbar-side' (anchor Anchor(TOP | LEFT), logical (260, 634), margin (24, 0, 24, 24), scale 1)
[INFO  wayscriber::backend::wayland::handlers::layer] Toolbar layer configure: size=260x634, layer=19
[INFO  wayscriber::backend::wayland::handlers::pointer::press] toolbar press: drag_start=false, surface=16, seat=Some(12), inline_active=false
[INFO  wayscriber::backend::wayland::toolbar::main::lifecycle] Side toolbar size change: (260, 634) -> (260, 720) (scale 1)
[INFO  wayscriber::backend::wayland::toolbar::surfaces::lifecycle] Creating toolbar surface 'wayscriber-toolbar-side' (anchor Anchor(TOP | LEFT), logical (260, 720), margin (24, 0, 24, 24), scale 1)
[INFO  wayscriber::backend::wayland::handlers::layer] Toolbar layer configure: size=260x720, layer=17
[INFO  wayscriber::backend::wayland::handlers::pointer::press] toolbar press: drag_start=false, surface=16, seat=Some(12), inline_active=false
[INFO  wayscriber::backend::wayland::toolbar::main::lifecycle] Side toolbar size change: (260, 720) -> (260, 634) (scale 1)
[INFO  wayscriber::backend::wayland::toolbar::surfaces::lifecycle] Creating toolbar surface 'wayscriber-toolbar-side' (anchor Anchor(TOP | LEFT), logical (260, 634), margin (24, 0, 24, 24), scale 1)
[INFO  wayscriber::backend::wayland::handlers::layer] Toolbar layer configure: size=260x634, layer=19
[INFO  wayscriber::backend::wayland::handlers::pointer::press] toolbar press: drag_start=false, surface=16, seat=Some(12), inline_active=false
[INFO  wayscriber::backend::wayland::toolbar::main::lifecycle] Side toolbar size change: (260, 634) -> (260, 422) (scale 1)
[INFO  wayscriber::backend::wayland::toolbar::surfaces::lifecycle] Creating toolbar surface 'wayscriber-toolbar-side' (anchor Anchor(TOP | LEFT), logical (260, 422), margin (24, 0, 24, 24), scale 1)
[INFO  wayscriber::backend::wayland::handlers::layer] Toolbar layer configure: size=260x422, layer=17
[INFO  wayscriber::backend::wayland::handlers::pointer::press] toolbar press: drag_start=false, surface=17, seat=Some(12), inline_active=false
[INFO  wayscriber::config::io] Saved config to /home/khanh/.config/wayscriber/config.toml
[INFO  wayscriber::backend::wayland::toolbar::main::lifecycle] Top toolbar size change: (863, 72) -> (980, 60) (scale 1)
[INFO  wayscriber::backend::wayland::toolbar::surfaces::lifecycle] Creating toolbar surface 'wayscriber-toolbar-top' (anchor Anchor(TOP | LEFT), logical (980, 60), margin (12, 12, 0, 300), scale 1)
[INFO  wayscriber::backend::wayland::toolbar::main::lifecycle] Side toolbar size change: (260, 422) -> (260, 472) (scale 1)
[INFO  wayscriber::backend::wayland::toolbar::surfaces::lifecycle] Creating toolbar surface 'wayscriber-toolbar-side' (anchor Anchor(TOP | LEFT), logical (260, 472), margin (24, 0, 24, 24), scale 1)
[INFO  wayscriber::backend::wayland::handlers::layer] Toolbar layer configure: size=980x60, layer=19
[INFO  wayscriber::backend::wayland::handlers::layer] Toolbar layer configure: size=260x472, layer=32
[INFO  wayscriber::backend::wayland::toolbar::main::lifecycle] Side toolbar size change: (260, 472) -> (260, 748) (scale 1)
[INFO  wayscriber::backend::wayland::toolbar::surfaces::lifecycle] Creating toolbar surface 'wayscriber-toolbar-side' (anchor Anchor(TOP | LEFT), logical (260, 748), margin (24, 0, 24, 24), scale 1)
[INFO  wayscriber::backend::wayland::handlers::layer] Toolbar layer configure: size=260x748, layer=17
[INFO  wayscriber::backend::wayland::handlers::pointer::press] toolbar press: drag_start=false, surface=19, seat=Some(12), inline_active=false
[INFO  wayscriber::backend::wayland::toolbar::main::lifecycle] Side toolbar size change: (260, 748) -> (260, 472) (scale 1)
[INFO  wayscriber::backend::wayland::toolbar::surfaces::lifecycle] Creating toolbar surface 'wayscriber-toolbar-side' (anchor Anchor(TOP | LEFT), logical (260, 472), margin (24, 0, 24, 24), scale 1)
[INFO  wayscriber::backend::wayland::handlers::layer] Toolbar layer configure: size=260x472, layer=29
[INFO  wayscriber::backend::wayland::handlers::pointer::press] toolbar press: drag_start=false, surface=29, seat=Some(12), inline_active=false
[INFO  wayscriber::config::io] Saved config to /home/khanh/.config/wayscriber/config.toml
[INFO  wayscriber::backend::wayland::toolbar::main::lifecycle] Top toolbar size change: (980, 60) -> (863, 72) (scale 1)
[INFO  wayscriber::backend::wayland::toolbar::surfaces::lifecycle] Creating toolbar surface 'wayscriber-toolbar-top' (anchor Anchor(TOP | LEFT), logical (863, 72), margin (12, 12, 0, 300), scale 1)
[INFO  wayscriber::backend::wayland::toolbar::main::lifecycle] Side toolbar size change: (260, 472) -> (260, 422) (scale 1)
[INFO  wayscriber::backend::wayland::toolbar::surfaces::lifecycle] Creating toolbar surface 'wayscriber-toolbar-side' (anchor Anchor(TOP | LEFT), logical (260, 422), margin (24, 0, 24, 24), scale 1)
[INFO  wayscriber::backend::wayland::handlers::layer] Toolbar layer configure: size=863x72, layer=17
[INFO  wayscriber::backend::wayland::handlers::layer] Toolbar layer configure: size=260x422, layer=32
[INFO  wayscriber::backend::wayland::handlers::pointer::press] toolbar press: drag_start=false, surface=32, seat=Some(12), inline_active=false
[INFO  wayscriber::config::io] Saved config to /home/khanh/.config/wayscriber/config.toml
[INFO  wayscriber::backend::wayland::toolbar::main::lifecycle] Top toolbar size change: (863, 72) -> (980, 60) (scale 1)
[INFO  wayscriber::backend::wayland::toolbar::surfaces::lifecycle] Creating toolbar surface 'wayscriber-toolbar-top' (anchor Anchor(TOP | LEFT), logical (980, 60), margin (12, 12, 0, 300), scale 1)
[INFO  wayscriber::backend::wayland::toolbar::main::lifecycle] Side toolbar size change: (260, 422) -> (260, 472) (scale 1)
[INFO  wayscriber::backend::wayland::toolbar::surfaces::lifecycle] Creating toolbar surface 'wayscriber-toolbar-side' (anchor Anchor(TOP | LEFT), logical (260, 472), margin (24, 0, 24, 24), scale 1)
[INFO  wayscriber::backend::wayland::handlers::layer] Toolbar layer configure: size=980x60, layer=30
[INFO  wayscriber::backend::wayland::handlers::layer] Toolbar layer configure: size=260x472, layer=34
[INFO  wayscriber::session::snapshot::save] Session saved to /home/khanh/.local/share/wayscriber/session-wayland_1-LVDS_1_AU_Optronics_0x312C.json (8256 bytes, compression=true)
[INFO  wayscriber::backend::wayland::handlers::pointer::press] toolbar press: drag_start=false, surface=30, seat=Some(12), inline_active=false
[INFO  wayscriber::config::io] Saved config to /home/khanh/.config/wayscriber/config.toml
[INFO  wayscriber::backend::wayland::toolbar::main::lifecycle] Top toolbar size change: (980, 60) -> (863, 72) (scale 1)
[INFO  wayscriber::backend::wayland::toolbar::surfaces::lifecycle] Creating toolbar surface 'wayscriber-toolbar-top' (anchor Anchor(TOP | LEFT), logical (863, 72), margin (12, 12, 0, 300), scale 1)
[INFO  wayscriber::backend::wayland::toolbar::main::lifecycle] Side toolbar size change: (260, 472) -> (260, 422) (scale 1)
[INFO  wayscriber::backend::wayland::toolbar::surfaces::lifecycle] Creating toolbar surface 'wayscriber-toolbar-side' (anchor Anchor(TOP | LEFT), logical (260, 422), margin (24, 0, 24, 24), scale 1)
[INFO  wayscriber::backend::wayland::handlers::layer] Toolbar layer configure: size=863x72, layer=17
[INFO  wayscriber::backend::wayland::handlers::layer] Toolbar layer configure: size=260x422, layer=28
[INFO  wayscriber::backend::wayland::handlers::pointer::press] toolbar press: drag_start=false, surface=17, seat=Some(12), inline_active=false
[INFO  wayscriber::config::io] Saved config to /home/khanh/.config/wayscriber/config.toml
[INFO  wayscriber::backend::wayland::toolbar::main::lifecycle] Top toolbar size change: (863, 72) -> (980, 60) (scale 1)
[INFO  wayscriber::backend::wayland::toolbar::surfaces::lifecycle] Creating toolbar surface 'wayscriber-toolbar-top' (anchor Anchor(TOP | LEFT), logical (980, 60), margin (12, 12, 0, 300), scale 1)
[INFO  wayscriber::backend::wayland::toolbar::main::lifecycle] Side toolbar size change: (260, 422) -> (260, 472) (scale 1)
[INFO  wayscriber::backend::wayland::toolbar::surfaces::lifecycle] Creating toolbar surface 'wayscriber-toolbar-side' (anchor Anchor(TOP | LEFT), logical (260, 472), margin (24, 0, 24, 24), scale 1)
[INFO  wayscriber::backend::wayland::handlers::layer] Toolbar layer configure: size=980x60, layer=19
[INFO  wayscriber::backend::wayland::handlers::layer] Toolbar layer configure: size=260x472, layer=32
[INFO  wayscriber::backend::wayland::handlers::pointer::press] toolbar press: drag_start=false, surface=19, seat=Some(12), inline_active=false
[INFO  wayscriber::config::io] Saved config to /home/khanh/.config/wayscriber/config.toml
[INFO  wayscriber::backend::wayland::toolbar::main::lifecycle] Top toolbar size change: (980, 60) -> (863, 72) (scale 1)
[INFO  wayscriber::backend::wayland::toolbar::surfaces::lifecycle] Creating toolbar surface 'wayscriber-toolbar-top' (anchor Anchor(TOP | LEFT), logical (863, 72), margin (12, 12, 0, 300), scale 1)
[INFO  wayscriber::backend::wayland::toolbar::main::lifecycle] Side toolbar size change: (260, 472) -> (260, 422) (scale 1)
[INFO  wayscriber::backend::wayland::toolbar::surfaces::lifecycle] Creating toolbar surface 'wayscriber-toolbar-side' (anchor Anchor(TOP | LEFT), logical (260, 422), margin (24, 0, 24, 24), scale 1)
[INFO  wayscriber::backend::wayland::handlers::layer] Toolbar layer configure: size=863x72, layer=17
[INFO  wayscriber::backend::wayland::handlers::layer] Toolbar layer configure: size=260x422, layer=29
[INFO  wayscriber::backend::wayland::handlers::pointer::press] toolbar press: drag_start=false, surface=17, seat=Some(12), inline_active=false
[INFO  wayscriber::backend::wayland::toolbar::main::lifecycle] Side toolbar size change: (260, 422) -> (260, 634) (scale 1)
[INFO  wayscriber::backend::wayland::toolbar::surfaces::lifecycle] Creating toolbar surface 'wayscriber-toolbar-side' (anchor Anchor(TOP | LEFT), logical (260, 634), margin (24, 0, 24, 24), scale 1)
[INFO  wayscriber::backend::wayland::handlers::layer] Toolbar layer configure: size=260x634, layer=18
[INFO  wayscriber::backend::wayland::handlers::pointer::press] toolbar press: drag_start=false, surface=17, seat=Some(12), inline_active=false
[INFO  wayscriber::backend::wayland::toolbar::main::lifecycle] Side toolbar size change: (260, 634) -> (260, 422) (scale 1)
[INFO  wayscriber::backend::wayland::toolbar::surfaces::lifecycle] Creating toolbar surface 'wayscriber-toolbar-side' (anchor Anchor(TOP | LEFT), logical (260, 422), margin (24, 0, 24, 24), scale 1)
[INFO  wayscriber::backend::wayland::handlers::layer] Toolbar layer configure: size=260x422, layer=29
[INFO  wayscriber::session::snapshot::save] Session saved to /home/khanh/.local/share/wayscriber/session-wayland_1-LVDS_1_AU_Optronics_0x312C.json (9507 bytes, compression=true)
[INFO  wayscriber::config::io] Saved config to /home/khanh/.config/wayscriber/config.toml
[INFO  wayscriber::config::io] Saved config to /home/khanh/.config/wayscriber/config.toml
[INFO  wayscriber::config::io] Saved config to /home/khanh/.config/wayscriber/config.toml
[INFO  wayscriber::config::io] Saved config to /home/khanh/.config/wayscriber/config.toml
[INFO  wayscriber::config::io] Saved config to /home/khanh/.config/wayscriber/config.toml
[INFO  wayscriber::config::io] Saved config to /home/khanh/.config/wayscriber/config.toml
[INFO  wayscriber::config::io] Saved config to /home/khanh/.config/wayscriber/config.toml
[INFO  wayscriber::config::io] Saved config to /home/khanh/.config/wayscriber/config.toml
[INFO  wayscriber::config::io] Saved config to /home/khanh/.config/wayscriber/config.toml
[INFO  wayscriber::config::io] Saved config to /home/khanh/.config/wayscriber/config.toml
[INFO  wayscriber::config::io] Saved config to /home/khanh/.config/wayscriber/config.toml
[INFO  wayscriber::config::io] Saved config to /home/khanh/.config/wayscriber/config.toml
[INFO  wayscriber::config::io] Saved config to /home/khanh/.config/wayscriber/config.toml
[INFO  wayscriber::config::io] Saved config to /home/khanh/.config/wayscriber/config.toml
[INFO  wayscriber::config::io] Saved config to /home/khanh/.config/wayscriber/config.toml
[INFO  wayscriber::config::io] Saved config to /home/khanh/.config/wayscriber/config.toml
[INFO  wayscriber::config::io] Saved config to /home/khanh/.config/wayscriber/config.toml
[INFO  wayscriber::config::io] Saved config to /home/khanh/.config/wayscriber/config.toml
[INFO  wayscriber::backend::wayland::handlers::pointer::press] toolbar press: drag_start=false, surface=17, seat=Some(12), inline_active=false
[INFO  wayscriber::session::snapshot::save] Session saved to /home/khanh/.local/share/wayscriber/session-wayland_1-LVDS_1_AU_Optronics_0x312C.json (9506 bytes, compression=true)
[INFO  wayscriber::backend::wayland::handlers::pointer::press] toolbar press: drag_start=false, surface=29, seat=Some(12), inline_active=false
[INFO  wayscriber::input::state::actions::action_core] Cleared canvas
[INFO  wayscriber::backend::wayland::backend::event_loop] Exit requested after dispatch, breaking event loop
[INFO  wayscriber::backend::wayland::backend::event_loop] Wayland backend exiting
[INFO  wayscriber::session::snapshot::save] Session saved to /home/khanh/.local/share/wayscriber/session-wayland_1-LVDS_1_AU_Optronics_0x312C.json (9122 bytes, compression=true)
[INFO  wayscriber::backend::wayland::backend] Hiding Wayland overlay
[INFO  wayscriber::app] Annotation overlay closed.
