[INFO  wayscriber::app] Starting in daemon mode
[INFO  wayscriber::daemon::core] Starting wayscriber daemon
[INFO  wayscriber::daemon::core] Send SIGUSR1 to toggle overlay (e.g., kill -USR1 $(pgrep -fo 'wayscriber --daemon'))
[INFO  wayscriber::daemon::core] Configure Hyprland: bind = SUPER, D, exec, bash -lc "kill -USR1 $(pgrep -fo 'wayscriber --daemon')"
[INFO  wayscriber::config::io] Loaded config from /home/khanh/.config/wayscriber/config.toml
[INFO  wayscriber::daemon::tray::runtime] Creating tray service...
[INFO  wayscriber::daemon::tray::runtime] Spawning system tray runtime thread...
[INFO  wayscriber::daemon::tray::runtime] Waiting for system tray readiness signal...
[INFO  zbus::connection::handshake::common] write_command; command=Auth(Some(External), Some([49, 48, 48, 48]))
[INFO  zbus::connection::handshake::common] write_commands; commands=[Auth(Some(External), Some([49, 48, 48, 48]))] extra_bytes=None
[INFO  tracing::span] read_command;
[INFO  zbus::connection::handshake::common] read_commands; n_commands=1
[INFO  zbus::connection::handshake::common] write_commands; commands=[NegotiateUnixFD, Begin] extra_bytes=Some([108, 1, 0, 1, 0, 0, 0, 0, 1, 0, 0, 0, 109, 0, 0, 0, 1, 1, 111, 0, 21, 0, 0, 0, 47, 111, 114, 103, 47, 102, 114, 101, 101, 100, 101, 115, 107, 116, 111, 112, 47, 68, 66, 117, 115, 0, 0, 0, 2, 1, 115, 0, 20, 0, 0, 0, 111, 114, 103, 46, 102, 114, 101, 101, 100, 101, 115, 107, 116, 111, 112, 46, 68, 66, 117, 115, 0, 0, 0, 0, 3, 1, 115, 0, 5, 0, 0, 0, 72, 101, 108, 108, 111, 0, 0, 0, 6, 1, 115, 0, 20, 0, 0, 0, 111, 114, 103, 46, 102, 114, 101, 101, 100, 101, 115, 107, 116, 111, 112, 46, 68, 66, 117, 115, 0, 0, 0, 0])
[INFO  zbus::connection::handshake::common] read_commands; n_commands=1
[INFO  zbus::connection] start_object_server; started_event=Some(Event { listeners_notified: 0, listeners_total: 1 })
[INFO  tracing::span] obj_server_task;
[INFO  zbus::connection] monitor_name_lost; name=org.kde.StatusNotifierItem-571-1
[WARN  wayscriber::daemon::tray::ksni] StatusNotifierWatcher is offline: Error(Watcher(ServiceUnknown("The name is not activatable")))
[INFO  wayscriber::daemon::tray::runtime] System tray spawned successfully
[INFO  wayscriber::daemon::tray::runtime] System tray thread started
[INFO  wayscriber::daemon::core] Global shortcuts portal listener started
[INFO  wayscriber::daemon::core] Daemon ready - waiting for toggle signal
[INFO  zbus::connection::handshake::common] write_command; command=Auth(Some(External), Some([49, 48, 48, 48]))
[INFO  zbus::connection::handshake::common] write_commands; commands=[Auth(Some(External), Some([49, 48, 48, 48]))] extra_bytes=None
[INFO  tracing::span] read_command;
[INFO  zbus::connection::handshake::common] read_commands; n_commands=1
[INFO  zbus::connection::handshake::common] write_commands; commands=[NegotiateUnixFD, Begin] extra_bytes=Some([108, 1, 0, 1, 0, 0, 0, 0, 7, 0, 0, 0, 109, 0, 0, 0, 1, 1, 111, 0, 21, 0, 0, 0, 47, 111, 114, 103, 47, 102, 114, 101, 101, 100, 101, 115, 107, 116, 111, 112, 47, 68, 66, 117, 115, 0, 0, 0, 2, 1, 115, 0, 20, 0, 0, 0, 111, 114, 103, 46, 102, 114, 101, 101, 100, 101, 115, 107, 116, 111, 112, 46, 68, 66, 117, 115, 0, 0, 0, 0, 3, 1, 115, 0, 5, 0, 0, 0, 72, 101, 108, 108, 111, 0, 0, 0, 6, 1, 115, 0, 20, 0, 0, 0, 111, 114, 103, 46, 102, 114, 101, 101, 100, 101, 115, 107, 116, 111, 112, 46, 68, 66, 117, 115, 0, 0, 0, 0])
[INFO  zbus::connection::handshake::common] read_commands; n_commands=1
[INFO  zbus::proxy] {}; task_name="org.kde.StatusNotifierWatcher proxy caching"
[INFO  zbus::connection::handshake::common] write_command; command=Auth(Some(External), Some([49, 48, 48, 48]))
[INFO  zbus::connection::handshake::common] write_commands; commands=[Auth(Some(External), Some([49, 48, 48, 48]))] extra_bytes=None
[WARN  wayscriber::daemon::tray::runtime] Failed to query tray host registration: org.freedesktop.DBus.Error.ServiceUnknown: The name is not activatable
[INFO  tracing::span] read_command;
[INFO  zbus::connection::handshake::common] read_commands; n_commands=1
[INFO  zbus::connection::handshake::common] write_commands; commands=[NegotiateUnixFD, Begin] extra_bytes=Some([108, 1, 0, 1, 0, 0, 0, 0, 14, 0, 0, 0, 109, 0, 0, 0, 1, 1, 111, 0, 21, 0, 0, 0, 47, 111, 114, 103, 47, 102, 114, 101, 101, 100, 101, 115, 107, 116, 111, 112, 47, 68, 66, 117, 115, 0, 0, 0, 2, 1, 115, 0, 20, 0, 0, 0, 111, 114, 103, 46, 102, 114, 101, 101, 100, 101, 115, 107, 116, 111, 112, 46, 68, 66, 117, 115, 0, 0, 0, 0, 3, 1, 115, 0, 5, 0, 0, 0, 72, 101, 108, 108, 111, 0, 0, 0, 6, 1, 115, 0, 20, 0, 0, 0, 111, 114, 103, 46, 102, 114, 101, 101, 100, 101, 115, 107, 116, 111, 112, 46, 68, 66, 117, 115, 0, 0, 0, 0])
[INFO  zbus::connection::handshake::common] read_commands; n_commands=1
[WARN  wayscriber::daemon::global_shortcuts] Global shortcuts portal listener disabled: host portal app-id registration failed for 'wayscriber'
[INFO  wayscriber::app] Starting in daemon mode
[INFO  wayscriber::daemon::core] Starting wayscriber daemon
[INFO  wayscriber::daemon::core] Send SIGUSR1 to toggle overlay (e.g., kill -USR1 $(pgrep -fo 'wayscriber --daemon'))
[INFO  wayscriber::daemon::core] Configure Hyprland: bind = SUPER, D, exec, bash -lc "kill -USR1 $(pgrep -fo 'wayscriber --daemon')"
[INFO  wayscriber::config::io] Loaded config from /home/khanh/.config/wayscriber/config.toml
[INFO  wayscriber::daemon::tray::runtime] Creating tray service...
[INFO  wayscriber::daemon::tray::runtime] Spawning system tray runtime thread...
[INFO  wayscriber::daemon::tray::runtime] Waiting for system tray readiness signal...
[INFO  zbus::connection::handshake::common] write_command; command=Auth(Some(External), Some([49, 48, 48, 48]))
[INFO  zbus::connection::handshake::common] write_commands; commands=[Auth(Some(External), Some([49, 48, 48, 48]))] extra_bytes=None
[INFO  tracing::span] read_command;
[INFO  zbus::connection::handshake::common] read_commands; n_commands=1
[INFO  zbus::connection::handshake::common] write_commands; commands=[NegotiateUnixFD, Begin] extra_bytes=Some([108, 1, 0, 1, 0, 0, 0, 0, 1, 0, 0, 0, 109, 0, 0, 0, 1, 1, 111, 0, 21, 0, 0, 0, 47, 111, 114, 103, 47, 102, 114, 101, 101, 100, 101, 115, 107, 116, 111, 112, 47, 68, 66, 117, 115, 0, 0, 0, 2, 1, 115, 0, 20, 0, 0, 0, 111, 114, 103, 46, 102, 114, 101, 101, 100, 101, 115, 107, 116, 111, 112, 46, 68, 66, 117, 115, 0, 0, 0, 0, 3, 1, 115, 0, 5, 0, 0, 0, 72, 101, 108, 108, 111, 0, 0, 0, 6, 1, 115, 0, 20, 0, 0, 0, 111, 114, 103, 46, 102, 114, 101, 101, 100, 101, 115, 107, 116, 111, 112, 46, 68, 66, 117, 115, 0, 0, 0, 0])
[INFO  zbus::connection::handshake::common] read_commands; n_commands=1
[INFO  zbus::connection] start_object_server; started_event=Some(Event { listeners_notified: 0, listeners_total: 1 })
[INFO  tracing::span] obj_server_task;
[INFO  zbus::connection] monitor_name_lost; name=org.kde.StatusNotifierItem-570-1
[WARN  wayscriber::daemon::tray::ksni] StatusNotifierWatcher is offline: Error(Watcher(ServiceUnknown("The name is not activatable")))
[INFO  wayscriber::daemon::tray::runtime] System tray spawned successfully
[INFO  wayscriber::daemon::tray::runtime] System tray thread started
[INFO  wayscriber::daemon::core] Global shortcuts portal listener started
[INFO  wayscriber::daemon::core] Daemon ready - waiting for toggle signal
[INFO  zbus::connection::handshake::common] write_command; command=Auth(Some(External), Some([49, 48, 48, 48]))
[INFO  zbus::connection::handshake::common] write_commands; commands=[Auth(Some(External), Some([49, 48, 48, 48]))] extra_bytes=None
[INFO  tracing::span] read_command;
[INFO  zbus::connection::handshake::common] read_commands; n_commands=1
[INFO  zbus::connection::handshake::common] write_commands; commands=[NegotiateUnixFD, Begin] extra_bytes=Some([108, 1, 0, 1, 0, 0, 0, 0, 7, 0, 0, 0, 109, 0, 0, 0, 1, 1, 111, 0, 21, 0, 0, 0, 47, 111, 114, 103, 47, 102, 114, 101, 101, 100, 101, 115, 107, 116, 111, 112, 47, 68, 66, 117, 115, 0, 0, 0, 2, 1, 115, 0, 20, 0, 0, 0, 111, 114, 103, 46, 102, 114, 101, 101, 100, 101, 115, 107, 116, 111, 112, 46, 68, 66, 117, 115, 0, 0, 0, 0, 3, 1, 115, 0, 5, 0, 0, 0, 72, 101, 108, 108, 111, 0, 0, 0, 6, 1, 115, 0, 20, 0, 0, 0, 111, 114, 103, 46, 102, 114, 101, 101, 100, 101, 115, 107, 116, 111, 112, 46, 68, 66, 117, 115, 0, 0, 0, 0])
[INFO  zbus::connection::handshake::common] read_commands; n_commands=1
[INFO  zbus::proxy] {}; task_name="org.kde.StatusNotifierWatcher proxy caching"
[WARN  wayscriber::daemon::tray::runtime] Failed to query tray host registration: org.freedesktop.DBus.Error.ServiceUnknown: The name is not activatable
[INFO  zbus::connection::handshake::common] write_command; command=Auth(Some(External), Some([49, 48, 48, 48]))
[INFO  zbus::connection::handshake::common] write_commands; commands=[Auth(Some(External), Some([49, 48, 48, 48]))] extra_bytes=None
[INFO  tracing::span] read_command;
[INFO  zbus::connection::handshake::common] read_commands; n_commands=1
[INFO  zbus::connection::handshake::common] write_commands; commands=[NegotiateUnixFD, Begin] extra_bytes=Some([108, 1, 0, 1, 0, 0, 0, 0, 14, 0, 0, 0, 109, 0, 0, 0, 1, 1, 111, 0, 21, 0, 0, 0, 47, 111, 114, 103, 47, 102, 114, 101, 101, 100, 101, 115, 107, 116, 111, 112, 47, 68, 66, 117, 115, 0, 0, 0, 2, 1, 115, 0, 20, 0, 0, 0, 111, 114, 103, 46, 102, 114, 101, 101, 100, 101, 115, 107, 116, 111, 112, 46, 68, 66, 117, 115, 0, 0, 0, 0, 3, 1, 115, 0, 5, 0, 0, 0, 72, 101, 108, 108, 111, 0, 0, 0, 6, 1, 115, 0, 20, 0, 0, 0, 111, 114, 103, 46, 102, 114, 101, 101, 100, 101, 115, 107, 116, 111, 112, 46, 68, 66, 117, 115, 0, 0, 0, 0])
[INFO  zbus::connection::handshake::common] read_commands; n_commands=1
[WARN  wayscriber::daemon::global_shortcuts] Global shortcuts portal listener disabled: host portal app-id registration failed for 'wayscriber'
[INFO  wayscriber::app::usage] Starting Wayland overlay...
[INFO  wayscriber::app::usage] Starting annotation overlay...
[INFO  wayscriber::app::usage] Controls:
[INFO  wayscriber::app::usage]   - Pen: Just drag
[INFO  wayscriber::app::usage]   - Line: Hold Shift + drag
[INFO  wayscriber::app::usage]   - Rectangle: Hold Ctrl + drag
[INFO  wayscriber::app::usage]   - Circle: Hold Tab + drag
[INFO  wayscriber::app::usage]   - Arrow: Hold Ctrl+Shift + drag
[INFO  wayscriber::app::usage]   - Text: T, click to position, type, press Enter
[INFO  wayscriber::app::usage]   - Colors: R (Red), G (Green), B (Blue), Y (Yellow), O (Orange), P (Pink), W (White), K (Black)
[INFO  wayscriber::app::usage]   - Undo / Redo: Ctrl+Z / Ctrl+Shift+Z / Ctrl+Y
[INFO  wayscriber::app::usage]   - Clear Canvas: E
[INFO  wayscriber::app::usage]   - Increase Thickness: + / = or scroll down
[INFO  wayscriber::app::usage]   - Decrease Thickness: - / _ or scroll up
[INFO  wayscriber::app::usage]   - Freeze Screen: Ctrl+Shift+F (toggle frozen background)
[INFO  wayscriber::app::usage]   - Zoom In / Zoom Out: Ctrl+Alt++ / Ctrl+Alt+= / Ctrl+Alt+- / Ctrl+Alt+_ (Ctrl+Alt + scroll)
[INFO  wayscriber::app::usage]   - Reset Zoom: Ctrl+Alt+0   •   Lock Zoom: Ctrl+Alt+L   •   Pan view: middle drag/arrow keys
[INFO  wayscriber::app::usage]   - Context Menu: Right Click or Shift+F10 / Menu
[INFO  wayscriber::app::usage]   - Help: F10 / F1   •   Toolbar: F2 / F9   •   Presenter: Ctrl+Shift+M   •   Open Configurator: F11   •   Status Bar: F12 / F4
[INFO  wayscriber::app::usage]   - Exit: Escape / Ctrl+Q
[INFO  wayscriber::app::usage] 
[INFO  wayscriber::backend::wayland::backend] Initializing Wayland backend
[INFO  wayscriber::backend::wayland::backend] Showing Wayland overlay
[INFO  wayscriber::backend::wayland::backend::run] Starting Wayland backend
[INFO  wayscriber::config::io] Loaded config from /home/khanh/.config/wayscriber/config.toml
[INFO  wayscriber::backend::wayland::backend::state_init::config] Configuration loaded
[INFO  wayscriber::backend::wayland::backend::state_init::config] Tablet feature: compiled=yes, runtime_enabled=false
[INFO  wayscriber::backend::wayland::backend::state_init::session] Session persistence: base_dir=/home/khanh/.local/share/wayscriber, per_output=true, display_id='wayland_1', output_identity=None, boards[T/W/B]=true/true/true, history=true, max_persisted_history=None, restore_tool_state=true, autosave_enabled=true, autosave_idle_ms=5000, autosave_interval_ms=45000, autosave_failure_backoff_ms=5000, max_file_size=10485760 bytes, compression=Auto
[INFO  wayscriber::backend::wayland::backend::state_init] Capture manager initialized
[INFO  wayscriber::backend::wayland::toolbar::main::lifecycle] Ensuring top toolbar surface exists at logical size (863, 72), scale 1
[INFO  wayscriber::backend::wayland::toolbar::surfaces::lifecycle] Creating toolbar surface 'wayscriber-toolbar-top' (anchor Anchor(TOP | LEFT), logical (863, 72), margin (12, 12, 0, 12), scale 1)
[INFO  wayscriber::backend::wayland::toolbar::main::lifecycle] Ensuring side toolbar surface exists at logical size (260, 634), scale 1
[INFO  wayscriber::backend::wayland::toolbar::surfaces::lifecycle] Creating toolbar surface 'wayscriber-toolbar-side' (anchor Anchor(TOP | LEFT), logical (260, 634), margin (24, 0, 24, 24), scale 1)
[INFO  wayscriber::backend::wayland::backend::surface] Creating layer shell surface
[INFO  wayscriber::backend::wayland::backend::surface] Layer shell surface created
[INFO  wayscriber::backend::wayland::handlers::seat] Keyboard capability available
[INFO  wayscriber::backend::wayland::handlers::seat] Pointer capability available
[INFO  wayscriber::backend::wayland::handlers::layer] Toolbar layer configure: size=863x72, layer=16
[INFO  wayscriber::backend::wayland::handlers::layer] Toolbar layer configure: size=260x634, layer=18
[INFO  wayscriber::backend::wayland::handlers::layer] Surface size changed - recreating SlotPool
[INFO  wayscriber::session::snapshot::load] Session file not found at /home/khanh/.local/share/wayscriber/session-wayland_1.json; skipping load
[INFO  wayscriber::backend::wayland::surface] Creating new SlotPool (1366x768 @ scale 1, 12589056 bytes, 3 buffers, gen 1)
[INFO  wayscriber::backend::wayland::handlers::layer] Toolbar layer configure: size=863x72, layer=16
[INFO  wayscriber::backend::wayland::handlers::compositor] Persisting session using monitor identity 'LVDS_1_AU_Optronics_0x312C' (session file: /home/khanh/.local/share/wayscriber/session-wayland_1-LVDS_1_AU_Optronics_0x312C.json).
[INFO  wayscriber::backend::wayland::handlers::compositor] Loading session snapshot from /home/khanh/.local/share/wayscriber/session-wayland_1-LVDS_1_AU_Optronics_0x312C.json (per_output=true, output_identity=Some("LVDS_1_AU_Optronics_0x312C"))
[INFO  wayscriber::session::snapshot::load] Session file present at /home/khanh/.local/share/wayscriber/session-wayland_1-LVDS_1_AU_Optronics_0x312C.json (58641 bytes, per_output=true, output_identity=Some("LVDS_1_AU_Optronics_0x312C"))
[INFO  wayscriber::session::snapshot::load] Loaded session from /home/khanh/.local/share/wayscriber/session-wayland_1-LVDS_1_AU_Optronics_0x312C.json (version 5, compressed=true, boards=1, active_board=transparent, tool_state=true)
[INFO  wayscriber::session::snapshot::apply] Restoring tool state: color=Color { r: 0.0, g: 0.0, b: 1.0, a: 1.0 }, thickness=13.00, eraser[size=31.00, kind=Circle, mode=Brush], marker_opacity=0.32, fill_enabled=false, tool_override=Some(Pen), font_size=32.0, text_bg=false, arrow[length=20.0, angle=30.0], status_bar=true, prev_color=None, arrow_labels=Some(false)
[INFO  wayscriber::backend::wayland::toolbar::main::lifecycle] Ensuring top toolbar surface exists at logical size (863, 72), scale 1
[INFO  wayscriber::backend::wayland::toolbar::surfaces::lifecycle] Creating toolbar surface 'wayscriber-toolbar-top' (anchor Anchor(TOP | LEFT), logical (863, 72), margin (12, 12, 0, 300), scale 1)
[INFO  wayscriber::backend::wayland::toolbar::main::lifecycle] Ensuring side toolbar surface exists at logical size (260, 634), scale 1
[INFO  wayscriber::backend::wayland::toolbar::surfaces::lifecycle] Creating toolbar surface 'wayscriber-toolbar-side' (anchor Anchor(TOP | LEFT), logical (260, 634), margin (24, 0, 24, 24), scale 1)
[INFO  wayscriber::backend::wayland::handlers::layer] Toolbar layer configure: size=863x72, layer=28
[INFO  wayscriber::backend::wayland::handlers::layer] Toolbar layer configure: size=260x634, layer=34
[INFO  wayscriber::backend::wayland::handlers::pointer::press] toolbar press: drag_start=false, surface=28, seat=Some(12), inline_active=false
[INFO  wayscriber::backend::wayland::toolbar::main::lifecycle] Side toolbar size change: (260, 634) -> (260, 542) (scale 1)
[INFO  wayscriber::backend::wayland::toolbar::surfaces::lifecycle] Creating toolbar surface 'wayscriber-toolbar-side' (anchor Anchor(TOP | LEFT), logical (260, 542), margin (24, 0, 24, 24), scale 1)
[INFO  wayscriber::backend::wayland::handlers::layer] Toolbar layer configure: size=260x542, layer=17
[INFO  wayscriber::session::snapshot::save] Session saved to /home/khanh/.local/share/wayscriber/session-wayland_1-LVDS_1_AU_Optronics_0x312C.json (59620 bytes, compression=true)
[INFO  wayscriber::backend::wayland::handlers::pointer::press] toolbar press: drag_start=false, surface=28, seat=Some(12), inline_active=false
[INFO  wayscriber::backend::wayland::toolbar::main::lifecycle] Side toolbar size change: (260, 542) -> (260, 422) (scale 1)
[INFO  wayscriber::backend::wayland::toolbar::surfaces::lifecycle] Creating toolbar surface 'wayscriber-toolbar-side' (anchor Anchor(TOP | LEFT), logical (260, 422), margin (24, 0, 24, 24), scale 1)
[INFO  wayscriber::backend::wayland::handlers::layer] Toolbar layer configure: size=260x422, layer=30
[INFO  wayscriber::session::snapshot::save] Session saved to /home/khanh/.local/share/wayscriber/session-wayland_1-LVDS_1_AU_Optronics_0x312C.json (61386 bytes, compression=true)
[INFO  wayscriber::app] Starting in daemon mode
[INFO  wayscriber::daemon::core] Starting wayscriber daemon
[INFO  wayscriber::daemon::core] Send SIGUSR1 to toggle overlay (e.g., kill -USR1 $(pgrep -fo 'wayscriber --daemon'))
[INFO  wayscriber::daemon::core] Configure Hyprland: bind = SUPER, D, exec, bash -lc "kill -USR1 $(pgrep -fo 'wayscriber --daemon')"
[INFO  wayscriber::config::io] Loaded config from /home/khanh/.config/wayscriber/config.toml
[INFO  wayscriber::daemon::tray::runtime] Creating tray service...
[INFO  wayscriber::daemon::tray::runtime] Spawning system tray runtime thread...
[INFO  wayscriber::daemon::tray::runtime] Waiting for system tray readiness signal...
[INFO  zbus::connection::handshake::common] write_command; command=Auth(Some(External), Some([49, 48, 48, 48]))
[INFO  zbus::connection::handshake::common] write_commands; commands=[Auth(Some(External), Some([49, 48, 48, 48]))] extra_bytes=None
[INFO  tracing::span] read_command;
[INFO  zbus::connection::handshake::common] read_commands; n_commands=1
[INFO  zbus::connection::handshake::common] write_commands; commands=[NegotiateUnixFD, Begin] extra_bytes=Some([108, 1, 0, 1, 0, 0, 0, 0, 1, 0, 0, 0, 109, 0, 0, 0, 1, 1, 111, 0, 21, 0, 0, 0, 47, 111, 114, 103, 47, 102, 114, 101, 101, 100, 101, 115, 107, 116, 111, 112, 47, 68, 66, 117, 115, 0, 0, 0, 2, 1, 115, 0, 20, 0, 0, 0, 111, 114, 103, 46, 102, 114, 101, 101, 100, 101, 115, 107, 116, 111, 112, 46, 68, 66, 117, 115, 0, 0, 0, 0, 3, 1, 115, 0, 5, 0, 0, 0, 72, 101, 108, 108, 111, 0, 0, 0, 6, 1, 115, 0, 20, 0, 0, 0, 111, 114, 103, 46, 102, 114, 101, 101, 100, 101, 115, 107, 116, 111, 112, 46, 68, 66, 117, 115, 0, 0, 0, 0])
[INFO  zbus::connection::handshake::common] read_commands; n_commands=1
[INFO  zbus::connection] start_object_server; started_event=Some(Event { listeners_notified: 0, listeners_total: 1 })
[INFO  tracing::span] obj_server_task;
[INFO  zbus::connection] monitor_name_lost; name=org.kde.StatusNotifierItem-572-1
[WARN  wayscriber::daemon::tray::ksni] StatusNotifierWatcher is offline: Error(Watcher(ServiceUnknown("The name is not activatable")))
[INFO  wayscriber::daemon::tray::runtime] System tray spawned successfully
[INFO  wayscriber::daemon::tray::runtime] System tray thread started
[INFO  wayscriber::daemon::core] Global shortcuts portal listener started
[INFO  wayscriber::daemon::core] Daemon ready - waiting for toggle signal
[INFO  zbus::connection::handshake::common] write_command; command=Auth(Some(External), Some([49, 48, 48, 48]))
[INFO  zbus::connection::handshake::common] write_commands; commands=[Auth(Some(External), Some([49, 48, 48, 48]))] extra_bytes=None
[INFO  tracing::span] read_command;
[INFO  zbus::connection::handshake::common] read_commands; n_commands=1
[INFO  zbus::connection::handshake::common] write_commands; commands=[NegotiateUnixFD, Begin] extra_bytes=Some([108, 1, 0, 1, 0, 0, 0, 0, 7, 0, 0, 0, 109, 0, 0, 0, 1, 1, 111, 0, 21, 0, 0, 0, 47, 111, 114, 103, 47, 102, 114, 101, 101, 100, 101, 115, 107, 116, 111, 112, 47, 68, 66, 117, 115, 0, 0, 0, 2, 1, 115, 0, 20, 0, 0, 0, 111, 114, 103, 46, 102, 114, 101, 101, 100, 101, 115, 107, 116, 111, 112, 46, 68, 66, 117, 115, 0, 0, 0, 0, 3, 1, 115, 0, 5, 0, 0, 0, 72, 101, 108, 108, 111, 0, 0, 0, 6, 1, 115, 0, 20, 0, 0, 0, 111, 114, 103, 46, 102, 114, 101, 101, 100, 101, 115, 107, 116, 111, 112, 46, 68, 66, 117, 115, 0, 0, 0, 0])
[INFO  zbus::connection::handshake::common] read_commands; n_commands=1
[INFO  zbus::proxy] {}; task_name="org.kde.StatusNotifierWatcher proxy caching"
[WARN  wayscriber::daemon::tray::runtime] Failed to query tray host registration: org.freedesktop.DBus.Error.ServiceUnknown: The name is not activatable
[INFO  zbus::connection::handshake::common] write_command; command=Auth(Some(External), Some([49, 48, 48, 48]))
[INFO  zbus::connection::handshake::common] write_commands; commands=[Auth(Some(External), Some([49, 48, 48, 48]))] extra_bytes=None
[INFO  tracing::span] read_command;
[INFO  zbus::connection::handshake::common] read_commands; n_commands=1
[INFO  zbus::connection::handshake::common] write_commands; commands=[NegotiateUnixFD, Begin] extra_bytes=Some([108, 1, 0, 1, 0, 0, 0, 0, 14, 0, 0, 0, 109, 0, 0, 0, 1, 1, 111, 0, 21, 0, 0, 0, 47, 111, 114, 103, 47, 102, 114, 101, 101, 100, 101, 115, 107, 116, 111, 112, 47, 68, 66, 117, 115, 0, 0, 0, 2, 1, 115, 0, 20, 0, 0, 0, 111, 114, 103, 46, 102, 114, 101, 101, 100, 101, 115, 107, 116, 111, 112, 46, 68, 66, 117, 115, 0, 0, 0, 0, 3, 1, 115, 0, 5, 0, 0, 0, 72, 101, 108, 108, 111, 0, 0, 0, 6, 1, 115, 0, 20, 0, 0, 0, 111, 114, 103, 46, 102, 114, 101, 101, 100, 101, 115, 107, 116, 111, 112, 46, 68, 66, 117, 115, 0, 0, 0, 0])
[INFO  zbus::connection::handshake::common] read_commands; n_commands=1
[WARN  wayscriber::daemon::global_shortcuts] Global shortcuts portal listener disabled: host portal app-id registration failed for 'wayscriber'
[INFO  wayscriber::app::usage] Starting Wayland overlay...
[INFO  wayscriber::app::usage] Starting annotation overlay...
[INFO  wayscriber::app::usage] Controls:
[INFO  wayscriber::app::usage]   - Pen: Just drag
[INFO  wayscriber::app::usage]   - Line: Hold Shift + drag
[INFO  wayscriber::app::usage]   - Rectangle: Hold Ctrl + drag
[INFO  wayscriber::app::usage]   - Circle: Hold Tab + drag
[INFO  wayscriber::app::usage]   - Arrow: Hold Ctrl+Shift + drag
[INFO  wayscriber::app::usage]   - Text: T, click to position, type, press Enter
[INFO  wayscriber::app::usage]   - Colors: R (Red), G (Green), B (Blue), Y (Yellow), O (Orange), P (Pink), W (White), K (Black)
[INFO  wayscriber::app::usage]   - Undo / Redo: Ctrl+Z / Ctrl+Shift+Z / Ctrl+Y
[INFO  wayscriber::app::usage]   - Clear Canvas: E
[INFO  wayscriber::app::usage]   - Increase Thickness: + / = or scroll down
[INFO  wayscriber::app::usage]   - Decrease Thickness: - / _ or scroll up
[INFO  wayscriber::app::usage]   - Freeze Screen: Ctrl+Shift+F (toggle frozen background)
[INFO  wayscriber::app::usage]   - Zoom In / Zoom Out: Ctrl+Alt++ / Ctrl+Alt+= / Ctrl+Alt+- / Ctrl+Alt+_ (Ctrl+Alt + scroll)
[INFO  wayscriber::app::usage]   - Reset Zoom: Ctrl+Alt+0   •   Lock Zoom: Ctrl+Alt+L   •   Pan view: middle drag/arrow keys
[INFO  wayscriber::app::usage]   - Context Menu: Right Click or Shift+F10 / Menu
[INFO  wayscriber::app::usage]   - Help: F10 / F1   •   Toolbar: F2 / F9   •   Presenter: Ctrl+Shift+M   •   Open Configurator: F11   •   Status Bar: F12 / F4
[INFO  wayscriber::app::usage]   - Exit: Escape / Ctrl+Q
[INFO  wayscriber::app::usage] 
[INFO  wayscriber::backend::wayland::backend] Initializing Wayland backend
[INFO  wayscriber::backend::wayland::backend] Showing Wayland overlay
[INFO  wayscriber::backend::wayland::backend::run] Starting Wayland backend
[INFO  wayscriber::config::io] Loaded config from /home/khanh/.config/wayscriber/config.toml
[INFO  wayscriber::backend::wayland::backend::state_init::config] Configuration loaded
[INFO  wayscriber::backend::wayland::backend::state_init::config] Tablet feature: compiled=yes, runtime_enabled=false
[INFO  wayscriber::backend::wayland::backend::state_init::session] Session persistence: base_dir=/home/khanh/.local/share/wayscriber, per_output=true, display_id='wayland_1', output_identity=None, boards[T/W/B]=true/true/true, history=true, max_persisted_history=None, restore_tool_state=true, autosave_enabled=true, autosave_idle_ms=5000, autosave_interval_ms=45000, autosave_failure_backoff_ms=5000, max_file_size=10485760 bytes, compression=Auto
[INFO  wayscriber::backend::wayland::backend::state_init] Capture manager initialized
[INFO  wayscriber::backend::wayland::toolbar::main::lifecycle] Ensuring top toolbar surface exists at logical size (863, 72), scale 1
[INFO  wayscriber::backend::wayland::toolbar::surfaces::lifecycle] Creating toolbar surface 'wayscriber-toolbar-top' (anchor Anchor(TOP | LEFT), logical (863, 72), margin (12, 12, 0, 12), scale 1)
[INFO  wayscriber::backend::wayland::toolbar::main::lifecycle] Ensuring side toolbar surface exists at logical size (260, 634), scale 1
[INFO  wayscriber::backend::wayland::toolbar::surfaces::lifecycle] Creating toolbar surface 'wayscriber-toolbar-side' (anchor Anchor(TOP | LEFT), logical (260, 634), margin (24, 0, 24, 24), scale 1)
[INFO  wayscriber::backend::wayland::backend::surface] Creating layer shell surface
[INFO  wayscriber::backend::wayland::backend::surface] Layer shell surface created
[INFO  wayscriber::backend::wayland::handlers::seat] Keyboard capability available
[INFO  wayscriber::backend::wayland::handlers::seat] Pointer capability available
[INFO  wayscriber::backend::wayland::handlers::layer] Toolbar layer configure: size=863x72, layer=16
[INFO  wayscriber::backend::wayland::handlers::layer] Toolbar layer configure: size=260x634, layer=18
[INFO  wayscriber::backend::wayland::handlers::layer] Surface size changed - recreating SlotPool
[INFO  wayscriber::session::snapshot::load] Session file not found at /home/khanh/.local/share/wayscriber/session-wayland_1.json; skipping load
[INFO  wayscriber::backend::wayland::surface] Creating new SlotPool (1366x768 @ scale 1, 12589056 bytes, 3 buffers, gen 1)
[INFO  wayscriber::backend::wayland::handlers::layer] Toolbar layer configure: size=863x72, layer=16
[INFO  wayscriber::backend::wayland::handlers::compositor] Persisting session using monitor identity 'LVDS_1_AU_Optronics_0x312C' (session file: /home/khanh/.local/share/wayscriber/session-wayland_1-LVDS_1_AU_Optronics_0x312C.json).
[INFO  wayscriber::backend::wayland::handlers::compositor] Loading session snapshot from /home/khanh/.local/share/wayscriber/session-wayland_1-LVDS_1_AU_Optronics_0x312C.json (per_output=true, output_identity=Some("LVDS_1_AU_Optronics_0x312C"))
[INFO  wayscriber::session::snapshot::load] Session file present at /home/khanh/.local/share/wayscriber/session-wayland_1-LVDS_1_AU_Optronics_0x312C.json (61386 bytes, per_output=true, output_identity=Some("LVDS_1_AU_Optronics_0x312C"))
[WARN  wayscriber::session::snapshot::history] Removed 1 undo and 0 redo actions referencing missing shapes in 'transparent' page #1 history
[INFO  wayscriber::session::snapshot::load] Loaded session from /home/khanh/.local/share/wayscriber/session-wayland_1-LVDS_1_AU_Optronics_0x312C.json (version 5, compressed=true, boards=1, active_board=transparent, tool_state=true)
[INFO  wayscriber::session::snapshot::apply] Restoring tool state: color=Color { r: 0.0, g: 0.0, b: 1.0, a: 1.0 }, thickness=13.00, eraser[size=31.00, kind=Circle, mode=Brush], marker_opacity=0.32, fill_enabled=false, tool_override=Some(Select), font_size=32.0, text_bg=false, arrow[length=20.0, angle=30.0], status_bar=true, prev_color=None, arrow_labels=Some(false)
[INFO  wayscriber::backend::wayland::toolbar::main::lifecycle] Ensuring top toolbar surface exists at logical size (863, 72), scale 1
[INFO  wayscriber::backend::wayland::toolbar::surfaces::lifecycle] Creating toolbar surface 'wayscriber-toolbar-top' (anchor Anchor(TOP | LEFT), logical (863, 72), margin (12, 12, 0, 300), scale 1)
[INFO  wayscriber::backend::wayland::toolbar::main::lifecycle] Ensuring side toolbar surface exists at logical size (260, 422), scale 1
[INFO  wayscriber::backend::wayland::toolbar::surfaces::lifecycle] Creating toolbar surface 'wayscriber-toolbar-side' (anchor Anchor(TOP | LEFT), logical (260, 422), margin (24, 0, 24, 24), scale 1)
[INFO  wayscriber::backend::wayland::handlers::layer] Toolbar layer configure: size=863x72, layer=28
[INFO  wayscriber::backend::wayland::handlers::layer] Toolbar layer configure: size=260x422, layer=34
[INFO  wayscriber::backend::wayland::handlers::pointer::press] toolbar press: drag_start=false, surface=28, seat=Some(12), inline_active=false
[INFO  wayscriber::backend::wayland::toolbar::main::lifecycle] Side toolbar size change: (260, 422) -> (260, 542) (scale 1)
[INFO  wayscriber::backend::wayland::toolbar::surfaces::lifecycle] Creating toolbar surface 'wayscriber-toolbar-side' (anchor Anchor(TOP | LEFT), logical (260, 542), margin (24, 0, 24, 24), scale 1)
[INFO  wayscriber::backend::wayland::handlers::layer] Toolbar layer configure: size=260x542, layer=30
[INFO  wayscriber::input::state::actions::action_core] Cleared canvas
[INFO  wayscriber::backend::wayland::handlers::pointer::press] toolbar press: drag_start=false, surface=28, seat=Some(12), inline_active=false
[INFO  wayscriber::backend::wayland::toolbar::main::lifecycle] Side toolbar size change: (260, 542) -> (260, 720) (scale 1)
[INFO  wayscriber::backend::wayland::toolbar::surfaces::lifecycle] Creating toolbar surface 'wayscriber-toolbar-side' (anchor Anchor(TOP | LEFT), logical (260, 720), margin (24, 0, 24, 24), scale 1)
[INFO  wayscriber::backend::wayland::handlers::layer] Toolbar layer configure: size=260x720, layer=32
[INFO  wayscriber::input::state::actions::action_core] Cleared canvas
[INFO  wayscriber::backend::wayland::handlers::pointer::press] toolbar press: drag_start=false, surface=28, seat=Some(12), inline_active=false
[INFO  wayscriber::backend::wayland::toolbar::main::lifecycle] Side toolbar size change: (260, 720) -> (260, 634) (scale 1)
[INFO  wayscriber::backend::wayland::toolbar::surfaces::lifecycle] Creating toolbar surface 'wayscriber-toolbar-side' (anchor Anchor(TOP | LEFT), logical (260, 634), margin (24, 0, 24, 24), scale 1)
[INFO  wayscriber::backend::wayland::handlers::layer] Toolbar layer configure: size=260x634, layer=17
[INFO  wayscriber::backend::wayland::handlers::pointer::press] toolbar press: drag_start=false, surface=28, seat=Some(12), inline_active=false
[INFO  wayscriber::backend::wayland::toolbar::main::lifecycle] Side toolbar size change: (260, 634) -> (260, 542) (scale 1)
[INFO  wayscriber::backend::wayland::toolbar::surfaces::lifecycle] Creating toolbar surface 'wayscriber-toolbar-side' (anchor Anchor(TOP | LEFT), logical (260, 542), margin (24, 0, 24, 24), scale 1)
[INFO  wayscriber::backend::wayland::handlers::layer] Toolbar layer configure: size=260x542, layer=30
[INFO  wayscriber::backend::wayland::handlers::pointer::press] toolbar press: drag_start=false, surface=28, seat=Some(12), inline_active=false
[INFO  wayscriber::backend::wayland::toolbar::main::lifecycle] Side toolbar size change: (260, 542) -> (260, 570) (scale 1)
[INFO  wayscriber::backend::wayland::toolbar::surfaces::lifecycle] Creating toolbar surface 'wayscriber-toolbar-side' (anchor Anchor(TOP | LEFT), logical (260, 570), margin (24, 0, 24, 24), scale 1)
[INFO  wayscriber::backend::wayland::handlers::layer] Toolbar layer configure: size=260x570, layer=17
[INFO  wayscriber::backend::wayland::handlers::pointer::press] toolbar press: drag_start=false, surface=28, seat=Some(12), inline_active=false
[INFO  wayscriber::backend::wayland::toolbar::main::lifecycle] Side toolbar size change: (260, 570) -> (260, 634) (scale 1)
[INFO  wayscriber::backend::wayland::toolbar::surfaces::lifecycle] Creating toolbar surface 'wayscriber-toolbar-side' (anchor Anchor(TOP | LEFT), logical (260, 634), margin (24, 0, 24, 24), scale 1)
[INFO  wayscriber::backend::wayland::handlers::layer] Toolbar layer configure: size=260x634, layer=30
[INFO  wayscriber::backend::wayland::handlers::pointer::press] toolbar press: drag_start=false, surface=28, seat=Some(12), inline_active=false
[INFO  wayscriber::backend::wayland::handlers::pointer::press] toolbar press: drag_start=false, surface=28, seat=Some(12), inline_active=false
[INFO  wayscriber::backend::wayland::toolbar::main::lifecycle] Side toolbar size change: (260, 634) -> (260, 720) (scale 1)
[INFO  wayscriber::backend::wayland::toolbar::surfaces::lifecycle] Creating toolbar surface 'wayscriber-toolbar-side' (anchor Anchor(TOP | LEFT), logical (260, 720), margin (24, 0, 24, 24), scale 1)
[INFO  wayscriber::backend::wayland::handlers::layer] Toolbar layer configure: size=260x720, layer=32
[INFO  wayscriber::backend::wayland::toolbar::main::lifecycle] Side toolbar size change: (260, 720) -> (260, 634) (scale 1)
[INFO  wayscriber::backend::wayland::toolbar::surfaces::lifecycle] Creating toolbar surface 'wayscriber-toolbar-side' (anchor Anchor(TOP | LEFT), logical (260, 634), margin (24, 0, 24, 24), scale 1)
[INFO  wayscriber::backend::wayland::handlers::layer] Toolbar layer configure: size=260x634, layer=17
[INFO  wayscriber::session::snapshot::save] Session saved to /home/khanh/.local/share/wayscriber/session-wayland_1-LVDS_1_AU_Optronics_0x312C.json (54369 bytes, compression=true)
[INFO  wayscriber::backend::wayland::handlers::pointer::press] toolbar press: drag_start=false, surface=28, seat=Some(12), inline_active=false
[INFO  wayscriber::backend::wayland::toolbar::main::lifecycle] Side toolbar size change: (260, 634) -> (260, 422) (scale 1)
[INFO  wayscriber::backend::wayland::toolbar::surfaces::lifecycle] Creating toolbar surface 'wayscriber-toolbar-side' (anchor Anchor(TOP | LEFT), logical (260, 422), margin (24, 0, 24, 24), scale 1)
[INFO  wayscriber::backend::wayland::handlers::layer] Toolbar layer configure: size=260x422, layer=30
[WARN  wayscriber::backend::wayland::backend::event_loop] Failed to autosave session state: failed to serialise session payload
[INFO  zbus::connection::handshake::common] write_command; command=Auth(Some(External), Some([49, 48, 48, 48]))
[INFO  zbus::connection::handshake::common] write_commands; commands=[Auth(Some(External), Some([49, 48, 48, 48]))] extra_bytes=None
[INFO  tracing::span] read_command;
[INFO  zbus::connection::handshake::common] read_commands; n_commands=1
[INFO  zbus::connection::handshake::common] write_commands; commands=[NegotiateUnixFD, Begin] extra_bytes=Some([108, 1, 0, 1, 0, 0, 0, 0, 1, 0, 0, 0, 109, 0, 0, 0, 1, 1, 111, 0, 21, 0, 0, 0, 47, 111, 114, 103, 47, 102, 114, 101, 101, 100, 101, 115, 107, 116, 111, 112, 47, 68, 66, 117, 115, 0, 0, 0, 2, 1, 115, 0, 20, 0, 0, 0, 111, 114, 103, 46, 102, 114, 101, 101, 100, 101, 115, 107, 116, 111, 112, 46, 68, 66, 117, 115, 0, 0, 0, 0, 3, 1, 115, 0, 5, 0, 0, 0, 72, 101, 108, 108, 111, 0, 0, 0, 6, 1, 115, 0, 20, 0, 0, 0, 111, 114, 103, 46, 102, 114, 101, 101, 100, 101, 115, 107, 116, 111, 112, 46, 68, 66, 117, 115, 0, 0, 0, 0])
[INFO  zbus::connection::handshake::common] read_commands; n_commands=1
[WARN  wayscriber::notification::real] Failed to send notification: Failed to send notification: org.freedesktop.DBus.Error.ServiceUnknown: The name is not activatable
[WARN  wayscriber::backend::wayland::backend::event_loop] Failed to autosave session state: failed to serialise session payload
[WARN  wayscriber::backend::wayland::backend::event_loop] Failed to autosave session state: failed to serialise session payload
[WARN  wayscriber::backend::wayland::backend::event_loop] Failed to autosave session state: failed to serialise session payload
[INFO  wayscriber::backend::wayland::toolbar::main::lifecycle] Side toolbar size change: (260, 422) -> (260, 634) (scale 1)
[INFO  wayscriber::backend::wayland::toolbar::surfaces::lifecycle] Creating toolbar surface 'wayscriber-toolbar-side' (anchor Anchor(TOP | LEFT), logical (260, 634), margin (24, 0, 24, 24), scale 1)
[INFO  wayscriber::backend::wayland::handlers::layer] Toolbar layer configure: size=260x634, layer=17
[WARN  wayscriber::backend::wayland::backend::event_loop] Failed to autosave session state: failed to serialise session payload
[WARN  wayscriber::backend::wayland::backend::event_loop] Failed to autosave session state: failed to serialise session payload
[WARN  wayscriber::backend::wayland::backend::event_loop] Failed to autosave session state: failed to serialise session payload
[INFO  wayscriber::backend::wayland::handlers::pointer::press] toolbar press: drag_start=false, surface=28, seat=Some(12), inline_active=false
[INFO  wayscriber::backend::wayland::toolbar::main::lifecycle] Side toolbar size change: (260, 634) -> (260, 422) (scale 1)
[INFO  wayscriber::backend::wayland::toolbar::surfaces::lifecycle] Creating toolbar surface 'wayscriber-toolbar-side' (anchor Anchor(TOP | LEFT), logical (260, 422), margin (24, 0, 24, 24), scale 1)
[INFO  wayscriber::backend::wayland::handlers::layer] Toolbar layer configure: size=260x422, layer=30
[WARN  wayscriber::backend::wayland::backend::event_loop] Failed to autosave session state: failed to serialise session payload
[WARN  wayscriber::backend::wayland::backend::event_loop] Failed to autosave session state: failed to serialise session payload
[WARN  wayscriber::backend::wayland::backend::event_loop] Failed to autosave session state: failed to serialise session payload
[WARN  wayscriber::backend::wayland::backend::event_loop] Failed to autosave session state: failed to serialise session payload
[INFO  wayscriber::backend::wayland::toolbar::main::lifecycle] Side toolbar size change: (260, 422) -> (260, 634) (scale 1)
[INFO  wayscriber::backend::wayland::toolbar::surfaces::lifecycle] Creating toolbar surface 'wayscriber-toolbar-side' (anchor Anchor(TOP | LEFT), logical (260, 634), margin (24, 0, 24, 24), scale 1)
[INFO  wayscriber::backend::wayland::handlers::layer] Toolbar layer configure: size=260x634, layer=17
[WARN  wayscriber::backend::wayland::backend::event_loop] Failed to autosave session state: failed to serialise session payload
[INFO  wayscriber::backend::wayland::handlers::pointer::press] toolbar press: drag_start=false, surface=28, seat=Some(12), inline_active=false
[INFO  wayscriber::backend::wayland::toolbar::main::lifecycle] Side toolbar size change: (260, 634) -> (260, 422) (scale 1)
[INFO  wayscriber::backend::wayland::toolbar::surfaces::lifecycle] Creating toolbar surface 'wayscriber-toolbar-side' (anchor Anchor(TOP | LEFT), logical (260, 422), margin (24, 0, 24, 24), scale 1)
[INFO  wayscriber::backend::wayland::handlers::layer] Toolbar layer configure: size=260x422, layer=30
[WARN  wayscriber::backend::wayland::backend::event_loop] Failed to autosave session state: failed to serialise session payload
[INFO  wayscriber::backend::wayland::handlers::pointer::press] toolbar press: drag_start=false, surface=28, seat=Some(12), inline_active=false
[INFO  wayscriber::backend::wayland::toolbar::main::lifecycle] Side toolbar size change: (260, 422) -> (260, 542) (scale 1)
[INFO  wayscriber::backend::wayland::toolbar::surfaces::lifecycle] Creating toolbar surface 'wayscriber-toolbar-side' (anchor Anchor(TOP | LEFT), logical (260, 542), margin (24, 0, 24, 24), scale 1)
[INFO  wayscriber::backend::wayland::handlers::layer] Toolbar layer configure: size=260x542, layer=17
[WARN  wayscriber::backend::wayland::backend::event_loop] Failed to autosave session state: failed to serialise session payload
[INFO  wayscriber::backend::wayland::handlers::pointer::press] toolbar press: drag_start=false, surface=28, seat=Some(12), inline_active=false
[INFO  wayscriber::backend::wayland::toolbar::main::lifecycle] Side toolbar size change: (260, 542) -> (260, 422) (scale 1)
[INFO  wayscriber::backend::wayland::toolbar::surfaces::lifecycle] Creating toolbar surface 'wayscriber-toolbar-side' (anchor Anchor(TOP | LEFT), logical (260, 422), margin (24, 0, 24, 24), scale 1)
[INFO  wayscriber::backend::wayland::handlers::layer] Toolbar layer configure: size=260x422, layer=30
[WARN  wayscriber::backend::wayland::backend::event_loop] Failed to autosave session state: failed to serialise session payload
[WARN  wayscriber::backend::wayland::backend::event_loop] Failed to autosave session state: failed to serialise session payload
[WARN  wayscriber::backend::wayland::backend::event_loop] Failed to autosave session state: failed to serialise session payload
[WARN  wayscriber::backend::wayland::backend::event_loop] Failed to autosave session state: failed to serialise session payload
[WARN  wayscriber::backend::wayland::backend::event_loop] Failed to autosave session state: failed to serialise session payload
[WARN  wayscriber::backend::wayland::backend::event_loop] Failed to autosave session state: failed to serialise session payload
[WARN  wayscriber::backend::wayland::backend::event_loop] Failed to autosave session state: failed to serialise session payload
[WARN  wayscriber::backend::wayland::backend::event_loop] Failed to autosave session state: failed to serialise session payload
[WARN  wayscriber::backend::wayland::backend::event_loop] Failed to autosave session state: failed to serialise session payload
[WARN  wayscriber::backend::wayland::backend::event_loop] Failed to autosave session state: failed to serialise session payload
[WARN  wayscriber::backend::wayland::backend::event_loop] Failed to autosave session state: failed to serialise session payload
[WARN  wayscriber::backend::wayland::backend::event_loop] Failed to autosave session state: failed to serialise session payload
[WARN  wayscriber::backend::wayland::backend::event_loop] Failed to autosave session state: failed to serialise session payload
[INFO  wayscriber::backend::wayland::backend::event_loop] Exit requested after dispatch, breaking event loop
[INFO  wayscriber::backend::wayland::backend::event_loop] Wayland backend exiting
[WARN  wayscriber::backend::wayland::backend::event_loop] Failed to save session state: failed to serialise session payload
[INFO  zbus::connection::handshake::common] write_command; command=Auth(Some(External), Some([49, 48, 48, 48]))
[INFO  zbus::connection::handshake::common] write_commands; commands=[Auth(Some(External), Some([49, 48, 48, 48]))] extra_bytes=None
[INFO  tracing::span] read_command;
[INFO  zbus::connection::handshake::common] read_commands; n_commands=1
[INFO  zbus::connection::handshake::common] write_commands; commands=[NegotiateUnixFD, Begin] extra_bytes=Some([108, 1, 0, 1, 0, 0, 0, 0, 3, 0, 0, 0, 109, 0, 0, 0, 1, 1, 111, 0, 21, 0, 0, 0, 47, 111, 114, 103, 47, 102, 114, 101, 101, 100, 101, 115, 107, 116, 111, 112, 47, 68, 66, 117, 115, 0, 0, 0, 2, 1, 115, 0, 20, 0, 0, 0, 111, 114, 103, 46, 102, 114, 101, 101, 100, 101, 115, 107, 116, 111, 112, 46, 68, 66, 117, 115, 0, 0, 0, 0, 3, 1, 115, 0, 5, 0, 0, 0, 72, 101, 108, 108, 111, 0, 0, 0, 6, 1, 115, 0, 20, 0, 0, 0, 111, 114, 103, 46, 102, 114, 101, 101, 100, 101, 115, 107, 116, 111, 112, 46, 68, 66, 117, 115, 0, 0, 0, 0])
[INFO  wayscriber::backend::wayland::backend] Hiding Wayland overlay
[INFO  zbus::connection::handshake::common] read_commands; n_commands=1
[INFO  wayscriber::app] Annotation overlay closed.
[INFO  wayscriber::daemon::core] Received SIGTERM - initiating graceful shutdown
