     0.001 Info: Testing "/home/khanh/.local/share/PrismLauncher/qtlogging.ini" ... (unknown:0)
     0.003 Info: Testing "/usr/share/PrismLauncher/qtlogging.ini" ... (unknown:0)
     0.004 Info: Loading logging rules from: "/usr/share/PrismLauncher/qtlogging.ini" (unknown:0)
     0.004 Info: Setting log rules: (unknown:0)
     0.004 Info:      "*.debug=true" (unknown:0)
     0.005 Info:      "kf.imageformats.plugins.hdr=false" (unknown:0)
     0.005 Info:      "kf.imageformats.plugins.xcf=false" (unknown:0)
     0.005 Info:      "launcher.auth.credentials.debug=false" (unknown:0)
     0.005 Info:      "launcher.task=false" (unknown:0)
     0.005 Info:      "launcher.task.net=true" (unknown:0)
     0.005 Info:      "launcher.task.net.download.debug=false" (unknown:0)
     0.005 Info:      "launcher.task.net.metacache=false" (unknown:0)
     0.006 Info:      "launcher.task.net.metacache.http=true" (unknown:0)
     0.006 Info:      "launcher.task.net.upload=true" (unknown:0)
     0.006 Info:      "qt.*.debug=false" (unknown:0)
     0.006 Info: <> Log initialized. (unknown:0)
     0.006 Debug: <> No migration needed from "PolyMC" (unknown:0)
     0.006 Debug: <> No migration needed from "MultiMC" (unknown:0)
     0.006 Info: Prism Launcher, © 2022-2026 Prism Launcher Contributors, © 2021-2022 PolyMC Contributors, © 2012-2021 MultiMC Contributors (unknown:0)
     0.006 Info: Version                    : "11.0.0" (unknown:0)
     0.006 Info: Platform                   : "official" (unknown:0)
     0.007 Info: Git commit                 : "" (unknown:0)
     0.007 Info: Git refspec                : "refs/heads/stable" (unknown:0)
     0.007 Info: Compiled for               : "Linux 6.11.0-1018-azure x86_64" (unknown:0)
     0.007 Info: Compiled by                : "GNU - 13.3.0" (unknown:0)
     0.007 Info: Build Artifact             : "Linux-Qt6" (unknown:0)
     0.007 Info: Updates Enabled            : No (unknown:0)
     0.007 Info: Work dir before adjustment : "/home/khanh" (unknown:0)
     0.007 Info: Work dir after adjustment  : "/home/khanh/.local/share/PrismLauncher" (unknown:0)
     0.008 Info: Adjusted by                : "Persistent data path" (unknown:0)
     0.008 Info: Binary path                : "/usr/bin" (unknown:0)
     0.008 Info: Application root path      : "/usr" (unknown:0)
     0.008 Info: ID of instance to launch   : "1194" (unknown:0)
     0.008 Info: Address of server to join  : "mazerclub.net" (unknown:0)
     0.008 Info: <> Paths set. (unknown:0)
     0.089 Debug: Detected default console font: "Noto Sans Mono", substitutions: "" (unknown:0)
     0.106 Info: <> Settings loaded. (unknown:0)
     0.109 Debug: Detecting proxy settings... (unknown:0)
     0.109 Debug: Using no proxy is an option! (unknown:0)
     0.109 Info: <> Network done. (unknown:0)
     0.117 Info: Your language is "en_US" (unknown:0)
     0.117 Info: <> Translations loaded. (unknown:0)
     0.123 Debug: Started watching "/home/khanh/.local/share/PrismLauncher/icons" (unknown:0)
     0.123 Debug: Adding icon "/home/khanh/.local/share/PrismLauncher/icons/modrinth_fabulously-optimized.webp" (unknown:0)
     0.139 Debug: Adding icon "/home/khanh/.local/share/PrismLauncher/icons/modrinth_sodiumplus.png" (unknown:0)
     0.140 Debug: Adding icon "/home/khanh/.local/share/PrismLauncher/icons/modrinth_bedrock-reloaded.webp" (unknown:0)
     0.142 Debug: Sorting icon list... (unknown:0)
     0.158 Info: <> Instance icons initialized. (unknown:0)
     0.159 Debug: [Theme] Determining System Widget Theme... (unknown:0)
     0.159 Debug: [Theme] System theme seems to be: "fusion" (unknown:0)
     0.159 Debug: [Theme] <> Initializing Icon Themes (unknown:0)
     0.160 Debug: [Theme] Loaded Built-In Icon Theme "pe_colored" (unknown:0)
     0.161 Debug: [Theme] Loaded Built-In Icon Theme "pe_light" (unknown:0)
     0.161 Debug: [Theme] Loaded Built-In Icon Theme "pe_dark" (unknown:0)
     0.162 Debug: [Theme] Loaded Built-In Icon Theme "pe_blue" (unknown:0)
     0.162 Debug: [Theme] Loaded Built-In Icon Theme "breeze_light" (unknown:0)
     0.162 Debug: [Theme] Loaded Built-In Icon Theme "breeze_dark" (unknown:0)
     0.163 Debug: [Theme] Loaded Built-In Icon Theme "OSX" (unknown:0)
     0.163 Debug: [Theme] Loaded Built-In Icon Theme "iOS" (unknown:0)
     0.163 Debug: [Theme] Loaded Built-In Icon Theme "flat" (unknown:0)
     0.164 Debug: [Theme] Loaded Built-In Icon Theme "flat_white" (unknown:0)
     0.164 Debug: [Theme] Loaded Built-In Icon Theme "multimc" (unknown:0)
     0.165 Debug: [Theme] Icon Theme Folder Path: "/home/khanh/.local/share/PrismLauncher/iconthemes" (unknown:0)
     0.165 Debug: [Theme] <> Icon themes initialized. (unknown:0)
     0.166 Debug: [Theme] <> Initializing Widget Themes (unknown:0)
     0.166 Debug: [Theme] Loading Built-in Theme: "system" (unknown:0)
     0.167 Debug: [Theme] Loading Built-in Theme: "dark" (unknown:0)
     0.167 Debug: [Theme] Loading Built-in Theme: "bright" (unknown:0)
     0.167 Debug: [Theme] <> Initializing System Widget Themes (unknown:0)
     0.169 Debug: [Theme] Loading System Theme: "Windows" (unknown:0)
     0.170 Debug: [Theme] Loading System Theme: "Fusion" (unknown:0)
     0.170 Debug: [Theme] Theme Folder Path: "/home/khanh/.local/share/PrismLauncher/themes" (unknown:0)
     0.171 Debug: [Theme] <> Widget themes initialized. (unknown:0)
     0.171 Debug: [Theme] CatPacks Folder Path: "/home/khanh/.local/share/PrismLauncher/catpacks" (unknown:0)
     0.210 Info: Instance path              : "instances" (unknown:0)
     0.210 Info: Loading Instances... (unknown:0)
     0.210 Info: Discovering instances in "/home/khanh/.local/share/PrismLauncher/instances" (unknown:0)
     0.211 Info: Found instance ID "1194" (unknown:0)
     0.213 Info: Found instance ID "1.8.9" (unknown:0)
     0.213 Debug: Will load group list now. (unknown:0)
     0.214 Debug: Group list loaded. (unknown:0)
     0.215 Debug: Loaded instance "1194" from "/home/khanh/.local/share/PrismLauncher/instances/1194" (unknown:0)
     0.216 Debug: Loaded instance "1.8.9" from "/home/khanh/.local/share/PrismLauncher/instances/1.8.9" (unknown:0)
     0.216 Info: <> Instances loaded. (unknown:0)
     0.216 Info: Loading accounts... (unknown:0)
     0.218 Debug: AccountList: Queued default account with internal ID "d1feb39f42f84f11a2e1f314f3098f80" to refresh first (unknown:0)
     0.219 Debug: Writing account list to "accounts.json" (unknown:0)
     0.219 Debug: Building JSON data structure. (unknown:0)
     0.219 Debug: Building account array. (unknown:0)
     0.220 Debug: Writing account list to file. (unknown:0)
     0.222 Debug: Saved account list to "accounts.json" (unknown:0)
     0.222 Debug: RefreshSchedule: Background account refresh succeeded (unknown:0)
     0.223 Debug: RefreshSchedule: Processing account "khanhnotbruh" with internal ID "d1feb39f42f84f11a2e1f314f3098f80" (unknown:0)
     0.223 Info: <> Accounts loaded. (unknown:0)
     0.228 Info: <> Cache initialized. (unknown:0)
     0.228 Debug: Downloading Translations Index... (unknown:0)
     0.230 Warning: [launcher.task.net] [HttpMetaCache] Removing cache entry because of old age! (unknown:0)
     0.232 Critical: dlopen() failed: ed object f: cannot open shared object file: No such file or directory (unknown:0)
     0.255 Debug: Detected native libraries: "" "/usr/lib/libopenal.so" (unknown:0)
     0.255 Debug: [Theme] <> Icon theme set. (unknown:0)
     0.255 Debug: [Theme] applying theme "Dark" (unknown:0)
     0.257 Debug: [Theme] <> Application theme set. (unknown:0)
     0.257 Debug: <> Instance "1194" launching (unknown:0)
     0.257 Debug:    Launching with server "mazerclub.net" (unknown:0)
     0.262 Debug: Instance-type specific settings were loaded! (unknown:0)
     0.929 Debug: Dir changed: "/home/khanh/.local/share/PrismLauncher/translations" (unknown:0)
     1.006 Debug: [launcher.instance.profile.resolve] Loading components (unknown:0)
     1.006 Debug: "1194" | Component list save is scheduled (unknown:0)
     1.007 Debug: [launcher.instance.profile.resolve] "1194" | Remote loading is being run for "LWJGL 3" (unknown:0)
     1.007 Debug: [launcher.instance.profile.resolve] "1194" | Remote loading is being run for "Minecraft" (unknown:0)
     1.007 Debug: [launcher.instance.profile.resolve] "1194" | Remote loading is being run for "Intermediary Mappings" (unknown:0)
     1.007 Debug: [launcher.instance.profile.resolve] "1194" | Remote loading is being run for "Fabric Loader" (unknown:0)
     1.014 Warning: [launcher.task.net] [HttpMetaCache] Removing cache entry because of old age! (unknown:0)
     1.222 Debug: Got translations index! (unknown:0)
     1.222 Debug: Dir changed: "/home/khanh/.local/share/PrismLauncher/translations" (unknown:0)
     1.404 Critical: Exception: "mismatched checksum" (unknown:0)
     1.406 Debug: "Unable to parse file /home/khanh/.local/share/PrismLauncher/meta/net.minecraft/index.json: mismatched checksum" (unknown:0)
     1.416 Debug: [launcher.instance.profile.resolve] Remote task 0 succeeded (unknown:0)
     1.418 Debug: [launcher.instance.profile.resolve] Remote task 3 succeeded (unknown:0)
     1.421 Debug: [launcher.instance.profile.resolve] Remote task 2 succeeded (unknown:0)
     1.608 Debug: [launcher.instance.profile.resolve] Remote task 1 succeeded (unknown:0)
     1.611 Debug: [launcher.instance.profile.resolve] Resolving dependencies (unknown:0)
     1.611 Debug: [launcher.instance.profile.resolve] "Req: net.fabricmc.intermediary" Is met. (unknown:0)
     1.612 Debug: [launcher.instance.profile.resolve] "Req: net.minecraft == 1.19.4" Is met. (unknown:0)
     1.612 Debug: [launcher.instance.profile.resolve] "Req: org.lwjgl3" Is met. (unknown:0)
     1.612 Debug: [launcher.instance.profile] "1194" | Component list update/resolve task succeeded (unknown:0)
     1.615 Debug: Writing account list to "accounts.json" (unknown:0)
     1.615 Debug: Building JSON data structure. (unknown:0)
     1.615 Debug: Building account array. (unknown:0)
     1.616 Debug: Writing account list to file. (unknown:0)
     1.618 Debug: Saved account list to "accounts.json" (unknown:0)
     1.618 Warning: Profile "48811bf6bbfb3fa9b08745fc8cfae90e" is now in use. (unknown:0)
     1.627 Debug: "1194" : downloading libraries (unknown:0)
     1.627 Debug: [launcher.instance.profile] "1194" | Applying "org.lwjgl3" GOOD (unknown:0)
     1.628 Debug: [launcher.instance.profile] "1194" | Applying "net.minecraft" GOOD (unknown:0)
     1.628 Debug: [launcher.instance.profile] "1194" | Applying "net.fabricmc.intermediary" GOOD (unknown:0)
     1.628 Debug: [launcher.instance.profile] "1194" | Applying "net.fabricmc.fabric-loader" GOOD (unknown:0)
     1.686 Debug: Asset index SHA1: "599535ca63586899bbcb13fe79b17bdf09a8452a" (unknown:0)
     1.686 Debug: Starting asset index download for "1194" (unknown:0)
     1.979 Debug: Finished asset index download for "1194" (unknown:0)
     2.438 Debug: reconstructAssets "assets" "assets/indexes" "assets/objects" "assets/virtual" "assets/virtual/3" (unknown:0)
     2.495 Debug: "-Duser.language=en -Xms512m -Xmx2541m -Djava.library.path=/home/khanh/.local/share/PrismLauncher/instances/1194/natives -cp /usr/share/PrismLauncher/NewLaunch.jar:/home/khanh/.local/share/PrismLauncher/libraries/org/lwjgl/lwjgl-glfw-natives-linux/3.3.2-lwjgl.1/lwjgl-glfw-natives-linux-3.3.2-lwjgl.1.jar:/home/khanh/.local/share/PrismLauncher/libraries/org/lwjgl/lwjgl-glfw/3.3.1/lwjgl-glfw-3.3.1.jar:/home/khanh/.local/share/PrismLauncher/libraries/org/lwjgl/lwjgl-jemalloc-natives-linux/3.3.1/lwjgl-jemalloc-natives-linux-3.3.1.jar:/home/khanh/.local/share/PrismLauncher/libraries/org/lwjgl/lwjgl-jemalloc/3.3.1/lwjgl-jemalloc-3.3.1.jar:/home/khanh/.local/share/PrismLauncher/libraries/org/lwjgl/lwjgl-natives-linux/3.3.1/lwjgl-natives-linux-3.3.1.jar:/home/khanh/.local/share/PrismLauncher/libraries/org/lwjgl/lwjgl-openal-natives-linux/3.3.1/lwjgl-openal-natives-linux-3.3.1.jar:/home/khanh/.local/share/PrismLauncher/libraries/org/lwjgl/lwjgl-openal/3.3.1/lwjgl-openal-3.3.1.jar:/home/khanh/.local/share/PrismLauncher/libraries/org/lwjgl/lwjgl-opengl-natives-linux/3.3.1/lwjgl-opengl-natives-linux-3.3.1.jar:/home/khanh/.local/share/PrismLauncher/libraries/org/lwjgl/lwjgl-opengl/3.3.1/lwjgl-opengl-3.3.1.jar:/home/khanh/.local/share/PrismLauncher/libraries/org/lwjgl/lwjgl-stb-natives-linux/3.3.1/lwjgl-stb-natives-linux-3.3.1.jar:/home/khanh/.local/share/PrismLauncher/libraries/org/lwjgl/lwjgl-stb/3.3.1/lwjgl-stb-3.3.1.jar:/home/khanh/.local/share/PrismLauncher/libraries/org/lwjgl/lwjgl-tinyfd-natives-linux/3.3.1/lwjgl-tinyfd-natives-linux-3.3.1.jar:/home/khanh/.local/share/PrismLauncher/libraries/org/lwjgl/lwjgl-tinyfd/3.3.1/lwjgl-tinyfd-3.3.1.jar:/home/khanh/.local/share/PrismLauncher/libraries/org/lwjgl/lwjgl/3.3.1/lwjgl-3.3.1.jar:/home/khanh/.local/share/PrismLauncher/libraries/com/github/oshi/oshi-core/6.2.2/oshi-core-6.2.2.jar:/home/khanh/.local/share/PrismLauncher/libraries/com/google/code/gson/gson/2.10/gson-2.10.jar:/home/khanh/.local/share/PrismLauncher/libraries/com/google/guava/failureaccess/1.0.1/failureaccess-1.0.1.jar:/home/khanh/.local/share/PrismLauncher/libraries/com/google/guava/guava/31.1-jre/guava-31.1-jre.jar:/home/khanh/.local/share/PrismLauncher/libraries/com/ibm/icu/icu4j/71.1/icu4j-71.1.jar:/home/khanh/.local/share/PrismLauncher/libraries/com/mojang/authlib/3.18.38/authlib-3.18.38.jar:/home/khanh/.local/share/PrismLauncher/libraries/com/mojang/blocklist/1.0.10/blocklist-1.0.10.jar:/home/khanh/.local/share/PrismLauncher/libraries/com/mojang/brigadier/1.0.18/brigadier-1.0.18.jar:/home/khanh/.local/share/PrismLauncher/libraries/com/mojang/datafixerupper/6.0.6/datafixerupper-6.0.6.jar:/home/khanh/.local/share/PrismLauncher/libraries/com/mojang/logging/1.1.1/logging-1.1.1.jar:/home/khanh/.local/share/PrismLauncher/libraries/com/mojang/patchy/2.2.10/patchy-2.2.10.jar:/home/khanh/.local/share/PrismLauncher/libraries/com/mojang/text2speech/1.16.7/text2speech-1.16.7.jar:/home/khanh/.local/share/PrismLauncher/libraries/commons-codec/commons-codec/1.15/commons-codec-1.15.jar:/home/khanh/.local/share/PrismLauncher/libraries/commons-io/commons-io/2.11.0/commons-io-2.11.0.jar:/home/khanh/.local/share/PrismLauncher/libraries/commons-logging/commons-logging/1.2/commons-logging-1.2.jar:/home/khanh/.local/share/PrismLauncher/libraries/io/netty/netty-buffer/4.1.82.Final/netty-buffer-4.1.82.Final.jar:/home/khanh/.local/share/PrismLauncher/libraries/io/netty/netty-codec/4.1.82.Final/netty-codec-4.1.82.Final.jar:/home/khanh/.local/share/PrismLauncher/libraries/io/netty/netty-common/4.1.82.Final/netty-common-4.1.82.Final.jar:/home/khanh/.local/share/PrismLauncher/libraries/io/netty/netty-handler/4.1.82.Final/netty-handler-4.1.82.Final.jar:/home/khanh/.local/share/PrismLauncher/libraries/io/netty/netty-resolver/4.1.82.Final/netty-resolver-4.1.82.Final.jar:/home/khanh/.local/share/PrismLauncher/libraries/io/netty/netty-transport-classes-epoll/4.1.82.Final/netty-transport-classes-epoll-4.1.82.Final.jar:/home/khanh/.local/share/PrismLauncher/libraries/io/netty/netty-transport-native-epoll/4.1.82.Final/netty-transport-native-epoll-4.1.82.Final-linux-aarch_64.jar:/home/khanh/.local/share/PrismLauncher/libraries/io/netty/netty-transport-native-epoll/4.1.82.Final/netty-transport-native-epoll-4.1.82.Final-linux-x86_64.jar:/home/khanh/.local/share/PrismLauncher/libraries/io/netty/netty-transport-native-unix-common/4.1.82.Final/netty-transport-native-unix-common-4.1.82.Final.jar:/home/khanh/.local/share/PrismLauncher/libraries/io/netty/netty-transport/4.1.82.Final/netty-transport-4.1.82.Final.jar:/home/khanh/.local/share/PrismLauncher/libraries/it/unimi/dsi/fastutil/8.5.9/fastutil-8.5.9.jar:/home/khanh/.local/share/PrismLauncher/libraries/net/java/dev/jna/jna-platform/5.12.1/jna-platform-5.12.1.jar:/home/khanh/.local/share/PrismLauncher/libraries/net/java/dev/jna/jna/5.12.1/jna-5.12.1.jar:/home/khanh/.local/share/PrismLauncher/libraries/net/sf/jopt-simple/jopt-simple/5.0.4/jopt-simple-5.0.4.jar:/home/khanh/.local/share/PrismLauncher/libraries/org/apache/commons/commons-compress/1.21/commons-compress-1.21.jar:/home/khanh/.local/share/PrismLauncher/libraries/org/apache/commons/commons-lang3/3.12.0/commons-lang3-3.12.0.jar:/home/khanh/.local/share/PrismLauncher/libraries/org/apache/httpcomponents/httpclient/4.5.13/httpclient-4.5.13.jar:/home/khanh/.local/share/PrismLauncher/libraries/org/apache/httpcomponents/httpcore/4.4.15/httpcore-4.4.15.jar:/home/khanh/.local/share/PrismLauncher/libraries/org/apache/logging/log4j/log4j-api/2.19.0/log4j-api-2.19.0.jar:/home/khanh/.local/share/PrismLauncher/libraries/org/apache/logging/log4j/log4j-core/2.19.0/log4j-core-2.19.0.jar:/home/khanh/.local/share/PrismLauncher/libraries/org/apache/logging/log4j/log4j-slf4j2-impl/2.19.0/log4j-slf4j2-impl-2.19.0.jar:/home/khanh/.local/share/PrismLauncher/libraries/org/joml/joml/1.10.5/joml-1.10.5.jar:/home/khanh/.local/share/PrismLauncher/libraries/org/slf4j/slf4j-api/2.0.1/slf4j-api-2.0.1.jar:/home/khanh/.local/share/PrismLauncher/libraries/net/fabricmc/intermediary/1.19.4/intermediary-1.19.4.jar:/home/khanh/.local/share/PrismLauncher/libraries/org/ow2/asm/asm/9.9/asm-9.9.jar:/home/khanh/.local/share/PrismLauncher/libraries/org/ow2/asm/asm-analysis/9.9/asm-analysis-9.9.jar:/home/khanh/.local/share/PrismLauncher/libraries/org/ow2/asm/asm-commons/9.9/asm-commons-9.9.jar:/home/khanh/.local/share/PrismLauncher/libraries/org/ow2/asm/asm-tree/9.9/asm-tree-9.9.jar:/home/khanh/.local/share/PrismLauncher/libraries/org/ow2/asm/asm-util/9.9/asm-util-9.9.jar:/home/khanh/.local/share/PrismLauncher/libraries/net/fabricmc/sponge-mixin/0.17.0+mixin.0.8.7/sponge-mixin-0.17.0+mixin.0.8.7.jar:/home/khanh/.local/share/PrismLauncher/libraries/net/fabricmc/fabric-loader/0.18.4/fabric-loader-0.18.4.jar:/home/khanh/.local/share/PrismLauncher/libraries/com/mojang/minecraft/1.19.4/minecraft-1.19.4-client.jar org.prismlauncher.EntryPoint" (unknown:0)
     6.663 Debug: "1194" | Component list save performed now (unknown:0)
    31.673 Debug: [launcher.task.net.metacache.http] Saving metacache with 15 entries (unknown:0)
  3389.416 Debug: Writing account list to "accounts.json" (unknown:0)
  3389.417 Debug: Building JSON data structure. (unknown:0)
  3389.418 Debug: Building account array. (unknown:0)
  3389.419 Debug: Writing account list to file. (unknown:0)
  3389.423 Debug: Saved account list to "accounts.json" (unknown:0)
  3389.424 Warning: Profile "48811bf6bbfb3fa9b08745fc8cfae90e" is no longer in use. (unknown:0)
