[14:48:07] [Client thread/INFO]: Setting user: khanhnotbruh
[14:48:13] [Client thread/INFO]: LWJGL Version: 2.9.4
[14:48:20] [Client thread/INFO]: Reloading ResourceManager: Default, FMLFileResourcePack:Forge Mod Loader, FMLFileResourcePack:Minecraft Forge, FMLFileResourcePack:MinecraftMod, FMLFileResourcePack:Simple Togglesprint, bedwars.zip
[14:48:22] [Client thread/ERROR]: Couldn't initialize twitch stream
[14:48:23] [Sound Library Loader/INFO]: Starting up SoundSystem...
[14:48:23] [Thread-8/INFO]: Initializing LWJGL OpenAL
[14:48:23] [Thread-8/INFO]: (The LWJGL binding of OpenAL.  For more information, see http://www.lwjgl.org)
[14:48:23] [Thread-8/INFO]: OpenAL initialized.
[14:48:24] [Sound Library Loader/INFO]: Sound engine started
[14:48:31] [Client thread/INFO]: Created: 16x16 textures-atlas
[14:48:34] [Client thread/INFO]: Reloading ResourceManager: Default, FMLFileResourcePack:Forge Mod Loader, FMLFileResourcePack:Minecraft Forge, FMLFileResourcePack:MinecraftMod, FMLFileResourcePack:Simple Togglesprint, bedwars.zip
[14:48:34] [Client thread/INFO]: SoundSystem shutting down...
[14:48:34] [Client thread/WARN]: Author: Paul Lamb, www.paulscode.com
[14:48:34] [Sound Library Loader/INFO]: Starting up SoundSystem...
[14:48:34] [Thread-10/INFO]: Initializing LWJGL OpenAL
[14:48:34] [Thread-10/INFO]: (The LWJGL binding of OpenAL.  For more information, see http://www.lwjgl.org)
[14:48:34] [Thread-10/INFO]: OpenAL initialized.
[14:48:34] [Sound Library Loader/INFO]: Sound engine started
[14:48:39] [Client thread/INFO]: Created: 1024x512 textures-atlas
[14:48:46] [Client thread/INFO]: Connecting to blaze.3fmc.com., 25565
[14:48:50] [Client thread/INFO]: [CHAT] ➜ Hãy đăng nhập bằng lệnh /login <mật khẩu>
[14:48:54] [Client thread/INFO]: [CHAT] ➜ Hãy đăng nhập bằng lệnh /login <mật khẩu>
[14:48:56] [Client thread/INFO]: [CHAT] ✔ Đăng nhập thành công!
[14:51:18] [Client thread/INFO]: [CHAT] -----------------------------------------------------
[14:51:18] [Client thread/INFO]: [CHAT] 
[14:51:18] [Client thread/INFO]: [CHAT]                 MAKE 3F GREAT AGAIN
[14:51:18] [Client thread/INFO]: [CHAT]     Facebook https://fb.com/groups/LeagueOf3F
[14:51:18] [Client thread/INFO]: [CHAT]     Discord https://discord.gg/Zehw9wP
[14:51:18] [Client thread/INFO]: [CHAT]            
[14:51:18] [Client thread/INFO]: [CHAT] -----------------------------------------------------
[14:51:26] [Client thread/INFO]: [CHAT] 
[3FMC] Bạn cảm thấy chán khi chơi Bed Wars?
Hãy thử khám phá chế độ Sky Free và Gen Tycoon nhé!

[14:52:14] [Client thread/INFO]: [CHAT] BAN > CheeseTheSylveon đã ban windowsfixlag vĩnh viễn vì Sử dụng hack
[14:52:14] [Client thread/INFO]: [CHAT] BAN > CheeseTheSylveon đã ban DauTuVaoMixi vĩnh viễn vì Sử dụng hack
[14:52:58] [Client thread/INFO]: [CHAT] Lệnh này không tồn tại.
[14:53:21] [Client thread/INFO]: [CHAT] »»» MVP++ Tangie_YG đã vào server «««
[14:53:22] [Client thread/INFO]: [CHAT] Bạn đã nhận quà: Rương Bí Ẩn
[14:53:22] [Client thread/INFO]: [CHAT] Bạn đã nhận được 1 rương bí ẩn từ CONSOLE.
[14:53:22] [Client thread/INFO]: [CHAT] »»» MVP+ Lynnr_ đã vào server «««
[14:53:22] [Client thread/INFO]: [CHAT] Bạn đã nhận quà: 20 Coins
[14:53:22] [Client thread/INFO]: [CHAT] 20 Coins đã được thêm vào tài khoản của bạn.
[14:53:23] [Client thread/INFO]: [CHAT] Yêu cầu rank VIP để nhận phần quà này!
[14:53:38] [Client thread/INFO]: [CHAT] ▄▄▄▄▄▄▄▄▄▄▄▄▄▄▄▄▄▄
[14:53:38] [Client thread/INFO]: [CHAT]              Rương Bí Ẩn
[14:53:38] [Client thread/INFO]: [CHAT] 
[14:53:38] [Client thread/INFO]: [CHAT]   Bạn đã mở rương và nhận được
[14:53:38] [Client thread/INFO]: [CHAT]   §71x §a§lCommon Spooderman Suit Boots
[14:53:38] [Client thread/INFO]: [CHAT]   §720x §a§lPet Items
[14:53:38] [Client thread/INFO]: [CHAT] 
[14:53:38] [Client thread/INFO]: [CHAT] ▄▄▄▄▄▄▄▄▄▄▄▄▄▄▄▄▄▄
[14:54:07] [Client thread/INFO]: [CHAT] 
Phòng chơi E13 Aquarium 4v4v4v4 đang cần thêm người (10/16)
[CLICK ĐỂ THAM GIA]

[14:55:19] [Client thread/INFO]: [CHAT] Không có phòng chơi nào để vào lại!
[14:55:35] [Client thread/INFO]: [CHAT] Bạn đang theo dõi phòng Lighthouse.
[14:55:35] [Client thread/INFO]: [CHAT] Rời phòng chơi bất cứ lúc nào bằng lệnh /leave.
[14:55:40] [Client thread/INFO]: [CHAT] -----------------------------------------------------
[14:55:40] [Client thread/INFO]: [CHAT] 
[14:55:40] [Client thread/INFO]: [CHAT]                 MAKE 3F GREAT AGAIN
[14:55:40] [Client thread/INFO]: [CHAT]     Facebook https://fb.com/groups/LeagueOf3F
[14:55:40] [Client thread/INFO]: [CHAT]     Discord https://discord.gg/Zehw9wP
[14:55:40] [Client thread/INFO]: [CHAT]            
[14:55:40] [Client thread/INFO]: [CHAT] -----------------------------------------------------
[14:55:45] [Client thread/INFO]: [CHAT] » ngunhucho333 đang mở Rương Bí Ẩn!
[14:55:51] [Client thread/INFO]: [CHAT] §b» §engunhucho333 §7đã nhận được §aCommon Chocolate Donut Hat§7!
[14:56:19] [Client thread/INFO]: [CHAT] 
Phòng chơi G22 Pharaoh 4v4v4v4 đang cần thêm người (7/16)
[CLICK ĐỂ THAM GIA]

[14:56:51] [Client thread/INFO]: [CHAT] 
Phòng chơi C44 Gateway Solo đang cần thêm người (3/8)
[CLICK ĐỂ THAM GIA]

[14:57:24] [Client thread/INFO]: [CHAT] » HUYPC4 đang mở Rương Bí Ẩn!
[14:57:25] [Client thread/INFO]: [CHAT] §b» §eHUYPC4 §7đã nhận được §6Legendary Witch Spell Particle§7!
[14:57:33] [Client thread/INFO]: [CHAT] » HUYPC4 đang mở Rương Bí Ẩn!
[14:57:34] [Client thread/INFO]: [CHAT] §b» §eHUYPC4 §7đã nhận được §9Rare Sheep: Lime§7!
[14:57:37] [Client thread/INFO]: [CHAT] » HUYPC4 đang mở Rương Bí Ẩn!
[14:57:38] [Client thread/INFO]: [CHAT] §b» §eHUYPC4 §7đã nhận được §aCommon Ferret Hat§7!
[14:57:45] [Client thread/INFO]: [CHAT] » HUYPC4 đang mở Rương Bí Ẩn!
[14:57:46] [Client thread/INFO]: [CHAT] §b» §eHUYPC4 §7đã nhận được §9Rare Ninja Suit Leggings§7!
[14:57:49] [Client thread/INFO]: [CHAT] » HUYPC4 đang mở Rương Bí Ẩn!
[14:57:50] [Client thread/INFO]: [CHAT] §b» §eHUYPC4 §7đã nhận được §9Rare Fire Trail Gadget§7!
[14:58:20] [Client thread/INFO]: [CHAT] con không có mặt tại đây!
[14:59:23] [Client thread/INFO]: [CHAT] con không có mặt tại đây!
[14:59:24] [Client thread/INFO]: [CHAT] con không có mặt tại đây!
[14:59:32] [Client thread/INFO]: [CHAT] con không có mặt tại đây!
[14:59:34] [Client thread/INFO]: [CHAT] con không có mặt tại đây!
[14:59:45] [Client thread/INFO]: [CHAT] con không có mặt tại đây!
[14:59:47] [Client thread/INFO]: [CHAT] ConChoTruongGay đã ở trong party của bạn rồi!
[14:59:53] [Client thread/WARN]: Unable to play unknown soundEvent: minecraft:3fmc.bedwars.game.join
[14:59:53] [Client thread/INFO]: [CHAT] khanhnotbruh đã vào trận đấu (3/8)!
[14:59:53] [Client thread/WARN]: Unable to play unknown soundEvent: minecraft:3fmc.bedwars.game.join
[14:59:53] [Client thread/INFO]: [CHAT] ConChoTruongGay đã vào trận đấu (4/8)!
[15:00:01] [Client thread/FATAL]: Error executing task
java.util.concurrent.ExecutionException: java.lang.NullPointerException
	at java.util.concurrent.FutureTask.report(FutureTask.java:122) ~[?:1.8.0_202]
	at java.util.concurrent.FutureTask.get(FutureTask.java:192) ~[?:1.8.0_202]
	at net.minecraft.util.Util.func_181617_a(Util.java:20) [g.class:?]
	at net.minecraft.client.Minecraft.func_71411_J(Minecraft.java:1014) [ave.class:?]
	at net.minecraft.client.Minecraft.func_99999_d(Minecraft.java:349) [ave.class:?]
	at net.minecraft.client.main.Main.main(SourceFile:124) [Main.class:?]
	at sun.reflect.NativeMethodAccessorImpl.invoke0(Native Method) ~[?:1.8.0_202]
	at sun.reflect.NativeMethodAccessorImpl.invoke(NativeMethodAccessorImpl.java:62) ~[?:1.8.0_202]
	at sun.reflect.DelegatingMethodAccessorImpl.invoke(DelegatingMethodAccessorImpl.java:43) ~[?:1.8.0_202]
	at java.lang.reflect.Method.invoke(Method.java:498) ~[?:1.8.0_202]
	at net.minecraft.launchwrapper.Launch.launch(Launch.java:135) [launchwrapper-1.12.jar:?]
	at net.minecraft.launchwrapper.Launch.main(Launch.java:28) [launchwrapper-1.12.jar:?]
	at org.prismlauncher.launcher.impl.StandardLauncher.launch(StandardLauncher.java:115) [NewLaunch.jar:?]
	at org.prismlauncher.EntryPoint.listen(EntryPoint.java:129) [NewLaunch.jar:?]
	at org.prismlauncher.EntryPoint.main(EntryPoint.java:70) [NewLaunch.jar:?]
Caused by: java.lang.NullPointerException
	at net.minecraft.client.network.NetHandlerPlayClient.func_147237_a(NetHandlerPlayClient.java:484) ~[bcy.class:?]
	at net.minecraft.network.play.server.S0CPacketSpawnPlayer.func_148833_a(SourceFile:75) ~[fp.class:?]
	at net.minecraft.network.play.server.S0CPacketSpawnPlayer.func_148833_a(SourceFile:16) ~[fp.class:?]
	at net.minecraft.network.PacketThreadUtil$1.run(PacketThreadUtil.java:22) ~[fh$1.class:?]
	at java.util.concurrent.Executors$RunnableAdapter.call(Executors.java:511) ~[?:1.8.0_202]
	at java.util.concurrent.FutureTask.run(FutureTask.java:266) ~[?:1.8.0_202]
	at net.minecraft.util.Util.func_181617_a(Util.java:19) ~[g.class:?]
	... 12 more
[15:00:01] [Client thread/WARN]: Unable to play unknown soundEvent: minecraft:3fmc.bedwars.game.join
[15:00:01] [Client thread/INFO]: [CHAT] minhan244 đã vào trận đấu (5/8)!
[15:00:13] [Client thread/FATAL]: Error executing task
java.util.concurrent.ExecutionException: java.lang.NullPointerException
	at java.util.concurrent.FutureTask.report(FutureTask.java:122) ~[?:1.8.0_202]
	at java.util.concurrent.FutureTask.get(FutureTask.java:192) ~[?:1.8.0_202]
	at net.minecraft.util.Util.func_181617_a(Util.java:20) [g.class:?]
	at net.minecraft.client.Minecraft.func_71411_J(Minecraft.java:1014) [ave.class:?]
	at net.minecraft.client.Minecraft.func_99999_d(Minecraft.java:349) [ave.class:?]
	at net.minecraft.client.main.Main.main(SourceFile:124) [Main.class:?]
	at sun.reflect.NativeMethodAccessorImpl.invoke0(Native Method) ~[?:1.8.0_202]
	at sun.reflect.NativeMethodAccessorImpl.invoke(NativeMethodAccessorImpl.java:62) ~[?:1.8.0_202]
	at sun.reflect.DelegatingMethodAccessorImpl.invoke(DelegatingMethodAccessorImpl.java:43) ~[?:1.8.0_202]
	at java.lang.reflect.Method.invoke(Method.java:498) ~[?:1.8.0_202]
	at net.minecraft.launchwrapper.Launch.launch(Launch.java:135) [launchwrapper-1.12.jar:?]
	at net.minecraft.launchwrapper.Launch.main(Launch.java:28) [launchwrapper-1.12.jar:?]
	at org.prismlauncher.launcher.impl.StandardLauncher.launch(StandardLauncher.java:115) [NewLaunch.jar:?]
	at org.prismlauncher.EntryPoint.listen(EntryPoint.java:129) [NewLaunch.jar:?]
	at org.prismlauncher.EntryPoint.main(EntryPoint.java:70) [NewLaunch.jar:?]
Caused by: java.lang.NullPointerException
	at net.minecraft.network.play.server.S0CPacketSpawnPlayer.func_148944_c(SourceFile:80) ~[fp.class:?]
	at net.minecraft.client.network.NetHandlerPlayClient.func_147237_a(NetHandlerPlayClient.java:501) ~[bcy.class:?]
	at net.minecraft.network.play.server.S0CPacketSpawnPlayer.func_148833_a(SourceFile:75) ~[fp.class:?]
	at net.minecraft.network.play.server.S0CPacketSpawnPlayer.func_148833_a(SourceFile:16) ~[fp.class:?]
	at net.minecraft.network.PacketThreadUtil$1.run(PacketThreadUtil.java:22) ~[fh$1.class:?]
	at java.util.concurrent.Executors$RunnableAdapter.call(Executors.java:511) ~[?:1.8.0_202]
	at java.util.concurrent.FutureTask.run(FutureTask.java:266) ~[?:1.8.0_202]
	at net.minecraft.util.Util.func_181617_a(Util.java:19) ~[g.class:?]
	... 12 more
[15:00:13] [Client thread/WARN]: Unable to play unknown soundEvent: minecraft:entity.player.small_fall
[15:00:50] [Client thread/FATAL]: Error executing task
java.util.concurrent.ExecutionException: java.lang.NullPointerException
	at java.util.concurrent.FutureTask.report(FutureTask.java:122) ~[?:1.8.0_202]
	at java.util.concurrent.FutureTask.get(FutureTask.java:192) ~[?:1.8.0_202]
	at net.minecraft.util.Util.func_181617_a(Util.java:20) [g.class:?]
	at net.minecraft.client.Minecraft.func_71411_J(Minecraft.java:1014) [ave.class:?]
	at net.minecraft.client.Minecraft.func_99999_d(Minecraft.java:349) [ave.class:?]
	at net.minecraft.client.main.Main.main(SourceFile:124) [Main.class:?]
	at sun.reflect.NativeMethodAccessorImpl.invoke0(Native Method) ~[?:1.8.0_202]
	at sun.reflect.NativeMethodAccessorImpl.invoke(NativeMethodAccessorImpl.java:62) ~[?:1.8.0_202]
	at sun.reflect.DelegatingMethodAccessorImpl.invoke(DelegatingMethodAccessorImpl.java:43) ~[?:1.8.0_202]
	at java.lang.reflect.Method.invoke(Method.java:498) ~[?:1.8.0_202]
	at net.minecraft.launchwrapper.Launch.launch(Launch.java:135) [launchwrapper-1.12.jar:?]
	at net.minecraft.launchwrapper.Launch.main(Launch.java:28) [launchwrapper-1.12.jar:?]
	at org.prismlauncher.launcher.impl.StandardLauncher.launch(StandardLauncher.java:115) [NewLaunch.jar:?]
	at org.prismlauncher.EntryPoint.listen(EntryPoint.java:129) [NewLaunch.jar:?]
	at org.prismlauncher.EntryPoint.main(EntryPoint.java:70) [NewLaunch.jar:?]
Caused by: java.lang.NullPointerException
	at net.minecraft.client.network.NetHandlerPlayClient.func_147237_a(NetHandlerPlayClient.java:484) ~[bcy.class:?]
	at net.minecraft.network.play.server.S0CPacketSpawnPlayer.func_148833_a(SourceFile:75) ~[fp.class:?]
	at net.minecraft.network.play.server.S0CPacketSpawnPlayer.func_148833_a(SourceFile:16) ~[fp.class:?]
	at net.minecraft.network.PacketThreadUtil$1.run(PacketThreadUtil.java:22) ~[fh$1.class:?]
	at java.util.concurrent.Executors$RunnableAdapter.call(Executors.java:511) ~[?:1.8.0_202]
	at java.util.concurrent.FutureTask.run(FutureTask.java:266) ~[?:1.8.0_202]
	at net.minecraft.util.Util.func_181617_a(Util.java:19) ~[g.class:?]
	... 12 more
[15:00:50] [Client thread/WARN]: Unable to play unknown soundEvent: minecraft:3fmc.bedwars.game.join
[15:00:50] [Client thread/INFO]: [CHAT] E_FanMisthy_F đã vào trận đấu (6/8)!
[15:00:50] [Client thread/INFO]: [CHAT] Trận đấu sẽ bắt đầu sau 10 giây!
[15:00:55] [Client thread/INFO]: [CHAT] Trận đấu sẽ bắt đầu sau 5 giây!
[15:00:56] [Client thread/INFO]: [CHAT] Trận đấu sẽ bắt đầu sau 4 giây!
[15:00:57] [Client thread/INFO]: [CHAT] Trận đấu sẽ bắt đầu sau 3 giây!
[15:00:58] [Client thread/INFO]: [CHAT] Trận đấu sẽ bắt đầu sau 2 giây!
[15:00:59] [Client thread/INFO]: [CHAT] Trận đấu sẽ bắt đầu sau 1 giây!
[15:01:00] [Client thread/INFO]: [CHAT] ▬▬▬▬▬▬▬▬▬▬▬▬▬▬▬▬▬▬▬▬▬▬▬▬▬▬▬▬▬▬▬▬▬▬▬▬▬▬▬▬▬▬▬▬▬▬▬▬▬▬▬▬▬▬▬▬▬▬▬▬▬▬▬▬▬▬▬▬▬▬▬▬▬▬▬
[15:01:00] [Client thread/INFO]: [CHAT]                                    BedWars
[15:01:00] [Client thread/INFO]: [CHAT] 
[15:01:00] [Client thread/INFO]: [CHAT]      Bảo vệ giường của bạn và phá giường của
[15:01:00] [Client thread/INFO]: [CHAT]      đối thủ. Nâng cấp vũ khí và trang bị bằng
[15:01:00] [Client thread/INFO]: [CHAT]      cách thu thập các tài nguyên.
[15:01:00] [Client thread/INFO]: [CHAT] 
[15:01:00] [Client thread/INFO]: [CHAT] ▬▬▬▬▬▬▬▬▬▬▬▬▬▬▬▬▬▬▬▬▬▬▬▬▬▬▬▬▬▬▬▬▬▬▬▬▬▬▬▬▬▬▬▬▬▬▬▬▬▬▬▬▬▬▬▬▬▬▬▬▬▬▬▬▬▬▬▬▬▬▬▬▬▬▬
[15:01:00] [Client thread/WARN]: Unable to play unknown soundEvent: minecraft:3fmc.bedwars.game.start
[15:01:13] [Client thread/WARN]: Unable to play unknown soundEvent: minecraft:3fmc.bedwars.shop.item
[15:01:13] [Client thread/INFO]: [CHAT] Bạn đã mua Wool
[15:01:13] [Client thread/WARN]: Unable to play unknown soundEvent: minecraft:3fmc.bedwars.shop.item
[15:01:13] [Client thread/INFO]: [CHAT] Bạn đã mua Wool
[15:01:13] [Client thread/WARN]: Unable to play unknown soundEvent: minecraft:3fmc.bedwars.shop.item
[15:01:13] [Client thread/INFO]: [CHAT] Bạn đã mua Wool
[15:01:13] [Client thread/INFO]: [CHAT] Không đủ tài nguyên! Bạn cần thêm 4 Iron nữa!
[15:01:14] [Client thread/INFO]: [CHAT] Không đủ tài nguyên! Bạn cần thêm 4 Iron nữa!
[15:01:26] [Client thread/INFO]: [CHAT] 
[3FMC] Nếu bạn cảm thấy lag, hãy donate để máy chủ tiếp tục duy trì và phát triển!

[15:01:30] [Client thread/INFO]: [CHAT] khanhnotbruh đã rơi xuống void.
[15:01:32] [Client thread/INFO]: [CHAT] Bạn sẽ hồi sinh sau 5 giây!
[15:01:32] [Client thread/WARN]: Unable to play unknown soundEvent: minecraft:3fmc.bedwars.death
[15:01:32] [Client thread/INFO]: [CHAT] Bạn sẽ hồi sinh sau 4 giây!
[15:01:33] [Client thread/INFO]: [CHAT] Bạn sẽ hồi sinh sau 3 giây!
[15:01:34] [Client thread/INFO]: [CHAT] Bạn sẽ hồi sinh sau 2 giây!
[15:01:35] [Client thread/INFO]: [CHAT] Bạn sẽ hồi sinh sau 1 giây!
[15:01:36] [Client thread/WARN]: Unable to play unknown soundEvent: minecraft:3fmc.bedwars.respawn
[15:01:41] [Client thread/WARN]: Unable to play unknown soundEvent: minecraft:3fmc.bedwars.shop.item
[15:01:41] [Client thread/INFO]: [CHAT] Bạn đã mua Permanent Shears
[15:01:44] [Client thread/WARN]: Unable to play unknown soundEvent: minecraft:3fmc.bedwars.shop.item
[15:01:44] [Client thread/INFO]: [CHAT] Bạn đã mua Wool
[15:01:44] [Client thread/WARN]: Unable to play unknown soundEvent: minecraft:3fmc.bedwars.shop.item
[15:01:44] [Client thread/INFO]: [CHAT] Bạn đã mua Wool
[15:01:44] [Client thread/INFO]: [CHAT] Không đủ tài nguyên! Bạn cần thêm 1 Iron nữa!
[15:01:45] [Client thread/WARN]: Unable to play unknown soundEvent: minecraft:3fmc.bedwars.bedbreak
[15:01:45] [Client thread/INFO]: [CHAT]  
[15:01:45] [Client thread/INFO]: [CHAT] BED > White Bed đã bị phá bởi E_FanMisthy_F!
[15:01:45] [Client thread/INFO]: [CHAT]  
[15:01:48] [Client thread/INFO]: [CHAT] [165✩] [WHITE] BadFeeling: ?
[15:01:53] [Client thread/INFO]: [CHAT] E_FanMisthy_F đã rơi xuống void.
[15:01:55] [Client thread/INFO]: [CHAT] minhan244 đã bị đẩy xuống void bởi ConChoTruongGay.
[15:02:00] [Client thread/INFO]: [CHAT] +20 điểm kinh nghiệm (Thời gian chơi).
[15:02:11] [Client thread/WARN]: Unable to play unknown soundEvent: minecraft:3fmc.bedwars.bedbreak
[15:02:11] [Client thread/INFO]: [CHAT]  
[15:02:11] [Client thread/INFO]: [CHAT] BED > Blue Bed đã bị phá bởi ConChoTruongGay!
[15:02:11] [Client thread/INFO]: [CHAT]  
[15:02:12] [Client thread/INFO]: [CHAT] ConChoTruongGay đã bị giết bởi minhan244.
[15:02:18] [Client thread/INFO]: [CHAT] khanhnotbruh đã rơi xuống void.
[15:02:19] [Client thread/INFO]: [CHAT] Bạn sẽ hồi sinh sau 5 giây!
[15:02:20] [Client thread/WARN]: Unable to play unknown soundEvent: minecraft:3fmc.bedwars.death
[15:02:20] [Client thread/INFO]: [CHAT] Bạn sẽ hồi sinh sau 4 giây!
[15:02:21] [Client thread/INFO]: [CHAT] Bạn sẽ hồi sinh sau 3 giây!
[15:02:22] [Client thread/INFO]: [CHAT] Bạn sẽ hồi sinh sau 2 giây!
[15:02:22] [Client thread/INFO]: [CHAT] BadFeeling đã thoát trận khi đang chiến đấu với E_FanMisthy_F. FINAL KILL!
[15:02:22] [Client thread/INFO]: [CHAT] BadFeeling đã thoát trận đấu!
[15:02:23] [Client thread/INFO]: [CHAT] Bạn sẽ hồi sinh sau 1 giây!
[15:02:24] [Client thread/WARN]: Unable to play unknown soundEvent: minecraft:3fmc.bedwars.respawn
[15:02:27] [Client thread/WARN]: Unable to play unknown soundEvent: minecraft:3fmc.bedwars.shop.item
[15:02:27] [Client thread/INFO]: [CHAT] Bạn đã mua Stone Sword
[15:02:33] [Client thread/WARN]: Unable to play unknown soundEvent: minecraft:3fmc.bedwars.shop.item
[15:02:33] [Client thread/INFO]: [CHAT] Bạn đã mua Permanent Iron Armor
[15:02:38] [Client thread/WARN]: Unable to play unknown soundEvent: minecraft:3fmc.bedwars.shop.item
[15:02:38] [Client thread/INFO]: [CHAT] Bạn đã mua Wool
[15:02:38] [Client thread/WARN]: Unable to play unknown soundEvent: minecraft:3fmc.bedwars.shop.item
[15:02:38] [Client thread/INFO]: [CHAT] Bạn đã mua Wool
[15:02:38] [Client thread/WARN]: Unable to play unknown soundEvent: minecraft:3fmc.bedwars.shop.item
[15:02:38] [Client thread/INFO]: [CHAT] Bạn đã mua Wool
[15:02:39] [Client thread/WARN]: Unable to play unknown soundEvent: minecraft:3fmc.bedwars.shop.item
[15:02:39] [Client thread/INFO]: [CHAT] Bạn đã mua Wool
[15:02:41] [Client thread/INFO]: [CHAT] NgocThangNek đã rơi xuống void.
[15:02:46] [Client thread/INFO]: [CHAT] ConChoTruongGay đã bị đẩy xuống void bởi minhan244.
[15:02:46] [Client thread/WARN]: Unable to play unknown soundEvent: minecraft:3fmc.bedwars.bedbreak
[15:02:46] [Client thread/INFO]: [CHAT]  
[15:02:46] [Client thread/INFO]: [CHAT] BED > Red Bed đã bị phá bởi minhan244!
[15:02:46] [Client thread/INFO]: [CHAT]  
[15:02:47] [Client thread/WARN]: Unable to play unknown soundEvent: minecraft:3fmc.bedwars.bedbreak
[15:02:47] [Client thread/INFO]: [CHAT]  
[15:02:47] [Client thread/INFO]: [CHAT] BED > Pink Bed đã bị phá bởi E_FanMisthy_F!
[15:02:47] [Client thread/INFO]: [CHAT]  
[15:02:51] [Client thread/INFO]: [CHAT] NgocThangNek đã bị giết bởi E_FanMisthy_F. FINAL KILL!
[15:02:51] [Client thread/INFO]: [CHAT]  
[15:02:51] [Client thread/INFO]: [CHAT] ELIMINATION > Pink Team đã bị loại khỏi trận đấu!
[15:02:51] [Client thread/INFO]: [CHAT]  
[15:02:58] [Client thread/INFO]: [CHAT] ConChoTruongGay đã bị giết bởi minhan244. FINAL KILL!
[15:02:58] [Client thread/INFO]: [CHAT]  
[15:02:58] [Client thread/INFO]: [CHAT] ELIMINATION > Red Team đã bị loại khỏi trận đấu!
[15:02:58] [Client thread/INFO]: [CHAT]  
[15:03:00] [Client thread/INFO]: [CHAT] +20 điểm kinh nghiệm (Thời gian chơi).
[15:03:19] [Client thread/INFO]: [CHAT] minhan244 đã rơi xuống void. FINAL KILL!
[15:03:19] [Client thread/INFO]: [CHAT]  
[15:03:19] [Client thread/INFO]: [CHAT] ELIMINATION > Blue Team đã bị loại khỏi trận đấu!
[15:03:19] [Client thread/INFO]: [CHAT]  
[15:03:33] [Client thread/INFO]: [CHAT] Bạn đã mua món đó rồi!
[15:03:34] [Client thread/WARN]: Unable to play unknown soundEvent: minecraft:3fmc.bedwars.shop.item
[15:03:34] [Client thread/INFO]: [CHAT] Bạn đã mua Iron Sword
[15:03:36] [Client thread/WARN]: Unable to play unknown soundEvent: minecraft:3fmc.bedwars.shop.item
[15:03:36] [Client thread/INFO]: [CHAT] Bạn đã mua Fireball
[15:03:36] [Client thread/WARN]: Unable to play unknown soundEvent: minecraft:3fmc.bedwars.shop.item
[15:03:36] [Client thread/INFO]: [CHAT] Bạn đã mua Wool
[15:03:36] [Client thread/WARN]: Unable to play unknown soundEvent: minecraft:3fmc.bedwars.shop.item
[15:03:36] [Client thread/INFO]: [CHAT] Bạn đã mua Wool
[15:03:37] [Client thread/INFO]: [CHAT] Không đủ tài nguyên! Bạn cần thêm 4 Iron nữa!
[15:03:37] [Client thread/INFO]: [CHAT] Không đủ tài nguyên! Bạn cần thêm 4 Iron nữa!
[15:03:37] [Client thread/INFO]: [CHAT] Không đủ tài nguyên! Bạn cần thêm 4 Iron nữa!
[15:03:39] [Client thread/WARN]: Unable to play unknown soundEvent: minecraft:3fmc.bedwars.shop.item
[15:03:39] [Client thread/INFO]: [CHAT] Bạn đã mua Golden Apple
[15:03:39] [Client thread/WARN]: Unable to play unknown soundEvent: minecraft:3fmc.bedwars.shop.item
[15:03:39] [Client thread/INFO]: [CHAT] Bạn đã mua Golden Apple
[15:03:40] [Client thread/INFO]: [CHAT] Không đủ tài nguyên! Bạn cần thêm 3 Gold nữa!
[15:03:40] [Client thread/INFO]: [CHAT] Không đủ tài nguyên! Bạn cần thêm 3 Gold nữa!
[15:03:40] [Client thread/INFO]: [CHAT] Không đủ tài nguyên! Bạn cần thêm 3 Gold nữa!
[15:03:40] [Client thread/INFO]: [CHAT] Không đủ tài nguyên! Bạn cần thêm 3 Gold nữa!
[15:03:57] [Client thread/INFO]: [CHAT] +10 điểm kinh nghiệm (Phá Giường).
[15:03:57] [Client thread/WARN]: Unable to play unknown soundEvent: minecraft:3fmc.bedwars.bedbreak
[15:03:57] [Client thread/INFO]: [CHAT]  
[15:03:57] [Client thread/INFO]: [CHAT] BED > Aqua Bed đã bị phá bởi khanhnotbruh!
[15:03:57] [Client thread/INFO]: [CHAT]  
[15:04:00] [Client thread/INFO]: [CHAT] +20 điểm kinh nghiệm (Thời gian chơi).
[15:04:02] [Client thread/WARN]: Unable to play unknown soundEvent: minecraft:3fmc.bedwars.shop.item
[15:04:02] [Client thread/INFO]: [CHAT] Bạn đã mua Fireball
[15:04:02] [Client thread/INFO]: [CHAT] Không đủ tài nguyên! Bạn cần thêm 32 Iron nữa!
[15:04:02] [Client thread/INFO]: [CHAT] Không đủ tài nguyên! Bạn cần thêm 32 Iron nữa!
[15:04:02] [Client thread/INFO]: [CHAT] Không đủ tài nguyên! Bạn cần thêm 32 Iron nữa!
[15:04:03] [Client thread/WARN]: Unable to play unknown soundEvent: minecraft:3fmc.bedwars.shop.item
[15:04:03] [Client thread/INFO]: [CHAT] Bạn đã mua Golden Apple
[15:04:03] [Client thread/WARN]: Unable to play unknown soundEvent: minecraft:3fmc.bedwars.shop.item
[15:04:03] [Client thread/INFO]: [CHAT] Bạn đã mua Golden Apple
[15:04:03] [Client thread/WARN]: Unable to play unknown soundEvent: minecraft:3fmc.bedwars.shop.item
[15:04:03] [Client thread/INFO]: [CHAT] Bạn đã mua Golden Apple
[15:04:03] [Client thread/WARN]: Unable to play unknown soundEvent: minecraft:3fmc.bedwars.shop.item
[15:04:03] [Client thread/INFO]: [CHAT] Bạn đã mua Golden Apple
[15:04:03] [Client thread/WARN]: Unable to play unknown soundEvent: minecraft:3fmc.bedwars.shop.item
[15:04:03] [Client thread/INFO]: [CHAT] Bạn đã mua Golden Apple
[15:04:03] [Client thread/INFO]: [CHAT] Không đủ tài nguyên! Bạn cần thêm 2 Gold nữa!
[15:04:04] [Client thread/WARN]: Unable to play unknown soundEvent: minecraft:3fmc.bedwars.bedbreak
[15:04:04] [Client thread/INFO]: [CHAT]  
[15:04:04] [Client thread/INFO]: [CHAT] BED > Giường của bạn đã bị phá bởi E_FanMisthy_F!
[15:04:04] [Client thread/INFO]: [CHAT]  
[15:04:37] [Client thread/WARN]: Unable to play unknown soundEvent: minecraft:3fmc.bedwars.shop.upgrade
[15:04:37] [Client thread/INFO]: [CHAT] khanhnotbruh đã mua Reinforced Armor I
[15:04:50] [Client thread/INFO]: [CHAT] E_FanMisthy_F còn lại 18.9 HP!
[15:04:53] [Client thread/INFO]: [CHAT] +10 điểm kinh nghiệm (Final Kill).
[15:04:53] [Client thread/WARN]: Unable to play unknown soundEvent: minecraft:3fmc.bedwars.finalkill
[15:04:53] [Client thread/INFO]: [CHAT] E_FanMisthy_F đã bị đẩy xuống void bởi khanhnotbruh. FINAL KILL!
[15:04:53] [Client thread/INFO]: [CHAT]  
[15:04:53] [Client thread/INFO]: [CHAT] ELIMINATION > Aqua Team đã bị loại khỏi trận đấu!
[15:04:53] [Client thread/INFO]: [CHAT]  
[15:04:55] [Client thread/INFO]: [CHAT] Gray đã chiến thắng!
[15:04:55] [Client thread/INFO]: [CHAT] ▬▬▬▬▬▬▬▬▬▬▬▬▬▬▬▬▬▬▬▬▬▬▬▬▬▬▬▬▬▬▬▬▬▬▬▬▬▬▬▬▬▬▬▬▬▬▬▬▬▬▬▬▬▬▬▬▬▬▬▬▬▬▬▬▬▬▬▬▬▬▬▬▬▬▬
[15:04:55] [Client thread/INFO]: [CHAT]                                    BedWars
[15:04:55] [Client thread/INFO]: [CHAT] 
[15:04:55] [Client thread/INFO]: [CHAT]                            Gray - khanhnotbruh
[15:04:55] [Client thread/INFO]: [CHAT] 
[15:04:55] [Client thread/INFO]: [CHAT] 
[15:04:55] [Client thread/INFO]: [CHAT]                     Top 1 Kill: minhan244 - 3
[15:04:55] [Client thread/INFO]: [CHAT]                     Top 2 Kill: E_FanMisthy_F - 2
[15:04:55] [Client thread/INFO]: [CHAT]                     Top 3 Kill: ConChoTruongGay - 1
[15:04:55] [Client thread/INFO]: [CHAT] 
[15:04:55] [Client thread/INFO]: [CHAT] ▬▬▬▬▬▬▬▬▬▬▬▬▬▬▬▬▬▬▬▬▬▬▬▬▬▬▬▬▬▬▬▬▬▬▬▬▬▬▬▬▬▬▬▬▬▬▬▬▬▬▬▬▬▬▬▬▬▬▬▬▬▬▬▬▬▬▬▬▬▬▬▬▬▬▬
[15:04:55] [Client thread/INFO]: [CHAT] +100 điểm kinh nghiệm (Chiến Thắng).
[15:04:55] [Client thread/WARN]: Unable to play unknown soundEvent: minecraft:3fmc.bedwars.game.win
[15:05:05] [Client thread/INFO]: [CHAT] You are already trying to connect to a server!
[15:05:06] [Client thread/INFO]: [CHAT] -----------------------------------------------------
[15:05:06] [Client thread/INFO]: [CHAT] 
[15:05:06] [Client thread/INFO]: [CHAT]                 MAKE 3F GREAT AGAIN
[15:05:06] [Client thread/INFO]: [CHAT]     Facebook https://fb.com/groups/LeagueOf3F
[15:05:06] [Client thread/INFO]: [CHAT]     Discord https://discord.gg/Zehw9wP
[15:05:06] [Client thread/INFO]: [CHAT]            
[15:05:06] [Client thread/INFO]: [CHAT] -----------------------------------------------------
[15:05:07] [Client thread/INFO]: [CHAT] 
[15:05:07] [Client thread/INFO]: [CHAT] Phần thưởng Chiến Thắng
[15:05:07] [Client thread/INFO]: [CHAT] + 10 Coins
[15:05:11] [Client thread/INFO]: [CHAT] -----------------------------------------------------
[15:05:11] [Client thread/INFO]: [CHAT] 
[15:05:11] [Client thread/INFO]: [CHAT]                 MAKE 3F GREAT AGAIN
[15:05:11] [Client thread/INFO]: [CHAT]     Facebook https://fb.com/groups/LeagueOf3F
[15:05:11] [Client thread/INFO]: [CHAT]     Discord https://discord.gg/Zehw9wP
[15:05:11] [Client thread/INFO]: [CHAT]            
[15:05:11] [Client thread/INFO]: [CHAT] -----------------------------------------------------
[15:05:17] [Client thread/WARN]: Unable to play unknown soundEvent: minecraft:3fmc.bedwars.game.join
[15:05:17] [Client thread/INFO]: [CHAT] khanhnotbruh đã vào trận đấu (3/8)!
[15:05:38] [Client thread/FATAL]: Error executing task
java.util.concurrent.ExecutionException: java.lang.NullPointerException
	at java.util.concurrent.FutureTask.report(FutureTask.java:122) ~[?:1.8.0_202]
	at java.util.concurrent.FutureTask.get(FutureTask.java:192) ~[?:1.8.0_202]
	at net.minecraft.util.Util.func_181617_a(Util.java:20) [g.class:?]
	at net.minecraft.client.Minecraft.func_71411_J(Minecraft.java:1014) [ave.class:?]
	at net.minecraft.client.Minecraft.func_99999_d(Minecraft.java:349) [ave.class:?]
	at net.minecraft.client.main.Main.main(SourceFile:124) [Main.class:?]
	at sun.reflect.NativeMethodAccessorImpl.invoke0(Native Method) ~[?:1.8.0_202]
	at sun.reflect.NativeMethodAccessorImpl.invoke(NativeMethodAccessorImpl.java:62) ~[?:1.8.0_202]
	at sun.reflect.DelegatingMethodAccessorImpl.invoke(DelegatingMethodAccessorImpl.java:43) ~[?:1.8.0_202]
	at java.lang.reflect.Method.invoke(Method.java:498) ~[?:1.8.0_202]
	at net.minecraft.launchwrapper.Launch.launch(Launch.java:135) [launchwrapper-1.12.jar:?]
	at net.minecraft.launchwrapper.Launch.main(Launch.java:28) [launchwrapper-1.12.jar:?]
	at org.prismlauncher.launcher.impl.StandardLauncher.launch(StandardLauncher.java:115) [NewLaunch.jar:?]
	at org.prismlauncher.EntryPoint.listen(EntryPoint.java:129) [NewLaunch.jar:?]
	at org.prismlauncher.EntryPoint.main(EntryPoint.java:70) [NewLaunch.jar:?]
Caused by: java.lang.NullPointerException
	at net.minecraft.client.network.NetHandlerPlayClient.func_147237_a(NetHandlerPlayClient.java:484) ~[bcy.class:?]
	at net.minecraft.network.play.server.S0CPacketSpawnPlayer.func_148833_a(SourceFile:75) ~[fp.class:?]
	at net.minecraft.network.play.server.S0CPacketSpawnPlayer.func_148833_a(SourceFile:16) ~[fp.class:?]
	at net.minecraft.network.PacketThreadUtil$1.run(PacketThreadUtil.java:22) ~[fh$1.class:?]
	at java.util.concurrent.Executors$RunnableAdapter.call(Executors.java:511) ~[?:1.8.0_202]
	at java.util.concurrent.FutureTask.run(FutureTask.java:266) ~[?:1.8.0_202]
	at net.minecraft.util.Util.func_181617_a(Util.java:19) ~[g.class:?]
	... 12 more
[15:05:38] [Client thread/WARN]: Unable to play unknown soundEvent: minecraft:3fmc.bedwars.game.join
[15:05:38] [Client thread/INFO]: [CHAT] shecko đã vào trận đấu (4/8)!
[15:05:42] [Client thread/FATAL]: Error executing task
java.util.concurrent.ExecutionException: java.lang.NullPointerException
	at java.util.concurrent.FutureTask.report(FutureTask.java:122) ~[?:1.8.0_202]
	at java.util.concurrent.FutureTask.get(FutureTask.java:192) ~[?:1.8.0_202]
	at net.minecraft.util.Util.func_181617_a(Util.java:20) [g.class:?]
	at net.minecraft.client.Minecraft.func_71411_J(Minecraft.java:1014) [ave.class:?]
	at net.minecraft.client.Minecraft.func_99999_d(Minecraft.java:349) [ave.class:?]
	at net.minecraft.client.main.Main.main(SourceFile:124) [Main.class:?]
	at sun.reflect.NativeMethodAccessorImpl.invoke0(Native Method) ~[?:1.8.0_202]
	at sun.reflect.NativeMethodAccessorImpl.invoke(NativeMethodAccessorImpl.java:62) ~[?:1.8.0_202]
	at sun.reflect.DelegatingMethodAccessorImpl.invoke(DelegatingMethodAccessorImpl.java:43) ~[?:1.8.0_202]
	at java.lang.reflect.Method.invoke(Method.java:498) ~[?:1.8.0_202]
	at net.minecraft.launchwrapper.Launch.launch(Launch.java:135) [launchwrapper-1.12.jar:?]
	at net.minecraft.launchwrapper.Launch.main(Launch.java:28) [launchwrapper-1.12.jar:?]
	at org.prismlauncher.launcher.impl.StandardLauncher.launch(StandardLauncher.java:115) [NewLaunch.jar:?]
	at org.prismlauncher.EntryPoint.listen(EntryPoint.java:129) [NewLaunch.jar:?]
	at org.prismlauncher.EntryPoint.main(EntryPoint.java:70) [NewLaunch.jar:?]
Caused by: java.lang.NullPointerException
	at net.minecraft.client.network.NetHandlerPlayClient.func_147237_a(NetHandlerPlayClient.java:484) ~[bcy.class:?]
	at net.minecraft.network.play.server.S0CPacketSpawnPlayer.func_148833_a(SourceFile:75) ~[fp.class:?]
	at net.minecraft.network.play.server.S0CPacketSpawnPlayer.func_148833_a(SourceFile:16) ~[fp.class:?]
	at net.minecraft.network.PacketThreadUtil$1.run(PacketThreadUtil.java:22) ~[fh$1.class:?]
	at java.util.concurrent.Executors$RunnableAdapter.call(Executors.java:511) ~[?:1.8.0_202]
	at java.util.concurrent.FutureTask.run(FutureTask.java:266) ~[?:1.8.0_202]
	at net.minecraft.util.Util.func_181617_a(Util.java:19) ~[g.class:?]
	... 12 more
[15:05:42] [Client thread/WARN]: Unable to play unknown soundEvent: minecraft:3fmc.bedwars.game.join
[15:05:42] [Client thread/INFO]: [CHAT] ShadowMc_041 đã vào trận đấu (5/8)!
[15:05:50] [Client thread/FATAL]: Error executing task
java.util.concurrent.ExecutionException: java.lang.NullPointerException
	at java.util.concurrent.FutureTask.report(FutureTask.java:122) ~[?:1.8.0_202]
	at java.util.concurrent.FutureTask.get(FutureTask.java:192) ~[?:1.8.0_202]
	at net.minecraft.util.Util.func_181617_a(Util.java:20) [g.class:?]
	at net.minecraft.client.Minecraft.func_71411_J(Minecraft.java:1014) [ave.class:?]
	at net.minecraft.client.Minecraft.func_99999_d(Minecraft.java:349) [ave.class:?]
	at net.minecraft.client.main.Main.main(SourceFile:124) [Main.class:?]
	at sun.reflect.NativeMethodAccessorImpl.invoke0(Native Method) ~[?:1.8.0_202]
	at sun.reflect.NativeMethodAccessorImpl.invoke(NativeMethodAccessorImpl.java:62) ~[?:1.8.0_202]
	at sun.reflect.DelegatingMethodAccessorImpl.invoke(DelegatingMethodAccessorImpl.java:43) ~[?:1.8.0_202]
	at java.lang.reflect.Method.invoke(Method.java:498) ~[?:1.8.0_202]
	at net.minecraft.launchwrapper.Launch.launch(Launch.java:135) [launchwrapper-1.12.jar:?]
	at net.minecraft.launchwrapper.Launch.main(Launch.java:28) [launchwrapper-1.12.jar:?]
	at org.prismlauncher.launcher.impl.StandardLauncher.launch(StandardLauncher.java:115) [NewLaunch.jar:?]
	at org.prismlauncher.EntryPoint.listen(EntryPoint.java:129) [NewLaunch.jar:?]
	at org.prismlauncher.EntryPoint.main(EntryPoint.java:70) [NewLaunch.jar:?]
Caused by: java.lang.NullPointerException
	at net.minecraft.client.network.NetHandlerPlayClient.func_147237_a(NetHandlerPlayClient.java:484) ~[bcy.class:?]
	at net.minecraft.network.play.server.S0CPacketSpawnPlayer.func_148833_a(SourceFile:75) ~[fp.class:?]
	at net.minecraft.network.play.server.S0CPacketSpawnPlayer.func_148833_a(SourceFile:16) ~[fp.class:?]
	at net.minecraft.network.PacketThreadUtil$1.run(PacketThreadUtil.java:22) ~[fh$1.class:?]
	at java.util.concurrent.Executors$RunnableAdapter.call(Executors.java:511) ~[?:1.8.0_202]
	at java.util.concurrent.FutureTask.run(FutureTask.java:266) ~[?:1.8.0_202]
	at net.minecraft.util.Util.func_181617_a(Util.java:19) ~[g.class:?]
	... 12 more
[15:05:50] [Client thread/WARN]: Unable to play unknown soundEvent: minecraft:3fmc.bedwars.game.join
[15:05:50] [Client thread/INFO]: [CHAT] _SuperTung_ đã vào trận đấu (6/8)!
[15:05:50] [Client thread/INFO]: [CHAT] Trận đấu sẽ bắt đầu sau 10 giây!
[15:05:55] [Client thread/INFO]: [CHAT] Trận đấu sẽ bắt đầu sau 5 giây!
[15:05:56] [Client thread/INFO]: [CHAT] Trận đấu sẽ bắt đầu sau 4 giây!
[15:05:57] [Client thread/INFO]: [CHAT] Trận đấu sẽ bắt đầu sau 3 giây!
[15:05:58] [Client thread/INFO]: [CHAT] Trận đấu sẽ bắt đầu sau 2 giây!
[15:05:59] [Client thread/INFO]: [CHAT] Trận đấu sẽ bắt đầu sau 1 giây!
[15:06:00] [Client thread/INFO]: [CHAT] ▬▬▬▬▬▬▬▬▬▬▬▬▬▬▬▬▬▬▬▬▬▬▬▬▬▬▬▬▬▬▬▬▬▬▬▬▬▬▬▬▬▬▬▬▬▬▬▬▬▬▬▬▬▬▬▬▬▬▬▬▬▬▬▬▬▬▬▬▬▬▬▬▬▬▬
[15:06:00] [Client thread/INFO]: [CHAT]                                    BedWars
[15:06:00] [Client thread/INFO]: [CHAT] 
[15:06:00] [Client thread/INFO]: [CHAT]      Bảo vệ giường của bạn và phá giường của
[15:06:00] [Client thread/INFO]: [CHAT]      đối thủ. Nâng cấp vũ khí và trang bị bằng
[15:06:00] [Client thread/INFO]: [CHAT]      cách thu thập các tài nguyên.
[15:06:00] [Client thread/INFO]: [CHAT] 
[15:06:00] [Client thread/INFO]: [CHAT] ▬▬▬▬▬▬▬▬▬▬▬▬▬▬▬▬▬▬▬▬▬▬▬▬▬▬▬▬▬▬▬▬▬▬▬▬▬▬▬▬▬▬▬▬▬▬▬▬▬▬▬▬▬▬▬▬▬▬▬▬▬▬▬▬▬▬▬▬▬▬▬▬▬▬▬
[15:06:00] [Client thread/WARN]: Unable to play unknown soundEvent: minecraft:3fmc.bedwars.game.start
[15:06:17] [Client thread/WARN]: Unable to play unknown soundEvent: minecraft:3fmc.bedwars.shop.item
[15:06:17] [Client thread/INFO]: [CHAT] Bạn đã mua Wool
[15:06:17] [Client thread/WARN]: Unable to play unknown soundEvent: minecraft:3fmc.bedwars.shop.item
[15:06:17] [Client thread/INFO]: [CHAT] Bạn đã mua Wool
[15:06:18] [Client thread/WARN]: Unable to play unknown soundEvent: minecraft:3fmc.bedwars.shop.item
[15:06:18] [Client thread/INFO]: [CHAT] Bạn đã mua Wool
[15:06:18] [Client thread/INFO]: [CHAT] Không đủ tài nguyên! Bạn cần thêm 3 Iron nữa!
[15:06:18] [Client thread/INFO]: [CHAT] Không đủ tài nguyên! Bạn cần thêm 3 Iron nữa!
[15:06:41] [Client thread/INFO]: [CHAT] ConChoTruongGay đã rơi xuống void.
[15:06:43] [Client thread/INFO]: [CHAT] _SuperTung_ đã bị đẩy bởi ShadowMc_041.
[15:06:44] [Client thread/INFO]: [CHAT] khanhnotbruh đã bị đẩy xuống void bởi shecko.
[15:06:45] [Client thread/WARN]: Unable to play unknown soundEvent: minecraft:3fmc.bedwars.bedbreak
[15:06:45] [Client thread/INFO]: [CHAT]  
[15:06:45] [Client thread/INFO]: [CHAT] BED > White Bed đã bị phá bởi E_FanMisthy_F!
[15:06:45] [Client thread/INFO]: [CHAT]  
[15:06:45] [Client thread/INFO]: [CHAT] Bạn sẽ hồi sinh sau 5 giây!
[15:06:45] [Client thread/WARN]: Unable to play unknown soundEvent: minecraft:3fmc.bedwars.death
[15:06:45] [Client thread/INFO]: [CHAT] Bạn sẽ hồi sinh sau 4 giây!
[15:06:46] [Client thread/INFO]: [CHAT] Bạn sẽ hồi sinh sau 3 giây!
[15:06:47] [Client thread/INFO]: [CHAT] Bạn sẽ hồi sinh sau 2 giây!
[15:06:48] [Client thread/INFO]: [CHAT] Bạn sẽ hồi sinh sau 1 giây!
[15:06:49] [Client thread/WARN]: Unable to play unknown soundEvent: minecraft:3fmc.bedwars.respawn
[15:06:50] [Client thread/INFO]: [CHAT] ConChoTruongGay đã bị giết bởi E_FanMisthy_F. FINAL KILL!
[15:06:50] [Client thread/INFO]: [CHAT]  
[15:06:50] [Client thread/INFO]: [CHAT] ELIMINATION > White Team đã bị loại khỏi trận đấu!
[15:06:50] [Client thread/INFO]: [CHAT]  
[15:06:55] [Client thread/INFO]: [CHAT] khanhnotbruh đã bị giết bởi shecko.
[15:06:56] [Client thread/INFO]: [CHAT] Bạn sẽ hồi sinh sau 5 giây!
[15:06:56] [Client thread/WARN]: Unable to play unknown soundEvent: minecraft:3fmc.bedwars.bedbreak
[15:06:56] [Client thread/INFO]: [CHAT]  
[15:06:56] [Client thread/INFO]: [CHAT] BED > Giường của bạn đã bị phá bởi shecko!
[15:06:56] [Client thread/INFO]: [CHAT]  
[15:06:56] [Client thread/WARN]: Unable to play unknown soundEvent: minecraft:3fmc.bedwars.death
[15:06:56] [Client thread/INFO]: [CHAT] Bạn sẽ hồi sinh sau 4 giây!
[15:06:57] [Client thread/WARN]: Unable to play unknown soundEvent: minecraft:3fmc.bedwars.bedbreak
[15:06:57] [Client thread/INFO]: [CHAT]  
[15:06:57] [Client thread/INFO]: [CHAT] BED > Gray Bed đã bị phá bởi ShadowMc_041!
[15:06:57] [Client thread/INFO]: [CHAT]  
[15:06:57] [Client thread/INFO]: [CHAT] Bạn sẽ hồi sinh sau 3 giây!
[15:06:58] [Client thread/INFO]: [CHAT] Bạn sẽ hồi sinh sau 2 giây!
[15:06:59] [Client thread/INFO]: [CHAT] Bạn sẽ hồi sinh sau 1 giây!
[15:07:00] [Client thread/INFO]: [CHAT] +20 điểm kinh nghiệm (Thời gian chơi).
[15:07:00] [Client thread/WARN]: Unable to play unknown soundEvent: minecraft:3fmc.bedwars.respawn
[15:07:01] [Client thread/INFO]: [CHAT] Bạn không thể cất vật phẩm này!
[15:07:01] [Client thread/INFO]: [CHAT] ShadowMc_041 đã bị giết bởi _SuperTung_.
[15:07:02] [Client thread/INFO]: [CHAT] Party > ConChoTruongGay đã rời trận đấu!
[15:07:02] [Client thread/INFO]: [CHAT] Party > Mọi người đã rời trận đấu
[15:07:02] [Client thread/INFO]: [CHAT] [4✩] [PINK] E_FanMisthy_F: shecko
[15:07:04] [Client thread/WARN]: Unable to play unknown soundEvent: minecraft:3fmc.bedwars.kill
[15:07:04] [Client thread/INFO]: [CHAT] shecko đã bị giết bởi khanhnotbruh.
[15:07:09] [Client thread/INFO]: [CHAT] [4✩] [PINK] E_FanMisthy_F: ShadowMc_041
[15:07:17] [Client thread/WARN]: Unable to play unknown soundEvent: minecraft:3fmc.bedwars.shop.item
[15:07:17] [Client thread/INFO]: [CHAT] Bạn đã mua Golden Apple
[15:07:17] [Client thread/WARN]: Unable to play unknown soundEvent: minecraft:3fmc.bedwars.shop.item
[15:07:17] [Client thread/INFO]: [CHAT] Bạn đã mua Wool
[15:07:17] [Client thread/WARN]: Unable to play unknown soundEvent: minecraft:3fmc.bedwars.shop.item
[15:07:17] [Client thread/INFO]: [CHAT] Bạn đã mua Wool
[15:07:18] [Client thread/WARN]: Unable to play unknown soundEvent: minecraft:3fmc.bedwars.shop.item
[15:07:18] [Client thread/INFO]: [CHAT] Bạn đã mua Wool
[15:07:18] [Client thread/INFO]: [CHAT] Không đủ tài nguyên! Bạn cần thêm 4 Iron nữa!
[15:07:18] [Client thread/INFO]: [CHAT] Không đủ tài nguyên! Bạn cần thêm 4 Iron nữa!
[15:07:45] [Client thread/INFO]: [CHAT] khanhnotbruh đã bị giết bởi shecko. FINAL KILL!
[15:07:45] [Client thread/INFO]: [CHAT] Bạn đang theo dõi phòng Ironclad.
[15:07:45] [Client thread/INFO]: [CHAT] Rời phòng chơi bất cứ lúc nào bằng lệnh /leave.
[15:07:45] [Client thread/INFO]: [CHAT] Bạn đã bị loại!
[15:07:46] [Client thread/WARN]: Unable to play unknown soundEvent: minecraft:3fmc.bedwars.finaldeath
[15:07:48] [Client thread/INFO]: [CHAT] -----------------------------------------------------
[15:07:48] [Client thread/INFO]: [CHAT] 
[15:07:48] [Client thread/INFO]: [CHAT]                 MAKE 3F GREAT AGAIN
[15:07:48] [Client thread/INFO]: [CHAT]     Facebook https://fb.com/groups/LeagueOf3F
[15:07:48] [Client thread/INFO]: [CHAT]     Discord https://discord.gg/Zehw9wP
[15:07:48] [Client thread/INFO]: [CHAT]            
[15:07:48] [Client thread/INFO]: [CHAT] -----------------------------------------------------
[15:07:53] [Client thread/INFO]: [CHAT] -----------------------------------------------------
[15:07:53] [Client thread/INFO]: [CHAT] 
[15:07:53] [Client thread/INFO]: [CHAT]                 MAKE 3F GREAT AGAIN
[15:07:53] [Client thread/INFO]: [CHAT]     Facebook https://fb.com/groups/LeagueOf3F
[15:07:53] [Client thread/INFO]: [CHAT]     Discord https://discord.gg/Zehw9wP
[15:07:53] [Client thread/INFO]: [CHAT]            
[15:07:53] [Client thread/INFO]: [CHAT] -----------------------------------------------------
[15:07:58] [Client thread/WARN]: Unable to play unknown soundEvent: minecraft:3fmc.bedwars.game.join
[15:07:58] [Client thread/INFO]: [CHAT] khanhnotbruh đã vào trận đấu (2/16)!
[15:08:01] [Client thread/INFO]: [CHAT] -----------------------------------------------------
[15:08:01] [Client thread/INFO]: [CHAT] 
[15:08:01] [Client thread/INFO]: [CHAT]                 MAKE 3F GREAT AGAIN
[15:08:01] [Client thread/INFO]: [CHAT]     Facebook https://fb.com/groups/LeagueOf3F
[15:08:01] [Client thread/INFO]: [CHAT]     Discord https://discord.gg/Zehw9wP
[15:08:01] [Client thread/INFO]: [CHAT]            
[15:08:01] [Client thread/INFO]: [CHAT] -----------------------------------------------------
[15:08:06] [Client thread/INFO]: [CHAT] -----------------------------------------------------
[15:08:06] [Client thread/INFO]: [CHAT] 
[15:08:06] [Client thread/INFO]: [CHAT]                 MAKE 3F GREAT AGAIN
[15:08:06] [Client thread/INFO]: [CHAT]     Facebook https://fb.com/groups/LeagueOf3F
[15:08:06] [Client thread/INFO]: [CHAT]     Discord https://discord.gg/Zehw9wP
[15:08:06] [Client thread/INFO]: [CHAT]            
[15:08:06] [Client thread/INFO]: [CHAT] -----------------------------------------------------
[15:08:13] [Client thread/WARN]: Unable to play unknown soundEvent: minecraft:3fmc.bedwars.game.join
[15:08:13] [Client thread/INFO]: [CHAT] khanhnotbruh đã vào trận đấu (6/8)!
[15:08:13] [Client thread/WARN]: Unable to play unknown soundEvent: minecraft:3fmc.bedwars.game.join
[15:08:13] [Client thread/INFO]: [CHAT] ConChoTruongGay đã vào trận đấu (7/8)!
[15:08:13] [Client thread/INFO]: [CHAT] Trận đấu sẽ bắt đầu sau 10 giây!
[15:08:14] [Client thread/FATAL]: Error executing task
java.util.concurrent.ExecutionException: java.lang.NullPointerException
	at java.util.concurrent.FutureTask.report(FutureTask.java:122) ~[?:1.8.0_202]
	at java.util.concurrent.FutureTask.get(FutureTask.java:192) ~[?:1.8.0_202]
	at net.minecraft.util.Util.func_181617_a(Util.java:20) [g.class:?]
	at net.minecraft.client.Minecraft.func_71411_J(Minecraft.java:1014) [ave.class:?]
	at net.minecraft.client.Minecraft.func_99999_d(Minecraft.java:349) [ave.class:?]
	at net.minecraft.client.main.Main.main(SourceFile:124) [Main.class:?]
	at sun.reflect.NativeMethodAccessorImpl.invoke0(Native Method) ~[?:1.8.0_202]
	at sun.reflect.NativeMethodAccessorImpl.invoke(NativeMethodAccessorImpl.java:62) ~[?:1.8.0_202]
	at sun.reflect.DelegatingMethodAccessorImpl.invoke(DelegatingMethodAccessorImpl.java:43) ~[?:1.8.0_202]
	at java.lang.reflect.Method.invoke(Method.java:498) ~[?:1.8.0_202]
	at net.minecraft.launchwrapper.Launch.launch(Launch.java:135) [launchwrapper-1.12.jar:?]
	at net.minecraft.launchwrapper.Launch.main(Launch.java:28) [launchwrapper-1.12.jar:?]
	at org.prismlauncher.launcher.impl.StandardLauncher.launch(StandardLauncher.java:115) [NewLaunch.jar:?]
	at org.prismlauncher.EntryPoint.listen(EntryPoint.java:129) [NewLaunch.jar:?]
	at org.prismlauncher.EntryPoint.main(EntryPoint.java:70) [NewLaunch.jar:?]
Caused by: java.lang.NullPointerException
	at net.minecraft.client.network.NetHandlerPlayClient.func_147237_a(NetHandlerPlayClient.java:484) ~[bcy.class:?]
	at net.minecraft.network.play.server.S0CPacketSpawnPlayer.func_148833_a(SourceFile:75) ~[fp.class:?]
	at net.minecraft.network.play.server.S0CPacketSpawnPlayer.func_148833_a(SourceFile:16) ~[fp.class:?]
	at net.minecraft.network.PacketThreadUtil$1.run(PacketThreadUtil.java:22) ~[fh$1.class:?]
	at java.util.concurrent.Executors$RunnableAdapter.call(Executors.java:511) ~[?:1.8.0_202]
	at java.util.concurrent.FutureTask.run(FutureTask.java:266) ~[?:1.8.0_202]
	at net.minecraft.util.Util.func_181617_a(Util.java:19) ~[g.class:?]
	... 12 more
[15:08:14] [Client thread/WARN]: Unable to play unknown soundEvent: minecraft:3fmc.bedwars.game.join
[15:08:14] [Client thread/INFO]: [CHAT] thang1903 đã vào trận đấu (8/8)!
[15:08:16] [Client thread/INFO]: [CHAT] Trận đấu sẽ bắt đầu sau 5 giây!
[15:08:17] [Client thread/INFO]: [CHAT] Trận đấu sẽ bắt đầu sau 4 giây!
[15:08:18] [Client thread/INFO]: [CHAT] Trận đấu sẽ bắt đầu sau 3 giây!
[15:08:19] [Client thread/INFO]: [CHAT] Trận đấu sẽ bắt đầu sau 2 giây!
[15:08:20] [Client thread/INFO]: [CHAT] Trận đấu sẽ bắt đầu sau 1 giây!
[15:08:21] [Client thread/INFO]: [CHAT] ▬▬▬▬▬▬▬▬▬▬▬▬▬▬▬▬▬▬▬▬▬▬▬▬▬▬▬▬▬▬▬▬▬▬▬▬▬▬▬▬▬▬▬▬▬▬▬▬▬▬▬▬▬▬▬▬▬▬▬▬▬▬▬▬▬▬▬▬▬▬▬▬▬▬▬
[15:08:21] [Client thread/INFO]: [CHAT]                                    BedWars
[15:08:21] [Client thread/INFO]: [CHAT] 
[15:08:21] [Client thread/INFO]: [CHAT]      Bảo vệ giường của bạn và phá giường của
[15:08:21] [Client thread/INFO]: [CHAT]      đối thủ. Nâng cấp vũ khí và trang bị bằng
[15:08:21] [Client thread/INFO]: [CHAT]      cách thu thập các tài nguyên.
[15:08:21] [Client thread/INFO]: [CHAT] 
[15:08:21] [Client thread/INFO]: [CHAT] ▬▬▬▬▬▬▬▬▬▬▬▬▬▬▬▬▬▬▬▬▬▬▬▬▬▬▬▬▬▬▬▬▬▬▬▬▬▬▬▬▬▬▬▬▬▬▬▬▬▬▬▬▬▬▬▬▬▬▬▬▬▬▬▬▬▬▬▬▬▬▬▬▬▬▬
[15:08:21] [Client thread/WARN]: Unable to play unknown soundEvent: minecraft:3fmc.bedwars.game.start
[15:08:35] [Client thread/WARN]: Unable to play unknown soundEvent: minecraft:3fmc.bedwars.shop.item
[15:08:35] [Client thread/INFO]: [CHAT] Bạn đã mua Wool
[15:08:35] [Client thread/WARN]: Unable to play unknown soundEvent: minecraft:3fmc.bedwars.shop.item
[15:08:35] [Client thread/INFO]: [CHAT] Bạn đã mua Wool
[15:08:35] [Client thread/WARN]: Unable to play unknown soundEvent: minecraft:3fmc.bedwars.shop.item
[15:08:35] [Client thread/INFO]: [CHAT] Bạn đã mua Wool
[15:08:35] [Client thread/INFO]: [CHAT] Không đủ tài nguyên! Bạn cần thêm 3 Iron nữa!
[15:08:35] [Client thread/INFO]: [CHAT] Không đủ tài nguyên! Bạn cần thêm 3 Iron nữa!
[15:08:35] [Client thread/INFO]: [CHAT] Không đủ tài nguyên! Bạn cần thêm 3 Iron nữa!
[15:08:38] [Client thread/INFO]: [CHAT] Chillboy2k12 đã rơi xuống void.
[15:09:00] [Client thread/INFO]: [CHAT] khanhnotbruh đã rơi xuống void.
[15:09:01] [Client thread/INFO]: [CHAT] Bạn sẽ hồi sinh sau 5 giây!
[15:09:01] [Client thread/WARN]: Unable to play unknown soundEvent: minecraft:3fmc.bedwars.death
[15:09:02] [Client thread/INFO]: [CHAT] Bạn sẽ hồi sinh sau 4 giây!
[15:09:03] [Client thread/INFO]: [CHAT] Bạn sẽ hồi sinh sau 3 giây!
[15:09:04] [Client thread/INFO]: [CHAT] Bạn sẽ hồi sinh sau 2 giây!
[15:09:05] [Client thread/INFO]: [CHAT] Bạn sẽ hồi sinh sau 1 giây!
[15:09:06] [Client thread/WARN]: Unable to play unknown soundEvent: minecraft:3fmc.bedwars.respawn
[15:09:08] [Client thread/WARN]: Unable to play unknown soundEvent: minecraft:3fmc.bedwars.shop.item
[15:09:08] [Client thread/INFO]: [CHAT] Bạn đã mua Stone Sword
[15:09:10] [Client thread/WARN]: Unable to play unknown soundEvent: minecraft:3fmc.bedwars.shop.item
[15:09:10] [Client thread/INFO]: [CHAT] Bạn đã mua Permanent Shears
[15:09:10] [Client thread/WARN]: Unable to play unknown soundEvent: minecraft:3fmc.bedwars.shop.item
[15:09:10] [Client thread/INFO]: [CHAT] Bạn đã mua Wool
[15:09:11] [Client thread/INFO]: [CHAT] minhan244 đã bị đẩy xuống void bởi Chillboy2k12.
[15:09:18] [Client thread/WARN]: Unable to play unknown soundEvent: minecraft:3fmc.bedwars.shop.item
[15:09:18] [Client thread/INFO]: [CHAT] Bạn đã mua Wool
[15:09:18] [Client thread/WARN]: Unable to play unknown soundEvent: minecraft:3fmc.bedwars.shop.item
[15:09:18] [Client thread/INFO]: [CHAT] Bạn đã mua Wool
[15:09:18] [Client thread/WARN]: Unable to play unknown soundEvent: minecraft:3fmc.bedwars.bedbreak
[15:09:18] [Client thread/INFO]: [CHAT]  
[15:09:18] [Client thread/INFO]: [CHAT] BED > White Bed đã bị phá bởi Chillboy2k12!
[15:09:18] [Client thread/INFO]: [CHAT]  
[15:09:18] [Client thread/INFO]: [CHAT] Không đủ tài nguyên! Bạn cần thêm 3 Iron nữa!
[15:09:18] [Client thread/INFO]: [CHAT] Không đủ tài nguyên! Bạn cần thêm 3 Iron nữa!
[15:09:21] [Client thread/INFO]: [CHAT] +20 điểm kinh nghiệm (Thời gian chơi).
[15:09:24] [Client thread/INFO]: [CHAT] Chillboy2k12 đã bị đẩy xuống void bởi minhan244.
[15:09:29] [Client thread/INFO]: [CHAT] DanhdznhatVN đã bị giết bởi MinhKhanh1011.
[15:09:32] [Client thread/WARN]: Unable to play unknown soundEvent: minecraft:3fmc.bedwars.bedbreak
[15:09:32] [Client thread/INFO]: [CHAT]  
[15:09:32] [Client thread/INFO]: [CHAT] BED > Pink Bed đã bị phá bởi MinhKhanh1011!
[15:09:32] [Client thread/INFO]: [CHAT]  
[15:09:45] [Client thread/INFO]: [CHAT] DanhdznhatVN đã bị giết bởi MinhKhanh1011. FINAL KILL!
[15:09:45] [Client thread/INFO]: [CHAT]  
[15:09:45] [Client thread/INFO]: [CHAT] ELIMINATION > Pink Team đã bị loại khỏi trận đấu!
[15:09:45] [Client thread/INFO]: [CHAT]  
[15:09:47] [Client thread/INFO]: [CHAT] SinoMC_ đã rơi xuống void.
[15:09:48] [Client thread/INFO]: [CHAT] thang1903 đã chết.
[15:09:51] [Client thread/INFO]: [CHAT] ConChoTruongGay đã bị đẩy xuống void bởi thang1903.
[15:09:59] [Client thread/WARN]: Unable to play unknown soundEvent: minecraft:3fmc.bedwars.shop.upgrade
[15:09:59] [Client thread/INFO]: [CHAT] khanhnotbruh đã mua Reinforced Armor I
[15:10:02] [Client thread/INFO]: [CHAT] Chillboy2k12 đã bị giết bởi minhan244.
[15:10:04] [Client thread/INFO]: [CHAT] Bạn cần có ít nhất 2 vật phẩm này để cất!
[15:10:05] [Client thread/WARN]: Unable to play unknown soundEvent: minecraft:3fmc.bedwars.bedbreak
[15:10:05] [Client thread/INFO]: [CHAT]  
[15:10:05] [Client thread/INFO]: [CHAT] BED > Aqua Bed đã bị phá bởi minhan244!
[15:10:05] [Client thread/INFO]: [CHAT]  
[15:10:06] [Client thread/WARN]: Unable to play unknown soundEvent: minecraft:3fmc.bedwars.shop.item
[15:10:06] [Client thread/INFO]: [CHAT] Bạn đã mua Permanent Iron Armor
[15:10:06] [Client thread/WARN]: Unable to play unknown soundEvent: minecraft:3fmc.bedwars.shop.item
[15:10:06] [Client thread/INFO]: [CHAT] Bạn đã mua Iron Sword
[15:10:08] [Client thread/WARN]: Unable to play unknown soundEvent: minecraft:3fmc.bedwars.shop.item
[15:10:08] [Client thread/INFO]: [CHAT] Bạn đã mua Fireball
[15:10:08] [Client thread/WARN]: Unable to play unknown soundEvent: minecraft:3fmc.bedwars.shop.item
[15:10:08] [Client thread/INFO]: [CHAT] Bạn đã mua Wool
[15:10:14] [Client thread/INFO]: [CHAT] minhan244 đã bị giết bởi Chillboy2k12. FINAL KILL!
[15:10:14] [Client thread/INFO]: [CHAT]  
[15:10:14] [Client thread/INFO]: [CHAT] ELIMINATION > White Team đã bị loại khỏi trận đấu!
[15:10:14] [Client thread/INFO]: [CHAT]  
[15:10:21] [Client thread/INFO]: [CHAT] +20 điểm kinh nghiệm (Thời gian chơi).
[15:10:32] [Client thread/INFO]: [CHAT] SinoMC_ còn lại 18.9 HP!
[15:10:36] [Client thread/INFO]: [CHAT] thang1903 đã bị giết bởi ConChoTruongGay.
[15:10:42] [Client thread/WARN]: Unable to play unknown soundEvent: minecraft:3fmc.bedwars.bedbreak
[15:10:42] [Client thread/INFO]: [CHAT]  
[15:10:42] [Client thread/INFO]: [CHAT] BED > Yellow Bed đã bị phá bởi ConChoTruongGay!
[15:10:42] [Client thread/INFO]: [CHAT]  
[15:10:42] [Client thread/INFO]: [CHAT] ConChoTruongGay đã bị giết bởi thang1903.
[15:11:04] [Client thread/WARN]: Unable to play unknown soundEvent: minecraft:3fmc.bedwars.kill
[15:11:04] [Client thread/INFO]: [CHAT] SinoMC_ đã bị giết bởi khanhnotbruh.
[15:11:15] [Client thread/WARN]: Unable to play unknown soundEvent: minecraft:3fmc.bedwars.kill
[15:11:15] [Client thread/INFO]: [CHAT] MinhKhanh1011 đã bị đẩy xuống void bởi khanhnotbruh.
[15:11:21] [Client thread/WARN]: Unable to play unknown soundEvent: minecraft:3fmc.bedwars.shop.item
[15:11:21] [Client thread/INFO]: [CHAT] Bạn đã mua Golden Apple
[15:11:21] [Client thread/INFO]: [CHAT] +20 điểm kinh nghiệm (Thời gian chơi).
[15:11:21] [Client thread/WARN]: Unable to play unknown soundEvent: minecraft:3fmc.bedwars.shop.item
[15:11:21] [Client thread/INFO]: [CHAT] Bạn đã mua Golden Apple
[15:11:21] [Client thread/WARN]: Unable to play unknown soundEvent: minecraft:3fmc.bedwars.shop.item
[15:11:21] [Client thread/INFO]: [CHAT] Bạn đã mua Golden Apple
[15:11:21] [Client thread/WARN]: Unable to play unknown soundEvent: minecraft:3fmc.bedwars.shop.item
[15:11:21] [Client thread/INFO]: [CHAT] Bạn đã mua Golden Apple
[15:11:21] [Client thread/WARN]: Unable to play unknown soundEvent: minecraft:3fmc.bedwars.shop.item
[15:11:21] [Client thread/INFO]: [CHAT] Bạn đã mua Golden Apple
[15:11:21] [Client thread/INFO]: [CHAT] Không đủ tài nguyên! Bạn cần thêm 3 Gold nữa!
[15:11:23] [Client thread/WARN]: Unable to play unknown soundEvent: minecraft:3fmc.bedwars.shop.item
[15:11:23] [Client thread/INFO]: [CHAT] Bạn đã mua Fireball
[15:11:24] [Client thread/WARN]: Unable to play unknown soundEvent: minecraft:3fmc.bedwars.shop.item
[15:11:24] [Client thread/INFO]: [CHAT] Bạn đã mua Wool
[15:11:24] [Client thread/WARN]: Unable to play unknown soundEvent: minecraft:3fmc.bedwars.shop.item
[15:11:24] [Client thread/INFO]: [CHAT] Bạn đã mua Wool
[15:11:24] [Client thread/INFO]: [CHAT] Không đủ tài nguyên! Bạn cần thêm 4 Iron nữa!
[15:11:24] [Client thread/INFO]: [CHAT] Không đủ tài nguyên! Bạn cần thêm 4 Iron nữa!
[15:11:24] [Client thread/INFO]: [CHAT] Không đủ tài nguyên! Bạn cần thêm 4 Iron nữa!
[15:11:26] [Client thread/INFO]: [CHAT] 
[3FMC] Mới ra mắt Medieval RPG với lối chơi độc đáo chưa từng có tại 3FMC! Hãy tham gia trải nghiệm.

[15:11:35] [Client thread/INFO]: [CHAT] thang1903 đã bị đẩy bởi ConChoTruongGay. FINAL KILL!
[15:11:35] [Client thread/INFO]: [CHAT]  
[15:11:35] [Client thread/INFO]: [CHAT] ELIMINATION > Yellow Team đã bị loại khỏi trận đấu!
[15:11:35] [Client thread/INFO]: [CHAT]  
[15:12:12] [Client thread/INFO]: [CHAT] SinoMC_ còn lại 20 HP!
[15:12:12] [Client thread/INFO]: [CHAT] SinoMC_ còn lại 20 HP!
[15:12:16] [Client thread/INFO]: [CHAT] SinoMC_ còn lại 14.6 HP!
[15:12:16] [Client thread/INFO]: [CHAT] SinoMC_ còn lại 13.5 HP!
[15:12:21] [Client thread/INFO]: [CHAT] +20 điểm kinh nghiệm (Thời gian chơi).
[15:12:22] [Client thread/WARN]: Unable to play unknown soundEvent: minecraft:3fmc.bedwars.kill
[15:12:22] [Client thread/INFO]: [CHAT] SinoMC_ đã bị giết bởi khanhnotbruh.
[15:12:32] [Client thread/INFO]: [CHAT] +10 điểm kinh nghiệm (Phá Giường).
[15:12:32] [Client thread/WARN]: Unable to play unknown soundEvent: minecraft:3fmc.bedwars.bedbreak
[15:12:32] [Client thread/INFO]: [CHAT]  
[15:12:32] [Client thread/INFO]: [CHAT] BED > Red Bed đã bị phá bởi khanhnotbruh!
[15:12:32] [Client thread/INFO]: [CHAT]  
[15:12:36] [Client thread/INFO]: [CHAT] khanhnotbruh đã bị giết bởi SinoMC_.
[15:12:37] [Client thread/INFO]: [CHAT] Bạn sẽ hồi sinh sau 5 giây!
[15:12:37] [Client thread/WARN]: Unable to play unknown soundEvent: minecraft:3fmc.bedwars.death
[15:12:38] [Client thread/INFO]: [CHAT] Bạn sẽ hồi sinh sau 4 giây!
[15:12:39] [Client thread/INFO]: [CHAT] Bạn sẽ hồi sinh sau 3 giây!
[15:12:40] [Client thread/INFO]: [CHAT] Bạn sẽ hồi sinh sau 2 giây!
[15:12:41] [Client thread/INFO]: [CHAT] Bạn sẽ hồi sinh sau 1 giây!
[15:12:42] [Client thread/WARN]: Unable to play unknown soundEvent: minecraft:3fmc.bedwars.respawn
[15:12:44] [Client thread/WARN]: Unable to play unknown soundEvent: minecraft:3fmc.bedwars.shop.item
[15:12:44] [Client thread/INFO]: [CHAT] Bạn đã mua Iron Sword
[15:12:45] [Client thread/WARN]: Unable to play unknown soundEvent: minecraft:3fmc.bedwars.shop.item
[15:12:45] [Client thread/INFO]: [CHAT] Bạn đã mua Golden Apple
[15:12:45] [Client thread/WARN]: Unable to play unknown soundEvent: minecraft:3fmc.bedwars.shop.item
[15:12:45] [Client thread/INFO]: [CHAT] Bạn đã mua Golden Apple
[15:12:45] [Client thread/WARN]: Unable to play unknown soundEvent: minecraft:3fmc.bedwars.shop.item
[15:12:45] [Client thread/INFO]: [CHAT] Bạn đã mua Golden Apple
[15:12:45] [Client thread/INFO]: [CHAT] Không đủ tài nguyên! Bạn cần thêm 3 Gold nữa!
[15:12:45] [Client thread/INFO]: [CHAT] Không đủ tài nguyên! Bạn cần thêm 3 Gold nữa!
[15:12:45] [Client thread/INFO]: [CHAT] Không đủ tài nguyên! Bạn cần thêm 3 Gold nữa!
[15:12:46] [Client thread/WARN]: Unable to play unknown soundEvent: minecraft:3fmc.bedwars.shop.item
[15:12:46] [Client thread/INFO]: [CHAT] Bạn đã mua Fireball
[15:12:46] [Client thread/WARN]: Unable to play unknown soundEvent: minecraft:3fmc.bedwars.shop.item
[15:12:46] [Client thread/INFO]: [CHAT] Bạn đã mua Wool
[15:12:46] [Client thread/WARN]: Unable to play unknown soundEvent: minecraft:3fmc.bedwars.shop.item
[15:12:46] [Client thread/INFO]: [CHAT] Bạn đã mua Wool
[15:12:46] [Client thread/INFO]: [CHAT] Không đủ tài nguyên! Bạn cần thêm 3 Iron nữa!
[15:12:46] [Client thread/INFO]: [CHAT] Không đủ tài nguyên! Bạn cần thêm 3 Iron nữa!
[15:12:47] [Client thread/INFO]: [CHAT] Không đủ tài nguyên! Bạn cần thêm 3 Iron nữa!
[15:12:47] [Client thread/INFO]: [CHAT] Không đủ tài nguyên! Bạn cần thêm 3 Iron nữa!
[15:13:04] [Client thread/WARN]: Unable to play unknown soundEvent: minecraft:3fmc.bedwars.bedbreak
[15:13:04] [Client thread/INFO]: [CHAT]  
[15:13:04] [Client thread/INFO]: [CHAT] BED > Gray Bed đã bị phá bởi Chillboy2k12!
[15:13:04] [Client thread/INFO]: [CHAT]  
[15:13:13] [Client thread/WARN]: Unable to play unknown soundEvent: minecraft:3fmc.bedwars.shop.upgrade
[15:13:13] [Client thread/INFO]: [CHAT] khanhnotbruh đã mua Reinforced Armor II
[15:13:14] [Client thread/INFO]: [CHAT] MinhKhanh1011 đã rơi xuống void. FINAL KILL!
[15:13:14] [Client thread/INFO]: [CHAT]  
[15:13:14] [Client thread/INFO]: [CHAT] ELIMINATION > Gray Team đã bị loại khỏi trận đấu!
[15:13:14] [Client thread/INFO]: [CHAT]  
[15:13:15] [Client thread/WARN]: Unable to play unknown soundEvent: minecraft:3fmc.bedwars.shop.upgrade
[15:13:15] [Client thread/INFO]: [CHAT] khanhnotbruh đã mua Iron Forge
[15:13:18] [Client thread/WARN]: Unable to play unknown soundEvent: minecraft:3fmc.bedwars.shop.item
[15:13:18] [Client thread/INFO]: [CHAT] Bạn đã mua Golden Apple
[15:13:18] [Client thread/WARN]: Unable to play unknown soundEvent: minecraft:3fmc.bedwars.shop.item
[15:13:18] [Client thread/INFO]: [CHAT] Bạn đã mua Golden Apple
[15:13:18] [Client thread/INFO]: [CHAT] Không đủ tài nguyên! Bạn cần thêm 2 Gold nữa!
[15:13:18] [Client thread/INFO]: [CHAT] Không đủ tài nguyên! Bạn cần thêm 2 Gold nữa!
[15:13:18] [Client thread/INFO]: [CHAT] Không đủ tài nguyên! Bạn cần thêm 2 Gold nữa!
[15:13:18] [Client thread/INFO]: [CHAT] Không đủ tài nguyên! Bạn cần thêm 2 Gold nữa!
[15:13:19] [Client thread/WARN]: Unable to play unknown soundEvent: minecraft:3fmc.bedwars.shop.item
[15:13:19] [Client thread/INFO]: [CHAT] Bạn đã mua Bed Bug
[15:13:20] [Client thread/WARN]: Unable to play unknown soundEvent: minecraft:3fmc.bedwars.shop.item
[15:13:20] [Client thread/INFO]: [CHAT] Bạn đã mua Wool
[15:13:20] [Client thread/WARN]: Unable to play unknown soundEvent: minecraft:3fmc.bedwars.shop.item
[15:13:20] [Client thread/INFO]: [CHAT] Bạn đã mua Wool
[15:13:20] [Client thread/INFO]: [CHAT] Không đủ tài nguyên! Bạn cần thêm 2 Iron nữa!
[15:13:20] [Client thread/INFO]: [CHAT] Không đủ tài nguyên! Bạn cần thêm 2 Iron nữa!
[15:13:21] [Client thread/INFO]: [CHAT] +20 điểm kinh nghiệm (Thời gian chơi).
[15:13:21] [Client thread/INFO]: [CHAT] Không đủ tài nguyên! Bạn cần thêm 2 Iron nữa!
[15:13:21] [Client thread/INFO]: [CHAT] Không đủ tài nguyên! Bạn cần thêm 2 Iron nữa!
[15:13:33] [Client thread/INFO]: [CHAT] ConChoTruongGay còn lại 18.9 HP!
[15:13:33] [Client thread/INFO]: [CHAT] ConChoTruongGay còn lại 17.8 HP!
[15:13:36] [Client thread/INFO]: [CHAT] khanhnotbruh đã bị đẩy xuống void bởi ConChoTruongGay.
[15:13:37] [Client thread/INFO]: [CHAT] Bạn sẽ hồi sinh sau 5 giây!
[15:13:38] [Client thread/WARN]: Unable to play unknown soundEvent: minecraft:3fmc.bedwars.death
[15:13:38] [Client thread/INFO]: [CHAT] Bạn sẽ hồi sinh sau 4 giây!
[15:13:39] [Client thread/INFO]: [CHAT] Bạn sẽ hồi sinh sau 3 giây!
[15:13:40] [Client thread/INFO]: [CHAT] Bạn sẽ hồi sinh sau 2 giây!
[15:13:41] [Client thread/INFO]: [CHAT] Bạn sẽ hồi sinh sau 1 giây!
[15:13:42] [Client thread/WARN]: Unable to play unknown soundEvent: minecraft:3fmc.bedwars.respawn
[15:13:57] [Client thread/WARN]: Unable to play unknown soundEvent: minecraft:3fmc.bedwars.shop.item
[15:13:57] [Client thread/INFO]: [CHAT] Bạn đã mua Bed Bug
[15:13:57] [Client thread/INFO]: [CHAT] Không đủ tài nguyên! Bạn cần thêm 23 Iron nữa!
[15:13:57] [Client thread/INFO]: [CHAT] Không đủ tài nguyên! Bạn cần thêm 23 Iron nữa!
[15:14:07] [Client thread/WARN]: Unable to play unknown soundEvent: minecraft:3fmc.bedwars.shop.item
[15:14:07] [Client thread/INFO]: [CHAT] Bạn đã mua Wool
[15:14:07] [Client thread/WARN]: Unable to play unknown soundEvent: minecraft:3fmc.bedwars.shop.item
[15:14:07] [Client thread/INFO]: [CHAT] Bạn đã mua Wool
[15:14:07] [Client thread/WARN]: Unable to play unknown soundEvent: minecraft:3fmc.bedwars.shop.item
[15:14:07] [Client thread/INFO]: [CHAT] Bạn đã mua Wool
[15:14:07] [Client thread/INFO]: [CHAT] Không đủ tài nguyên! Bạn cần thêm 4 Iron nữa!
[15:14:08] [Client thread/INFO]: [CHAT] Không đủ tài nguyên! Bạn cần thêm 4 Iron nữa!
[15:14:18] [Client thread/INFO]: [CHAT] SinoMC_ đã rơi xuống void. FINAL KILL!
[15:14:18] [Client thread/INFO]: [CHAT]  
[15:14:18] [Client thread/INFO]: [CHAT] ELIMINATION > Red Team đã bị loại khỏi trận đấu!
[15:14:18] [Client thread/INFO]: [CHAT]  
[15:14:20] [Client thread/WARN]: Unable to play unknown soundEvent: minecraft:3fmc.bedwars.event.diamond2
[15:14:20] [Client thread/INFO]: [CHAT] Diamond Generators đã được nâng lên Cấp II
[15:14:21] [Client thread/INFO]: [CHAT] +20 điểm kinh nghiệm (Thời gian chơi).
[15:14:22] [Client thread/WARN]: Unable to play unknown soundEvent: minecraft:3fmc.bedwars.shop.item
[15:14:22] [Client thread/INFO]: [CHAT] Bạn đã mua Iron Sword
[15:14:25] [Client thread/WARN]: Unable to play unknown soundEvent: minecraft:3fmc.bedwars.shop.item
[15:14:25] [Client thread/INFO]: [CHAT] Bạn đã mua Wool
[15:14:25] [Client thread/WARN]: Unable to play unknown soundEvent: minecraft:3fmc.bedwars.shop.item
[15:14:25] [Client thread/INFO]: [CHAT] Bạn đã mua Wool
[15:14:25] [Client thread/WARN]: Unable to play unknown soundEvent: minecraft:3fmc.bedwars.shop.item
[15:14:25] [Client thread/INFO]: [CHAT] Bạn đã mua Wool
[15:14:25] [Client thread/WARN]: Unable to play unknown soundEvent: minecraft:3fmc.bedwars.shop.item
[15:14:25] [Client thread/INFO]: [CHAT] Bạn đã mua Wool
[15:14:25] [Client thread/INFO]: [CHAT] Không đủ tài nguyên! Bạn cần thêm 2 Iron nữa!
[15:14:31] [Client thread/WARN]: Unable to play unknown soundEvent: minecraft:3fmc.bedwars.shop.item
[15:14:31] [Client thread/INFO]: [CHAT] Bạn đã mua Wool
[15:14:31] [Client thread/WARN]: Unable to play unknown soundEvent: minecraft:3fmc.bedwars.shop.item
[15:14:31] [Client thread/INFO]: [CHAT] Bạn đã mua Wool
[15:14:31] [Client thread/INFO]: [CHAT] Không đủ tài nguyên! Bạn cần thêm 4 Iron nữa!
[15:14:34] [Client thread/WARN]: Unable to play unknown soundEvent: minecraft:3fmc.bedwars.shop.item
[15:14:34] [Client thread/INFO]: [CHAT] Bạn đã mua Golden Apple
[15:14:34] [Client thread/INFO]: [CHAT] Không đủ tài nguyên! Bạn cần thêm 2 Gold nữa!
[15:14:34] [Client thread/INFO]: [CHAT] Không đủ tài nguyên! Bạn cần thêm 2 Gold nữa!
[15:14:34] [Client thread/INFO]: [CHAT] Không đủ tài nguyên! Bạn cần thêm 2 Gold nữa!
[15:15:12] [Client thread/WARN]: Unable to play unknown soundEvent: minecraft:3fmc.bedwars.shop.upgrade
[15:15:12] [Client thread/INFO]: [CHAT] khanhnotbruh đã mua Sharpened Swords
[15:15:16] [Client thread/WARN]: Unable to play unknown soundEvent: minecraft:3fmc.bedwars.shop.item
[15:15:16] [Client thread/INFO]: [CHAT] Bạn đã mua Fireball
[15:15:16] [Client thread/INFO]: [CHAT] Không đủ tài nguyên! Bạn cần thêm 35 Iron nữa!
[15:15:16] [Client thread/INFO]: [CHAT] Không đủ tài nguyên! Bạn cần thêm 35 Iron nữa!
[15:15:16] [Client thread/INFO]: [CHAT] Không đủ tài nguyên! Bạn cần thêm 35 Iron nữa!
[15:15:17] [Client thread/WARN]: Unable to play unknown soundEvent: minecraft:3fmc.bedwars.shop.item
[15:15:17] [Client thread/INFO]: [CHAT] Bạn đã mua Golden Apple
[15:15:17] [Client thread/WARN]: Unable to play unknown soundEvent: minecraft:3fmc.bedwars.shop.item
[15:15:17] [Client thread/INFO]: [CHAT] Bạn đã mua Golden Apple
[15:15:17] [Client thread/WARN]: Unable to play unknown soundEvent: minecraft:3fmc.bedwars.shop.item
[15:15:17] [Client thread/INFO]: [CHAT] Bạn đã mua Golden Apple
[15:15:17] [Client thread/WARN]: Unable to play unknown soundEvent: minecraft:3fmc.bedwars.shop.item
[15:15:17] [Client thread/INFO]: [CHAT] Bạn đã mua Golden Apple
[15:15:17] [Client thread/INFO]: [CHAT] Không đủ tài nguyên! Bạn cần thêm 3 Gold nữa!
[15:15:21] [Client thread/INFO]: [CHAT] +20 điểm kinh nghiệm (Thời gian chơi).
[15:16:11] [Client thread/WARN]: Unable to play unknown soundEvent: minecraft:3fmc.bedwars.bedbreak
[15:16:11] [Client thread/INFO]: [CHAT]  
[15:16:11] [Client thread/INFO]: [CHAT] BED > Green Bed đã bị phá bởi Chillboy2k12!
[15:16:11] [Client thread/INFO]: [CHAT]  
[15:16:21] [Client thread/INFO]: [CHAT] +20 điểm kinh nghiệm (Thời gian chơi).
[15:16:24] [Client thread/INFO]: [CHAT] [49✩] [AQUA] Chillboy2k12: ?
[15:16:59] [Client thread/INFO]: [CHAT] [49✩] [AQUA] Chillboy2k12: dap bed bl di gr
[15:17:21] [Client thread/INFO]: [CHAT] +20 điểm kinh nghiệm (Thời gian chơi).
[15:17:44] [Client thread/WARN]: Unable to play unknown soundEvent: minecraft:3fmc.bedwars.shop.item
[15:17:44] [Client thread/INFO]: [CHAT] Bạn đã mua Golden Apple
[15:17:44] [Client thread/WARN]: Unable to play unknown soundEvent: minecraft:3fmc.bedwars.shop.item
[15:17:44] [Client thread/INFO]: [CHAT] Bạn đã mua Golden Apple
[15:17:44] [Client thread/WARN]: Unable to play unknown soundEvent: minecraft:3fmc.bedwars.shop.item
[15:17:44] [Client thread/INFO]: [CHAT] Bạn đã mua Golden Apple
[15:17:44] [Client thread/INFO]: [CHAT] Không đủ tài nguyên! Bạn cần thêm 3 Gold nữa!
[15:17:45] [Client thread/INFO]: [CHAT] Không đủ tài nguyên! Bạn cần thêm 3 Gold nữa!
[15:17:45] [Client thread/INFO]: [CHAT] Không đủ tài nguyên! Bạn cần thêm 3 Gold nữa!
[15:17:46] [Client thread/WARN]: Unable to play unknown soundEvent: minecraft:3fmc.bedwars.shop.item
[15:17:46] [Client thread/INFO]: [CHAT] Bạn đã mua Fireball
[15:18:21] [Client thread/INFO]: [CHAT] +20 điểm kinh nghiệm (Thời gian chơi).
[15:18:41] [Client thread/WARN]: Unable to play unknown soundEvent: minecraft:3fmc.bedwars.shop.item
[15:18:41] [Client thread/INFO]: [CHAT] Bạn đã mua Bow
[15:18:41] [Client thread/WARN]: Unable to play unknown soundEvent: minecraft:3fmc.bedwars.shop.item
[15:18:41] [Client thread/INFO]: [CHAT] Bạn đã mua Arrow
[15:18:41] [Client thread/INFO]: [CHAT] Không đủ tài nguyên! Bạn cần thêm 2 Gold nữa!
[15:18:41] [Client thread/INFO]: [CHAT] Không đủ tài nguyên! Bạn cần thêm 2 Gold nữa!
[15:18:41] [Client thread/INFO]: [CHAT] Không đủ tài nguyên! Bạn cần thêm 2 Gold nữa!
[15:18:41] [Client thread/INFO]: [CHAT] Không đủ tài nguyên! Bạn cần thêm 2 Gold nữa!
[15:18:42] [Client thread/INFO]: [CHAT] Không đủ tài nguyên! Bạn cần thêm 2 Gold nữa!
[15:18:46] [Client thread/WARN]: Unable to play unknown soundEvent: minecraft:3fmc.bedwars.shop.item
[15:18:46] [Client thread/INFO]: [CHAT] Bạn đã mua Fireball
[15:18:47] [Client thread/WARN]: Unable to play unknown soundEvent: minecraft:3fmc.bedwars.shop.item
[15:18:47] [Client thread/INFO]: [CHAT] Bạn đã mua Bed Bug
[15:18:47] [Client thread/INFO]: [CHAT] Không đủ tài nguyên! Bạn cần thêm 23 Iron nữa!
[15:18:47] [Client thread/INFO]: [CHAT] Không đủ tài nguyên! Bạn cần thêm 23 Iron nữa!
[15:18:47] [Client thread/INFO]: [CHAT] Không đủ tài nguyên! Bạn cần thêm 23 Iron nữa!
[15:18:47] [Client thread/INFO]: [CHAT] Không đủ tài nguyên! Bạn cần thêm 23 Iron nữa!
[15:18:47] [Client thread/INFO]: [CHAT] Không đủ tài nguyên! Bạn cần thêm 23 Iron nữa!
[15:18:48] [Client thread/INFO]: [CHAT] Không đủ tài nguyên! Bạn cần thêm 23 Iron nữa!
[15:18:55] [Client thread/WARN]: Unable to play unknown soundEvent: minecraft:3fmc.bedwars.shop.item
[15:18:55] [Client thread/INFO]: [CHAT] Bạn đã mua Arrow
[15:18:55] [Client thread/WARN]: Unable to play unknown soundEvent: minecraft:3fmc.bedwars.shop.item
[15:18:55] [Client thread/INFO]: [CHAT] Bạn đã mua Arrow
[15:18:55] [Client thread/INFO]: [CHAT] Không đủ tài nguyên! Bạn cần thêm 1 Gold nữa!
[15:18:55] [Client thread/INFO]: [CHAT] Không đủ tài nguyên! Bạn cần thêm 1 Gold nữa!
[15:18:56] [Client thread/INFO]: [CHAT] [49✩] [AQUA] Chillboy2k12: bi target :(
[15:19:02] [Client thread/INFO]: [CHAT] [49✩] [AQUA] Chillboy2k12: dung invis pls
[15:19:21] [Client thread/INFO]: [CHAT] +20 điểm kinh nghiệm (Thời gian chơi).
[15:19:21] [Client thread/WARN]: Unable to play unknown soundEvent: minecraft:3fmc.bedwars.shop.item
[15:19:21] [Client thread/INFO]: [CHAT] Bạn đã mua Arrow
[15:19:22] [Client thread/WARN]: Unable to play unknown soundEvent: minecraft:3fmc.bedwars.shop.item
[15:19:22] [Client thread/INFO]: [CHAT] Bạn đã mua Arrow
[15:19:22] [Client thread/WARN]: Unable to play unknown soundEvent: minecraft:3fmc.bedwars.shop.item
[15:19:22] [Client thread/INFO]: [CHAT] Bạn đã mua Arrow
[15:19:22] [Client thread/INFO]: [CHAT] Không đủ tài nguyên! Bạn cần thêm 1 Gold nữa!
[15:19:22] [Client thread/INFO]: [CHAT] Không đủ tài nguyên! Bạn cần thêm 1 Gold nữa!
[15:19:22] [Client thread/INFO]: [CHAT] Không đủ tài nguyên! Bạn cần thêm 1 Gold nữa!
[15:19:45] [Client thread/INFO]: [CHAT] Chillboy2k12 đã chết. FINAL KILL!
[15:19:45] [Client thread/INFO]: [CHAT]  
[15:19:45] [Client thread/INFO]: [CHAT] ELIMINATION > Aqua Team đã bị loại khỏi trận đấu!
[15:19:45] [Client thread/INFO]: [CHAT]  
[15:19:57] [Client thread/WARN]: Unable to play unknown soundEvent: minecraft:3fmc.bedwars.bedbreak
[15:19:57] [Client thread/INFO]: [CHAT]  
[15:19:57] [Client thread/INFO]: [CHAT] BED > Giường của bạn đã bị phá bởi ConChoTruongGay!
[15:19:57] [Client thread/INFO]: [CHAT]  
[15:20:12] [Client thread/INFO]: [CHAT] ConChoTruongGay còn lại 20 HP!
[15:20:20] [Client thread/WARN]: Unable to play unknown soundEvent: minecraft:3fmc.bedwars.event.emerald2
[15:20:20] [Client thread/INFO]: [CHAT] Emerald Generators đã được nâng lên Cấp II
[15:20:21] [Client thread/INFO]: [CHAT] +20 điểm kinh nghiệm (Thời gian chơi).
[15:20:45] [Client thread/INFO]: [CHAT] ConChoTruongGay còn lại 16.7 HP!
[15:20:52] [Client thread/INFO]: [CHAT] ConChoTruongGay còn lại 15.2 HP!
[15:21:07] [Client thread/WARN]: Unable to play unknown soundEvent: minecraft:3fmc.bedwars.shop.item
[15:21:07] [Client thread/INFO]: [CHAT] Bạn đã mua Arrow
[15:21:07] [Client thread/WARN]: Unable to play unknown soundEvent: minecraft:3fmc.bedwars.shop.item
[15:21:07] [Client thread/INFO]: [CHAT] Bạn đã mua Arrow
[15:21:08] [Client thread/WARN]: Unable to play unknown soundEvent: minecraft:3fmc.bedwars.shop.item
[15:21:08] [Client thread/INFO]: [CHAT] Bạn đã mua Arrow
[15:21:08] [Client thread/WARN]: Unable to play unknown soundEvent: minecraft:3fmc.bedwars.shop.item
[15:21:08] [Client thread/INFO]: [CHAT] Bạn đã mua Golden Apple
[15:21:08] [Client thread/WARN]: Unable to play unknown soundEvent: minecraft:3fmc.bedwars.shop.item
[15:21:08] [Client thread/INFO]: [CHAT] Bạn đã mua Golden Apple
[15:21:09] [Client thread/WARN]: Unable to play unknown soundEvent: minecraft:3fmc.bedwars.shop.item
[15:21:09] [Client thread/INFO]: [CHAT] Bạn đã mua Golden Apple
[15:21:09] [Client thread/INFO]: [CHAT] Không đủ tài nguyên! Bạn cần thêm 1 Gold nữa!
[15:21:09] [Client thread/INFO]: [CHAT] Không đủ tài nguyên! Bạn cần thêm 1 Gold nữa!
[15:21:09] [Client thread/INFO]: [CHAT] Không đủ tài nguyên! Bạn cần thêm 1 Gold nữa!
[15:21:09] [Client thread/WARN]: Unable to play unknown soundEvent: minecraft:3fmc.bedwars.shop.item
[15:21:09] [Client thread/INFO]: [CHAT] Bạn đã mua Bed Bug
[15:21:10] [Client thread/WARN]: Unable to play unknown soundEvent: minecraft:3fmc.bedwars.shop.item
[15:21:10] [Client thread/INFO]: [CHAT] Bạn đã mua Bed Bug
[15:21:10] [Client thread/WARN]: Unable to play unknown soundEvent: minecraft:3fmc.bedwars.shop.item
[15:21:10] [Client thread/INFO]: [CHAT] Bạn đã mua Bed Bug
[15:21:10] [Client thread/INFO]: [CHAT] Không đủ tài nguyên! Bạn cần thêm 12 Iron nữa!
[15:21:10] [Client thread/INFO]: [CHAT] Không đủ tài nguyên! Bạn cần thêm 12 Iron nữa!
[15:21:10] [Client thread/INFO]: [CHAT] Không đủ tài nguyên! Bạn cần thêm 12 Iron nữa!
[15:21:12] [Client thread/WARN]: Unable to play unknown soundEvent: minecraft:3fmc.bedwars.shop.item
[15:21:12] [Client thread/INFO]: [CHAT] Bạn đã mua Wool
[15:21:12] [Client thread/WARN]: Unable to play unknown soundEvent: minecraft:3fmc.bedwars.shop.item
[15:21:12] [Client thread/INFO]: [CHAT] Bạn đã mua Wool
[15:21:12] [Client thread/WARN]: Unable to play unknown soundEvent: minecraft:3fmc.bedwars.shop.item
[15:21:12] [Client thread/INFO]: [CHAT] Bạn đã mua Wool
[15:21:12] [Client thread/INFO]: [CHAT] Không đủ tài nguyên! Bạn cần thêm 4 Iron nữa!
[15:21:21] [Client thread/INFO]: [CHAT] +20 điểm kinh nghiệm (Thời gian chơi).
[15:21:26] [Client thread/INFO]: [CHAT] 
[3FMC] Bạn cảm thấy chán khi chơi Bed Wars?
Hãy thử khám phá chế độ SMP Tu Tiên và Box Pvp nhé!

[15:21:46] [Client thread/INFO]: [CHAT] ConChoTruongGay còn lại 19 HP!
[15:22:16] [Client thread/WARN]: Unable to play unknown soundEvent: minecraft:3fmc.bedwars.shop.item
[15:22:16] [Client thread/INFO]: [CHAT] Bạn đã mua Arrow
[15:22:16] [Client thread/WARN]: Unable to play unknown soundEvent: minecraft:3fmc.bedwars.shop.item
[15:22:16] [Client thread/INFO]: [CHAT] Bạn đã mua Arrow
[15:22:16] [Client thread/WARN]: Unable to play unknown soundEvent: minecraft:3fmc.bedwars.shop.item
[15:22:16] [Client thread/INFO]: [CHAT] Bạn đã mua Arrow
[15:22:16] [Client thread/WARN]: Unable to play unknown soundEvent: minecraft:3fmc.bedwars.shop.item
[15:22:16] [Client thread/INFO]: [CHAT] Bạn đã mua Arrow
[15:22:16] [Client thread/WARN]: Unable to play unknown soundEvent: minecraft:3fmc.bedwars.shop.item
[15:22:16] [Client thread/INFO]: [CHAT] Bạn đã mua Arrow
[15:22:21] [Client thread/INFO]: [CHAT] +20 điểm kinh nghiệm (Thời gian chơi).
[15:22:30] [Client thread/INFO]: [CHAT] ConChoTruongGay còn lại 19.3 HP!
[15:22:37] [Client thread/WARN]: Unable to play unknown soundEvent: minecraft:3fmc.bedwars.shop.item
[15:22:37] [Client thread/INFO]: [CHAT] Bạn đã mua Fireball
[15:22:37] [Client thread/INFO]: [CHAT] Không đủ tài nguyên! Bạn cần thêm 11 Iron nữa!
[15:22:37] [Client thread/INFO]: [CHAT] Không đủ tài nguyên! Bạn cần thêm 11 Iron nữa!
[15:22:37] [Client thread/INFO]: [CHAT] Không đủ tài nguyên! Bạn cần thêm 11 Iron nữa!
[15:22:38] [Client thread/INFO]: [CHAT] Không đủ tài nguyên! Bạn cần thêm 11 Iron nữa!
[15:22:38] [Client thread/INFO]: [CHAT] Không đủ tài nguyên! Bạn cần thêm 11 Iron nữa!
[15:22:48] [Client thread/INFO]: [CHAT] ConChoTruongGay đã rơi xuống void. FINAL KILL!
[15:22:48] [Client thread/INFO]: [CHAT]  
[15:22:48] [Client thread/INFO]: [CHAT] ELIMINATION > Green Team đã bị loại khỏi trận đấu!
[15:22:48] [Client thread/INFO]: [CHAT]  
[15:22:50] [Client thread/INFO]: [CHAT] Blue đã chiến thắng!
[15:22:50] [Client thread/INFO]: [CHAT] ▬▬▬▬▬▬▬▬▬▬▬▬▬▬▬▬▬▬▬▬▬▬▬▬▬▬▬▬▬▬▬▬▬▬▬▬▬▬▬▬▬▬▬▬▬▬▬▬▬▬▬▬▬▬▬▬▬▬▬▬▬▬▬▬▬▬▬▬▬▬▬▬▬▬▬
[15:22:50] [Client thread/INFO]: [CHAT]                                    BedWars
[15:22:50] [Client thread/INFO]: [CHAT] 
[15:22:50] [Client thread/INFO]: [CHAT]                            Blue - khanhnotbruh
[15:22:50] [Client thread/INFO]: [CHAT] 
[15:22:50] [Client thread/INFO]: [CHAT] 
[15:22:50] [Client thread/INFO]: [CHAT]                     Top 1 Kill: ConChoTruongGay - 3
[15:22:50] [Client thread/INFO]: [CHAT]                     Top 2 Kill: khanhnotbruh - 3
[15:22:50] [Client thread/INFO]: [CHAT]                     Top 3 Kill: Chillboy2k12 - 2
[15:22:50] [Client thread/INFO]: [CHAT] 
[15:22:50] [Client thread/INFO]: [CHAT] ▬▬▬▬▬▬▬▬▬▬▬▬▬▬▬▬▬▬▬▬▬▬▬▬▬▬▬▬▬▬▬▬▬▬▬▬▬▬▬▬▬▬▬▬▬▬▬▬▬▬▬▬▬▬▬▬▬▬▬▬▬▬▬▬▬▬▬▬▬▬▬▬▬▬▬
[15:22:50] [Client thread/INFO]: [CHAT] +100 điểm kinh nghiệm (Chiến Thắng).
[15:22:50] [Client thread/WARN]: Unable to play unknown soundEvent: minecraft:3fmc.bedwars.game.win
[15:22:55] [Client thread/INFO]: [CHAT] Party > ConChoTruongGay đã rời trận đấu!
[15:22:55] [Client thread/INFO]: [CHAT] Party > Mọi người đã rời trận đấu
[15:23:01] [Client thread/INFO]: [CHAT] -----------------------------------------------------
[15:23:01] [Client thread/INFO]: [CHAT] 
[15:23:01] [Client thread/INFO]: [CHAT]                 MAKE 3F GREAT AGAIN
[15:23:01] [Client thread/INFO]: [CHAT]     Facebook https://fb.com/groups/LeagueOf3F
[15:23:01] [Client thread/INFO]: [CHAT]     Discord https://discord.gg/Zehw9wP
[15:23:01] [Client thread/INFO]: [CHAT]            
[15:23:01] [Client thread/INFO]: [CHAT] -----------------------------------------------------
[15:23:01] [Client thread/INFO]: [CHAT] 
[15:23:01] [Client thread/INFO]: [CHAT] Phần thưởng Chiến Thắng
[15:23:01] [Client thread/INFO]: [CHAT] + 10 Coins
[15:23:01] [Client thread/INFO]: Stopping!
[15:23:01] [Client thread/INFO]: SoundSystem shutting down...
[15:23:02] [Client thread/WARN]: Author: Paul Lamb, www.paulscode.com
