[17:21:52] [main/INFO]: Loading Minecraft 1.21.11 with Fabric Loader 0.18.4
[17:21:52] [main/INFO]: Fabric is preparing JARs on first launch, this may take a few seconds...
[17:21:52] [ForkJoinPool-1-worker-1/WARN]: Mod dev_isxander_libsdl4j uses the version 3.2.18.release-3.2.18-79 which isn't compatible with Loader's extended semantic version format (Could not parse version number component 'release'!), SemVer is recommended for reliably evaluating dependencies and prioritizing newer version
[17:21:53] [main/INFO]: Dependencies overridden for minecraft, fabricloader
[17:21:53] [main/WARN]: Warnings were found!
 - 'Minecraft' (minecraft) 1.21.11 recommends any version after 12.0.6 of Fabulously Optimized, which is missing!
	 - You should install any version after 12.0.6 of Fabulously Optimized for the optimal experience.
[17:21:53] [main/INFO]: Loading 146 mods:
	- animatica 0.6.1+1.21.5
	- bettergrass 1.8.3+fabric.1.21.11
	- bettermounthud 1.2.6
	- capes 1.5.10+1.21.11
	- cloth-config 21.11.153
	   \-- cloth-basic-math 0.6.1
	- config_manager 1.1.1
	- continuity 3.0.1-beta.1+1.21.11
	- controlify 2.5.2+1.21.11-fabric
	   |-- dev_isxander_libsdl4j 3.2.18.release-3.2.18-79
	   |-- dev_isxander_steamdeck4j 1.1.7
	   \-- org_hid4java_hid4java 0.8.0
	- crash_assistant 1.11.0
	- cubes-without-borders 3.0.0-build.14+mc1.21.11
	- debugify 1.21.11+1.0
	- dynamic_fps 3.11.4
	   \-- net_lostluma_battery 2.0.0
	- e4mc 6.0.6
	   \-- folk_sisby_kaleido-config 0.3.3+1.3.2
	- entity_model_features 3.0.12
	- entity_texture_features 7.0.9
	- entityculling 1.9.5
	   |-- transition 1.0.11
	   \-- trender 1.0.10
	- fabric-api 0.141.3+1.21.11
	   |-- fabric-api-base 1.0.5+4ebb5c083e
	   |-- fabric-api-lookup-api-v1 1.6.114+20dc27073e
	   |-- fabric-biome-api-v1 17.1.1+4fc5413f3e
	   |-- fabric-block-api-v1 1.1.10+4ebb5c083e
	   |-- fabric-block-view-api-v2 1.0.39+4ebb5c083e
	   |-- fabric-command-api-v2 2.4.7+6b42a6003e
	   |-- fabric-content-registries-v0 10.2.14+4fc5413f3e
	   |-- fabric-convention-tags-v1 2.1.55+7f945d5b3e
	   |-- fabric-convention-tags-v2 2.17.3+8ef948ba3e
	   |-- fabric-crash-report-info-v1 0.3.23+4ebb5c083e
	   |-- fabric-data-attachment-api-v1 1.8.47+eed0806f3e
	   |-- fabric-data-generation-api-v1 23.4.0+69974c4e3e
	   |-- fabric-dimensions-v1 4.0.28+4fc5413f3e
	   |-- fabric-entity-events-v1 3.1.1+1d0ab4303e
	   |-- fabric-events-interaction-v0 4.1.0+3b89ecf63e
	   |-- fabric-game-rule-api-v1 2.0.3+4fc5413f3e
	   |-- fabric-item-api-v1 11.5.20+d0c46b9e3e
	   |-- fabric-item-group-api-v1 4.2.36+4fc5413f3e
	   |-- fabric-key-binding-api-v1 1.1.7+4fc5413f3e
	   |-- fabric-lifecycle-events-v1 2.6.15+4ebb5c083e
	   |-- fabric-loot-api-v2 3.0.73+3f89f5a53e
	   |-- fabric-loot-api-v3 2.0.20+78c8b4663e
	   |-- fabric-message-api-v1 6.1.12+4ebb5c083e
	   |-- fabric-model-loading-api-v1 6.0.15+4fc5413f3e
	   |-- fabric-networking-api-v1 5.1.5+ae1e07683e
	   |-- fabric-object-builder-api-v1 21.1.39+4fc5413f3e
	   |-- fabric-particles-v1 4.2.11+4fc5413f3e
	   |-- fabric-recipe-api-v1 8.2.3+4ebb5c083e
	   |-- fabric-registry-sync-v0 6.2.5+1718722b3e
	   |-- fabric-renderer-api-v1 8.0.3+f4ffd2e53e
	   |-- fabric-renderer-indigo 5.0.3+f4ffd2e53e
	   |-- fabric-rendering-fluids-v1 3.1.43+4ebb5c083e
	   |-- fabric-rendering-v1 16.2.10+0290ad933e
	   |-- fabric-resource-conditions-api-v1 5.0.35+4fc5413f3e
	   |-- fabric-resource-loader-v0 3.3.4+4fc5413f3e
	   |-- fabric-resource-loader-v1 1.0.10+78c8b4663e
	   |-- fabric-screen-api-v1 3.1.7+4ebb5c083e
	   |-- fabric-screen-handler-api-v1 1.3.161+4fc5413f3e
	   |-- fabric-serialization-api-v1 1.0.5+4ebb5c083e
	   |-- fabric-sound-api-v1 1.0.51+4fc5413f3e
	   |-- fabric-tag-api-v1 1.2.20+4fc5413f3e
	   |-- fabric-transfer-api-v1 6.0.25+4fc5413f3e
	   \-- fabric-transitive-access-wideners-v1 7.1.0+014c8cec3e
	- fabric-language-kotlin 1.13.9+kotlin.2.3.10
	   |-- org_jetbrains_kotlin_kotlin-reflect 2.3.10
	   |-- org_jetbrains_kotlin_kotlin-stdlib 2.3.10
	   |-- org_jetbrains_kotlin_kotlin-stdlib-jdk7 2.3.10
	   |-- org_jetbrains_kotlin_kotlin-stdlib-jdk8 2.3.10
	   |-- org_jetbrains_kotlinx_atomicfu-jvm 0.31.0
	   |-- org_jetbrains_kotlinx_kotlinx-coroutines-core-jvm 1.10.2
	   |-- org_jetbrains_kotlinx_kotlinx-coroutines-jdk8 1.10.2
	   |-- org_jetbrains_kotlinx_kotlinx-datetime-jvm 0.7.1
	   |-- org_jetbrains_kotlinx_kotlinx-io-bytestring-jvm 0.8.2
	   |-- org_jetbrains_kotlinx_kotlinx-io-core-jvm 0.8.2
	   |-- org_jetbrains_kotlinx_kotlinx-serialization-cbor-jvm 1.10.0
	   |-- org_jetbrains_kotlinx_kotlinx-serialization-core-jvm 1.10.0
	   \-- org_jetbrains_kotlinx_kotlinx-serialization-json-jvm 1.10.0
	- fabricloader 0.18.4
	   \-- mixinextras 0.5.0
	- fabrishot 1.16.4
	- fastquit 3.1.3+mc1.21.11
	- ferritecore 8.2.0
	- forgeconfigapiport 21.11.1
	   |-- com_electronwill_night-config_core 3.8.3
	   \-- com_electronwill_night-config_toml 3.8.3
	- immediatelyfast 1.14.2+1.21.11
	   \-- net_lenni0451_reflect 1.6.1+curseforge
	- iris 1.10.6+mc1.21.11
	   |-- io_github_douira_glsl-transformer 3.0.0-pre3
	   |-- org_anarres_jcpp 1.4.14
	   \-- org_antlr_antlr4-runtime 4.13.1
	- isxander-main-menu-credits 1.2.0
	- java 21
	- lambdynlights 4.9.1+1.21.11
	   \-- lambdynlights_runtime 4.9.1+1.21.11
	        |-- lambdynlights_api 4.9.1+1.21.11
	        |    |-- yumi_commons_collections 1.0.0
	        |    |-- yumi_commons_core 1.0.0
	        |    \-- yumi_commons_event 1.0.0
	        |-- pride 1.5.1+1.21.11
	        |-- spruceui 9.1.0+1.21.11
	        \-- yumi_mc_core 1.0.0-beta.1+1.21.11
	             |-- yumi_commons_collections 1.0.0
	             |-- yumi_commons_core 1.0.0
	             \-- yumi_commons_event 1.0.0
	- languagereload 1.7.5+1.21.11
	- lithium 0.21.3+mc1.21.11
	- minecraft 1.21.11
	- mixintrace 1.1.1+1.17
	- modmenu 17.0.0-beta.2
	   \-- placeholder-api 2.8.1+1.21.10
	- morechathistory 1.3.1
	- moreculling 1.6.2
	   |-- conditional-mixin 0.6.3
	   \-- mixinsquared 0.2.0
	- nochatreports 1.21.11-v2.18.0
	- optigui 2.3.0-beta.9+1.21.9
	   |-- org_apache_commons_commons-text 1.12.0
	   \-- org_ini4j_ini4j 0.5.4
	- paginatedadvancements 2.8.0+1.21.11
	- polytone 1.21.11-5.4.10
	   |-- net_objecthunter_exp4j 0.4.8
	   \-- org_mvel_mvel2 2.5.2
	- puzzle 2.3.0
	   \-- midnightlib 1.9.2
	- reeses-sodium-options 2.0.3+mc1.21.11
	- rrls 5.1.15+mc.1.21.11
	- skyboxify 2.6
	   |-- com_moulberry_mixinconstraints 1.1.0
	   |-- lightconfig 1.0-alpha.8
	   \-- mixinsquared 0.2.0
	- sodium 0.8.6+mc1.21.11
	- sodium-extra 0.8.3+mc1.21.11
	- sspb 6.0.0
	- yet_another_config_lib_v3 3.8.2+1.21.11-fabric
	   |-- com_twelvemonkeys_common_common-image 3.12.0
	   |-- com_twelvemonkeys_common_common-io 3.12.0
	   |-- com_twelvemonkeys_common_common-lang 3.12.0
	   |-- com_twelvemonkeys_imageio_imageio-core 3.12.0
	   |-- com_twelvemonkeys_imageio_imageio-metadata 3.12.0
	   |-- com_twelvemonkeys_imageio_imageio-webp 3.12.0
	   |-- org_quiltmc_parsers_gson 0.2.1
	   \-- org_quiltmc_parsers_json 0.2.1
	- zoomify 2.15.2+1.21.11
	   \-- com_akuleshov7_ktoml-core-jvm 0.7.1
[17:21:53] [main/INFO]: No flag found, running a usual copy
[17:21:53] [main/INFO]: Launching CrashAssistantApp (CrashAssistant-fabric-1.21.5-1.21.11-1.11.0.jar)
[17:21:54] [main/INFO]: SpongePowered MIXIN Subsystem Version=0.8.7 Source=file:/home/khanh/.local/share/PrismLauncher/libraries/net/fabricmc/sponge-mixin/0.17.0+mixin.0.8.7/sponge-mixin-0.17.0+mixin.0.8.7.jar Service=Knot/Fabric Env=CLIENT
[17:21:54] [main/INFO]: Compatibility level set to JAVA_16
[17:21:54] [main/INFO]: Compatibility level set to JAVA_21
[17:21:55] [main/INFO]: Preloading Debugify
[17:21:55] [CrashAssistantApp process logger/INFO]: CrashAssistantApp process successfully started.
[17:21:55] [main/WARN]: Reference map 'iris.refmap.json' for mixins.iris.json could not be read. If this is a development environment you can ignore this message
[17:21:55] [main/WARN]: Reference map 'iris-fabric.refmap.json' for mixins.iris.fabric.json could not be read. If this is a development environment you can ignore this message
[17:21:55] [main/WARN]: Reference map 'iris.refmap.json' for mixins.iris.fantastic.json could not be read. If this is a development environment you can ignore this message
[17:21:55] [main/WARN]: Reference map 'iris.refmap.json' for mixins.iris.vertexformat.json could not be read. If this is a development environment you can ignore this message
[17:21:55] [main/WARN]: Reference map 'iris.refmap.json' for mixins.iris.bettermipmaps.json could not be read. If this is a development environment you can ignore this message
[17:21:55] [main/WARN]: Reference map 'iris.refmap.json' for mixins.iris.compat.sodium.json could not be read. If this is a development environment you can ignore this message
[17:21:55] [main/WARN]: Reference map 'iris.refmap.json' for mixins.iris.fixes.maxfpscrash.json could not be read. If this is a development environment you can ignore this message
[17:21:55] [main/INFO]: Loaded configuration file for Lithium: 168 options available, 0 override(s) found.
[17:21:55] [main/WARN]: Reference map 'moreculling.refmap.json' for moreculling.mixins.json could not be read. If this is a development environment you can ignore this message
[17:21:55] [main/WARN]: Reference map 'moreculling.refmap.json' for moreculling.fabric.mixins.json could not be read. If this is a development environment you can ignore this message
[17:21:55] [main/WARN]: Reference map 'nochatreports.refmap.json' for mixins/common/nochatreports.mixins.json could not be read. If this is a development environment you can ignore this message
[17:21:55] [main/WARN]: Reference map 'reeses-sodium-options.refmap.json' for reeses-sodium-options.mixins.json could not be read. If this is a development environment you can ignore this message
[17:21:55] [main/INFO]: Loaded configuration file for Sodium: 35 options available, 1 override(s) found
[17:21:55] [main/INFO]: Loaded configuration file for Sodium Extra: 26 options available, 0 override(s) found
[17:21:55] [main/WARN]: Reference map 'sodium-extra.refmap.json' for sodium-extra.mixins.json could not be read. If this is a development environment you can ignore this message
[17:21:55] [main/WARN]: Reference map 'sspb.refmap.json' for sspb.mixins.json could not be read. If this is a development environment you can ignore this message
[17:21:55] [main/WARN]: Reference map 'yet_another_config_lib_v3.refmap.json' for yacl.mixins.json could not be read. If this is a development environment you can ignore this message
[17:21:55] [main/WARN]: Reference map 'yet_another_config_lib_v3.refmap.json' for yacl-fabric.mixins.json could not be read. If this is a development environment you can ignore this message
[17:21:56] [main/WARN]: Force disabled MC-59810 because it only applies to OS: MAC
[17:21:56] [main/WARN]: Error loading class: dev/tr7zw/skinlayers/render/CustomizableModelPart (java.lang.ClassNotFoundException: dev/tr7zw/skinlayers/render/CustomizableModelPart)
[17:21:57] [main/WARN]: Error loading class: net/irisshaders/batchedentityrendering/impl/FullyBufferedMultiBufferSource (java.lang.ClassNotFoundException: net/irisshaders/batchedentityrendering/impl/FullyBufferedMultiBufferSource)
[17:21:57] [main/WARN]: Error loading class: net/irisshaders/iris/layer/InnerWrappedRenderType (java.lang.ClassNotFoundException: net/irisshaders/iris/layer/InnerWrappedRenderType)
[17:21:58] [main/WARN]: Force-disabling mixin 'features.render.world.sky.LevelRendererMixin' as rule 'mixin.features.render.world.sky' (added by mods [iris]) disables it and children
[17:21:59] [main/INFO]: Searching for graphics cards...
[17:21:59] [main/INFO]: Found graphics adapter: LinuxPciAdapterInfo[vendor=INTEL, name=3rd Gen Core processor Graphics Controller, pciVendorId=0x8086, pciDeviceId=0x0166]
[17:21:59] [main/WARN]: Sodium has applied one or more workarounds to prevent crashes or other issues on your system: [NO_ERROR_CONTEXT_UNSUPPORTED]
[17:21:59] [main/WARN]: This is not necessarily an issue, but it may result in certain features or optimizations being disabled. You can sometimes fix these issues by upgrading your graphics driver.
[17:21:59] [main/INFO]: Initializing MixinExtras via com.llamalad7.mixinextras.service.MixinExtrasServiceImpl(version=0.5.0).
[17:22:03] [Datafixer Bootstrap/INFO]: trender.mixins.json:client.ScreenAccessor from mod trender->@Invoker[METHOD_PROXY]::libgui$defaultHandleGameClickEvent(Lnet/minecraft/class_2558;Lnet/minecraft/class_310;Lnet/minecraft/class_437;)V should be static as its target is
[17:22:07] [Datafixer Bootstrap/INFO]: 287 Datafixer optimizations took 4319 milliseconds
[17:22:23] [Render thread/INFO]: Environment: Environment[sessionHost=https://sessionserver.mojang.com, servicesHost=https://api.minecraftservices.com, profilesHost=https://api.mojang.com, name=PROD]
[17:22:23] [Render thread/INFO]: Setting user: khanhnotbruh
[17:22:23] [Render thread/INFO]: Enabled 8 bug fixes: [MC-577, MC-59810, MC-89146, MC-90683, MC-122477, MC-237493, MC-259512, MC-263865]
[17:22:23] [Render thread/INFO]: Successfully Debugify'd your game!
[17:22:25] [Render thread/WARN]: [BetterGrassify] Missing config field 'resourcePackCompatibilityMode'. Re-saving as default.
[17:22:25] [Render thread/WARN]: [BetterGrassify] Missing config field 'blocks'. Re-saving as default.
[17:22:25] [Render thread/WARN]: [BetterGrassify] Missing config field 'betterSnow'. Re-saving as default.
[17:22:25] [Render thread/INFO]: [BetterGrassify] Better Grass is disabled! ;(
[17:22:25] [Download-2/ERROR]: Failed to fetch user properties
com.mojang.authlib.exceptions.InvalidCredentialsException: Status: 401
	at knot//com.mojang.authlib.exceptions.MinecraftClientHttpException.toAuthenticationException(MinecraftClientHttpException.java:59)
	at knot//com.mojang.authlib.yggdrasil.YggdrasilUserApiService.fetchProperties(YggdrasilUserApiService.java:150)
	at knot//net.minecraft.class_310.method_55608(class_310.java:457)
	at java.base/java.util.concurrent.CompletableFuture$AsyncSupply.run(CompletableFuture.java:1768)
	at java.base/java.util.concurrent.ThreadPoolExecutor.runWorker(ThreadPoolExecutor.java:1144)
	at java.base/java.util.concurrent.ThreadPoolExecutor$Worker.run(ThreadPoolExecutor.java:642)
	at java.base/java.lang.Thread.run(Thread.java:1583)
Caused by: com.mojang.authlib.exceptions.MinecraftClientHttpException: Status: 401
	at knot//com.mojang.authlib.minecraft.client.MinecraftClient.readInputStream(MinecraftClient.java:103)
	at knot//com.mojang.authlib.minecraft.client.MinecraftClient.get(MinecraftClient.java:56)
	at knot//com.mojang.authlib.yggdrasil.YggdrasilUserApiService.fetchProperties(YggdrasilUserApiService.java:121)
	... 5 more
[17:22:26] [Render thread/INFO]: Trying to read config file...
[17:22:26] [Render thread/INFO]: A config file was found, loading it..
[17:22:26] [Render thread/INFO]: Successfully loaded config file.
[17:22:26] [Render thread/INFO]: Pre-initializing Controlify...
[17:22:26] [Render thread/INFO]: [ETF]: Modifying ETF Render State constructor because: for EMF
[17:22:26] [Render thread/INFO]: Loading Entity Model Features, breaking your resource packs since April 1st 2023.
[17:22:26] [Render thread/INFO]: [ETF]: 6 new ETF Random Properties registered by entity_model_features
[17:22:26] [Render thread/INFO]: Loading Entity Texture Features, ,serutaeF erutxeT ytitnE gnidoaL
[17:22:27] [Render thread/INFO]: [Indigo] Different rendering plugin detected; not applying Indigo.
[17:22:27] [Render thread/INFO]: [FastQuit] Initialized
[17:22:28] [Render thread/WARN]: Found *decent* program match for minecraft:polytone/pipeline/leash: TEXTURED
[17:22:28] [Render thread/WARN]: Found okay program match for polytone:pipeline/additive_particle: PARTICLES_TRANS
[17:22:28] [Render thread/WARN]: Found *decent* program match for polytone:pipeline/additive_translucent_moving_block: TEXT_BE
[17:22:29] [Render thread/INFO]: Config file doesn't exist! Creating one...
[17:22:29] [Render thread/INFO]: Config successfully saved!
[17:22:29] [Render thread/INFO]: [SSPB] Broken dirt path lighting is best dirt path lighting lol
[17:22:29] [Render thread/INFO]: [STDOUT]: [LibGui] Initializing Client...
[17:22:29] [Render thread/INFO]: Config file '/home/khanh/.local/share/PrismLauncher/instances/Fabulously Optimized/minecraft/config/yacl.json5' does not exist. Creating it with default values.
[17:22:29] [Render thread/INFO]: Serializing class dev.isxander.yacl3.platform.YACLConfig to '/home/khanh/.local/share/PrismLauncher/instances/Fabulously Optimized/minecraft/config/yacl.json5'
[17:22:29] [Render thread/INFO]: Initializing mods (entrypoint yumi:init)...
[17:22:29] [Render thread/INFO]: [LambDynLights] Initializing LambDynamicLights...
[17:22:30] [Render thread/INFO]: [LambDynLights] Configuration loaded.
[17:22:30] [Render thread/INFO]: Backend library: LWJGL version 3.3.3-snapshot
[17:22:31] [Render thread/INFO]: Initializing ImmediatelyFast 1.14.2+1.21.11 on Mesa Intel(R) HD Graphics 4000 (IVB GT2) (Intel) with OpenGL 4.2 (Core Profile) Mesa 26.0.1-arch1.1
[17:22:31] [Render thread/INFO]: Found Iris 1.10.6+mc1.21.11. Enabling compatibility.
[17:22:31] [Render thread/INFO]: Debug functionality is disabled.
[17:22:31] [Render thread/INFO]: ARB_direct_state_access detected, enabling DSA.
[17:22:32] [Render thread/INFO]: Shaders are disabled because enableShaders is set to false in iris.properties
[17:22:32] [Render thread/INFO]: OpenGL Vendor: Intel
[17:22:32] [Render thread/INFO]: OpenGL Renderer: Mesa Intel(R) HD Graphics 4000 (IVB GT2)
[17:22:32] [Render thread/INFO]: OpenGL Version: 4.2 (Core Profile) Mesa 26.0.1-arch1.1
[17:22:32] [Render thread/INFO]: Using optional rendering extensions: GL_ARB_buffer_storage, GL_KHR_debug, GL_ARB_vertex_attrib_binding, GL_ARB_direct_state_access, GL_EXT_texture_filter_anisotropic
[17:22:33] [Render thread/INFO]: Hardware information:
[17:22:33] [Render thread/INFO]: CPU: 4x Intel(R) Core(TM) i3-3217U CPU @ 1.80GHz
[17:22:33] [Render thread/INFO]: GPU: Mesa Intel(R) HD Graphics 4000 (IVB GT2) (Supports OpenGL 4.2 (Core Profile) Mesa 26.0.1-arch1.1)
[17:22:33] [Render thread/INFO]: OS: Linux (6.18.13-arch1-1)
[17:22:34] [Render thread/ERROR]: Error while loading the narrator
com.mojang.text2speech.Narrator$InitializeException: Failed to load library flite
	at knot//com.mojang.text2speech.NarratorLinux$FliteLibrary.loadNative(NarratorLinux.java:81)
	at knot//com.mojang.text2speech.NarratorLinux.<init>(NarratorLinux.java:18)
	at knot//com.mojang.text2speech.Narrator.getNarrator(Narrator.java:41)
	at knot//net.minecraft.class_333.<init>(class_333.java:20)
	at knot//net.minecraft.class_310.<init>(class_310.java:702)
	at knot//net.minecraft.client.main.Main.main(Main.java:234)
	at net.fabricmc.loader.impl.game.minecraft.MinecraftGameProvider.launch(MinecraftGameProvider.java:514)
	at net.fabricmc.loader.impl.launch.knot.Knot.launch(Knot.java:72)
	at net.fabricmc.loader.impl.launch.knot.KnotClient.main(KnotClient.java:23)
	at org.prismlauncher.launcher.impl.StandardLauncher.launch(StandardLauncher.java:115)
	at org.prismlauncher.EntryPoint.listen(EntryPoint.java:129)
	at org.prismlauncher.EntryPoint.main(EntryPoint.java:70)
Caused by: java.lang.UnsatisfiedLinkError: Unable to load library 'flite':
libflite.so: cannot open shared object file: No such file or directory
libflite.so: cannot open shared object file: No such file or directory
Native library (linux-x86-64/libflite.so) not found in resource path (/usr/share/PrismLauncher/NewLaunch.jar:/home/khanh/.local/share/PrismLauncher/libraries/org/lwjgl/lwjgl-freetype-natives-linux/3.3.3/lwjgl-freetype-natives-linux-3.3.3.jar:/home/khanh/.local/share/PrismLauncher/libraries/org/lwjgl/lwjgl-freetype/3.3.3/lwjgl-freetype-3.3.3.jar:/home/khanh/.local/share/PrismLauncher/libraries/org/lwjgl/lwjgl-glfw-natives-linux/3.3.3/lwjgl-glfw-natives-linux-3.3.3.jar:/home/khanh/.local/share/PrismLauncher/libraries/org/lwjgl/lwjgl-glfw/3.3.3/lwjgl-glfw-3.3.3.jar:/home/khanh/.local/share/PrismLauncher/libraries/org/lwjgl/lwjgl-jemalloc-natives-linux/3.3.3/lwjgl-jemalloc-natives-linux-3.3.3.jar:/home/khanh/.local/share/PrismLauncher/libraries/org/lwjgl/lwjgl-jemalloc/3.3.3/lwjgl-jemalloc-3.3.3.jar:/home/khanh/.local/share/PrismLauncher/libraries/org/lwjgl/lwjgl-natives-linux/3.3.3/lwjgl-natives-linux-3.3.3.jar:/home/khanh/.local/share/PrismLauncher/libraries/org/lwjgl/lwjgl-openal-natives-linux/3.3.3/lwjgl-openal-natives-linux-3.3.3.jar:/home/khanh/.local/share/PrismLauncher/libraries/org/lwjgl/lwjgl-openal/3.3.3/lwjgl-openal-3.3.3.jar:/home/khanh/.local/share/PrismLauncher/libraries/org/lwjgl/lwjgl-opengl-natives-linux/3.3.3/lwjgl-opengl-natives-linux-3.3.3.jar:/home/khanh/.local/share/PrismLauncher/libraries/org/lwjgl/lwjgl-opengl/3.3.3/lwjgl-opengl-3.3.3.jar:/home/khanh/.local/share/PrismLauncher/libraries/org/lwjgl/lwjgl-stb-natives-linux/3.3.3/lwjgl-stb-natives-linux-3.3.3.jar:/home/khanh/.local/share/PrismLauncher/libraries/org/lwjgl/lwjgl-stb/3.3.3/lwjgl-stb-3.3.3.jar:/home/khanh/.local/share/PrismLauncher/libraries/org/lwjgl/lwjgl-tinyfd-natives-linux/3.3.3/lwjgl-tinyfd-natives-linux-3.3.3.jar:/home/khanh/.local/share/PrismLauncher/libraries/org/lwjgl/lwjgl-tinyfd/3.3.3/lwjgl-tinyfd-3.3.3.jar:/home/khanh/.local/share/PrismLauncher/libraries/org/lwjgl/lwjgl/3.3.3/lwjgl-3.3.3.jar:/home/khanh/.local/share/PrismLauncher/libraries/at/yawk/lz4/lz4-java/1.8.1/lz4-java-1.8.1.jar:/home/khanh/.local/share/PrismLauncher/libraries/com/azure/azure-json/1.4.0/azure-json-1.4.0.jar:/home/khanh/.local/share/PrismLauncher/libraries/com/github/oshi/oshi-core/6.9.0/oshi-core-6.9.0.jar:/home/khanh/.local/share/PrismLauncher/libraries/com/google/code/gson/gson/2.13.2/gson-2.13.2.jar:/home/khanh/.local/share/PrismLauncher/libraries/com/google/guava/failureaccess/1.0.3/failureaccess-1.0.3.jar:/home/khanh/.local/share/PrismLauncher/libraries/com/google/guava/guava/33.5.0-jre/guava-33.5.0-jre.jar:/home/khanh/.local/share/PrismLauncher/libraries/com/ibm/icu/icu4j/77.1/icu4j-77.1.jar:/home/khanh/.local/share/PrismLauncher/libraries/com/microsoft/azure/msal4j/1.23.1/msal4j-1.23.1.jar:/home/khanh/.local/share/PrismLauncher/libraries/com/mojang/authlib/7.0.61/authlib-7.0.61.jar:/home/khanh/.local/share/PrismLauncher/libraries/com/mojang/blocklist/1.0.10/blocklist-1.0.10.jar:/home/khanh/.local/share/PrismLauncher/libraries/com/mojang/brigadier/1.3.10/brigadier-1.3.10.jar:/home/khanh/.local/share/PrismLauncher/libraries/com/mojang/datafixerupper/9.0.19/datafixerupper-9.0.19.jar:/home/khanh/.local/share/PrismLauncher/libraries/com/mojang/jtracy/1.0.37/jtracy-1.0.37.jar:/home/khanh/.local/share/PrismLauncher/libraries/com/mojang/jtracy-natives-linux/1.0.37/jtracy-natives-linux-1.0.37.jar:/home/khanh/.local/share/PrismLauncher/libraries/com/mojang/logging/1.6.11/logging-1.6.11.jar:/home/khanh/.local/share/PrismLauncher/libraries/com/mojang/patchy/2.2.10/patchy-2.2.10.jar:/home/khanh/.local/share/PrismLauncher/libraries/com/mojang/text2speech/1.18.11/text2speech-1.18.11.jar:/home/khanh/.local/share/PrismLauncher/libraries/commons-codec/commons-codec/1.19.0/commons-codec-1.19.0.jar:/home/khanh/.local/share/PrismLauncher/libraries/commons-io/commons-io/2.20.0/commons-io-2.20.0.jar:/home/khanh/.local/share/PrismLauncher/libraries/io/netty/netty-buffer/4.2.7.Final/netty-buffer-4.2.7.Final.jar:/home/khanh/.local/share/PrismLauncher/libraries/io/netty/netty-codec-base/4.2.7.Final/netty-codec-base-4.2.7.Final.jar:/home/khanh/.local/share/PrismLauncher/libraries/io/netty/netty-codec-compression/4.2.7.Final/netty-codec-compression-4.2.7.Final.jar:/home/khanh/.local/share/PrismLauncher/libraries/io/netty/netty-codec-http/4.2.7.Final/netty-codec-http-4.2.7.Final.jar:/home/khanh/.local/share/PrismLauncher/libraries/io/netty/netty-common/4.2.7.Final/netty-common-4.2.7.Final.jar:/home/khanh/.local/share/PrismLauncher/libraries/io/netty/netty-handler/4.2.7.Final/netty-handler-4.2.7.Final.jar:/home/khanh/.local/share/PrismLauncher/libraries/io/netty/netty-resolver/4.2.7.Final/netty-resolver-4.2.7.Final.jar:/home/khanh/.local/share/PrismLauncher/libraries/io/netty/netty-transport-classes-epoll/4.2.7.Final/netty-transport-classes-epoll-4.2.7.Final.jar:/home/khanh/.local/share/PrismLauncher/libraries/io/netty/netty-transport-classes-kqueue/4.2.7.Final/netty-transport-classes-kqueue-4.2.7.Final.jar:/home/khanh/.local/share/PrismLauncher/libraries/io/netty/netty-transport-native-epoll/4.2.7.Final/netty-transport-native-epoll-4.2.7.Final-linux-aarch_64.jar:/home/khanh/.local/share/PrismLauncher/libraries/io/netty/netty-transport-native-epoll/4.2.7.Final/netty-transport-native-epoll-4.2.7.Final-linux-x86_64.jar:/home/khanh/.local/share/PrismLauncher/libraries/io/netty/netty-transport-native-unix-common/4.2.7.Final/netty-transport-native-unix-common-4.2.7.Final.jar:/home/khanh/.local/share/PrismLauncher/libraries/io/netty/netty-transport/4.2.7.Final/netty-transport-4.2.7.Final.jar:/home/khanh/.local/share/PrismLauncher/libraries/it/unimi/dsi/fastutil/8.5.18/fastutil-8.5.18.jar:/home/khanh/.local/share/PrismLauncher/libraries/net/java/dev/jna/jna-platform/5.17.0/jna-platform-5.17.0.jar:/home/khanh/.local/share/PrismLauncher/libraries/net/java/dev/jna/jna/5.17.0/jna-5.17.0.jar:/home/khanh/.local/share/PrismLauncher/libraries/net/sf/jopt-simple/jopt-simple/5.0.4/jopt-simple-5.0.4.jar:/home/khanh/.local/share/PrismLauncher/libraries/org/apache/commons/commons-compress/1.28.0/commons-compress-1.28.0.jar:/home/khanh/.local/share/PrismLauncher/libraries/org/apache/commons/commons-lang3/3.19.0/commons-lang3-3.19.0.jar:/home/khanh/.local/share/PrismLauncher/libraries/org/apache/logging/log4j/log4j-api/2.25.2/log4j-api-2.25.2.jar:/home/khanh/.local/share/PrismLauncher/libraries/org/apache/logging/log4j/log4j-core/2.25.2/log4j-core-2.25.2.jar:/home/khanh/.local/share/PrismLauncher/libraries/org/apache/logging/log4j/log4j-slf4j2-impl/2.25.2/log4j-slf4j2-impl-2.25.2.jar:/home/khanh/.local/share/PrismLauncher/libraries/org/jcraft/jorbis/0.0.17/jorbis-0.0.17.jar:/home/khanh/.local/share/PrismLauncher/libraries/org/joml/joml/1.10.8/joml-1.10.8.jar:/home/khanh/.local/share/PrismLauncher/libraries/org/jspecify/jspecify/1.0.0/jspecify-1.0.0.jar:/home/khanh/.local/share/PrismLauncher/libraries/org/slf4j/slf4j-api/2.0.17/slf4j-api-2.0.17.jar:/home/khanh/.local/share/PrismLauncher/libraries/net/fabricmc/intermediary/1.21.11/intermediary-1.21.11.jar:/home/khanh/.local/share/PrismLauncher/libraries/org/ow2/asm/asm/9.9/asm-9.9.jar:/home/khanh/.local/share/PrismLauncher/libraries/org/ow2/asm/asm-analysis/9.9/asm-analysis-9.9.jar:/home/khanh/.local/share/PrismLauncher/libraries/org/ow2/asm/asm-commons/9.9/asm-commons-9.9.jar:/home/khanh/.local/share/PrismLauncher/libraries/org/ow2/asm/asm-tree/9.9/asm-tree-9.9.jar:/home/khanh/.local/share/PrismLauncher/libraries/org/ow2/asm/asm-util/9.9/asm-util-9.9.jar:/home/khanh/.local/share/PrismLauncher/libraries/net/fabricmc/sponge-mixin/0.17.0+mixin.0.8.7/sponge-mixin-0.17.0+mixin.0.8.7.jar:/home/khanh/.local/share/PrismLauncher/libraries/net/fabricmc/fabric-loader/0.18.4/fabric-loader-0.18.4.jar:/home/khanh/.local/share/PrismLauncher/libraries/com/mojang/minecraft/1.21.11/minecraft-1.21.11-client.jar)
	at knot//com.sun.jna.NativeLibrary.loadLibrary(NativeLibrary.java:325)
	at knot//com.sun.jna.NativeLibrary.getInstance(NativeLibrary.java:481)
	at knot//com.sun.jna.NativeLibrary.getInstance(NativeLibrary.java:423)
	at knot//com.mojang.text2speech.NarratorLinux$FliteLibrary.loadNative(NarratorLinux.java:79)
	... 11 more
	Suppressed: java.lang.UnsatisfiedLinkError: libflite.so: cannot open shared object file: No such file or directory
		at knot//com.sun.jna.Native.open(Native Method)
		at knot//com.sun.jna.NativeLibrary.loadLibrary(NativeLibrary.java:213)
		... 14 more
	Suppressed: java.lang.UnsatisfiedLinkError: libflite.so: cannot open shared object file: No such file or directory
		at knot//com.sun.jna.Native.open(Native Method)
		at knot//com.sun.jna.NativeLibrary.loadLibrary(NativeLibrary.java:226)
		... 14 more
	Suppressed: java.io.IOException: Native library (linux-x86-64/libflite.so) not found in resource path (/usr/share/PrismLauncher/NewLaunch.jar:/home/khanh/.local/share/PrismLauncher/libraries/org/lwjgl/lwjgl-freetype-natives-linux/3.3.3/lwjgl-freetype-natives-linux-3.3.3.jar:/home/khanh/.local/share/PrismLauncher/libraries/org/lwjgl/lwjgl-freetype/3.3.3/lwjgl-freetype-3.3.3.jar:/home/khanh/.local/share/PrismLauncher/libraries/org/lwjgl/lwjgl-glfw-natives-linux/3.3.3/lwjgl-glfw-natives-linux-3.3.3.jar:/home/khanh/.local/share/PrismLauncher/libraries/org/lwjgl/lwjgl-glfw/3.3.3/lwjgl-glfw-3.3.3.jar:/home/khanh/.local/share/PrismLauncher/libraries/org/lwjgl/lwjgl-jemalloc-natives-linux/3.3.3/lwjgl-jemalloc-natives-linux-3.3.3.jar:/home/khanh/.local/share/PrismLauncher/libraries/org/lwjgl/lwjgl-jemalloc/3.3.3/lwjgl-jemalloc-3.3.3.jar:/home/khanh/.local/share/PrismLauncher/libraries/org/lwjgl/lwjgl-natives-linux/3.3.3/lwjgl-natives-linux-3.3.3.jar:/home/khanh/.local/share/PrismLauncher/libraries/org/lwjgl/lwjgl-openal-natives-linux/3.3.3/lwjgl-openal-natives-linux-3.3.3.jar:/home/khanh/.local/share/PrismLauncher/libraries/org/lwjgl/lwjgl-openal/3.3.3/lwjgl-openal-3.3.3.jar:/home/khanh/.local/share/PrismLauncher/libraries/org/lwjgl/lwjgl-opengl-natives-linux/3.3.3/lwjgl-opengl-natives-linux-3.3.3.jar:/home/khanh/.local/share/PrismLauncher/libraries/org/lwjgl/lwjgl-opengl/3.3.3/lwjgl-opengl-3.3.3.jar:/home/khanh/.local/share/PrismLauncher/libraries/org/lwjgl/lwjgl-stb-natives-linux/3.3.3/lwjgl-stb-natives-linux-3.3.3.jar:/home/khanh/.local/share/PrismLauncher/libraries/org/lwjgl/lwjgl-stb/3.3.3/lwjgl-stb-3.3.3.jar:/home/khanh/.local/share/PrismLauncher/libraries/org/lwjgl/lwjgl-tinyfd-natives-linux/3.3.3/lwjgl-tinyfd-natives-linux-3.3.3.jar:/home/khanh/.local/share/PrismLauncher/libraries/org/lwjgl/lwjgl-tinyfd/3.3.3/lwjgl-tinyfd-3.3.3.jar:/home/khanh/.local/share/PrismLauncher/libraries/org/lwjgl/lwjgl/3.3.3/lwjgl-3.3.3.jar:/home/khanh/.local/share/PrismLauncher/libraries/at/yawk/lz4/lz4-java/1.8.1/lz4-java-1.8.1.jar:/home/khanh/.local/share/PrismLauncher/libraries/com/azure/azure-json/1.4.0/azure-json-1.4.0.jar:/home/khanh/.local/share/PrismLauncher/libraries/com/github/oshi/oshi-core/6.9.0/oshi-core-6.9.0.jar:/home/khanh/.local/share/PrismLauncher/libraries/com/google/code/gson/gson/2.13.2/gson-2.13.2.jar:/home/khanh/.local/share/PrismLauncher/libraries/com/google/guava/failureaccess/1.0.3/failureaccess-1.0.3.jar:/home/khanh/.local/share/PrismLauncher/libraries/com/google/guava/guava/33.5.0-jre/guava-33.5.0-jre.jar:/home/khanh/.local/share/PrismLauncher/libraries/com/ibm/icu/icu4j/77.1/icu4j-77.1.jar:/home/khanh/.local/share/PrismLauncher/libraries/com/microsoft/azure/msal4j/1.23.1/msal4j-1.23.1.jar:/home/khanh/.local/share/PrismLauncher/libraries/com/mojang/authlib/7.0.61/authlib-7.0.61.jar:/home/khanh/.local/share/PrismLauncher/libraries/com/mojang/blocklist/1.0.10/blocklist-1.0.10.jar:/home/khanh/.local/share/PrismLauncher/libraries/com/mojang/brigadier/1.3.10/brigadier-1.3.10.jar:/home/khanh/.local/share/PrismLauncher/libraries/com/mojang/datafixerupper/9.0.19/datafixerupper-9.0.19.jar:/home/khanh/.local/share/PrismLauncher/libraries/com/mojang/jtracy/1.0.37/jtracy-1.0.37.jar:/home/khanh/.local/share/PrismLauncher/libraries/com/mojang/jtracy-natives-linux/1.0.37/jtracy-natives-linux-1.0.37.jar:/home/khanh/.local/share/PrismLauncher/libraries/com/mojang/logging/1.6.11/logging-1.6.11.jar:/home/khanh/.local/share/PrismLauncher/libraries/com/mojang/patchy/2.2.10/patchy-2.2.10.jar:/home/khanh/.local/share/PrismLauncher/libraries/com/mojang/text2speech/1.18.11/text2speech-1.18.11.jar:/home/khanh/.local/share/PrismLauncher/libraries/commons-codec/commons-codec/1.19.0/commons-codec-1.19.0.jar:/home/khanh/.local/share/PrismLauncher/libraries/commons-io/commons-io/2.20.0/commons-io-2.20.0.jar:/home/khanh/.local/share/PrismLauncher/libraries/io/netty/netty-buffer/4.2.7.Final/netty-buffer-4.2.7.Final.jar:/home/khanh/.local/share/PrismLauncher/libraries/io/netty/netty-codec-base/4.2.7.Final/netty-codec-base-4.2.7.Final.jar:/home/khanh/.local/share/PrismLauncher/libraries/io/netty/netty-codec-compression/4.2.7.Final/netty-codec-compression-4.2.7.Final.jar:/home/khanh/.local/share/PrismLauncher/libraries/io/netty/netty-codec-http/4.2.7.Final/netty-codec-http-4.2.7.Final.jar:/home/khanh/.local/share/PrismLauncher/libraries/io/netty/netty-common/4.2.7.Final/netty-common-4.2.7.Final.jar:/home/khanh/.local/share/PrismLauncher/libraries/io/netty/netty-handler/4.2.7.Final/netty-handler-4.2.7.Final.jar:/home/khanh/.local/share/PrismLauncher/libraries/io/netty/netty-resolver/4.2.7.Final/netty-resolver-4.2.7.Final.jar:/home/khanh/.local/share/PrismLauncher/libraries/io/netty/netty-transport-classes-epoll/4.2.7.Final/netty-transport-classes-epoll-4.2.7.Final.jar:/home/khanh/.local/share/PrismLauncher/libraries/io/netty/netty-transport-classes-kqueue/4.2.7.Final/netty-transport-classes-kqueue-4.2.7.Final.jar:/home/khanh/.local/share/PrismLauncher/libraries/io/netty/netty-transport-native-epoll/4.2.7.Final/netty-transport-native-epoll-4.2.7.Final-linux-aarch_64.jar:/home/khanh/.local/share/PrismLauncher/libraries/io/netty/netty-transport-native-epoll/4.2.7.Final/netty-transport-native-epoll-4.2.7.Final-linux-x86_64.jar:/home/khanh/.local/share/PrismLauncher/libraries/io/netty/netty-transport-native-unix-common/4.2.7.Final/netty-transport-native-unix-common-4.2.7.Final.jar:/home/khanh/.local/share/PrismLauncher/libraries/io/netty/netty-transport/4.2.7.Final/netty-transport-4.2.7.Final.jar:/home/khanh/.local/share/PrismLauncher/libraries/it/unimi/dsi/fastutil/8.5.18/fastutil-8.5.18.jar:/home/khanh/.local/share/PrismLauncher/libraries/net/java/dev/jna/jna-platform/5.17.0/jna-platform-5.17.0.jar:/home/khanh/.local/share/PrismLauncher/libraries/net/java/dev/jna/jna/5.17.0/jna-5.17.0.jar:/home/khanh/.local/share/PrismLauncher/libraries/net/sf/jopt-simple/jopt-simple/5.0.4/jopt-simple-5.0.4.jar:/home/khanh/.local/share/PrismLauncher/libraries/org/apache/commons/commons-compress/1.28.0/commons-compress-1.28.0.jar:/home/khanh/.local/share/PrismLauncher/libraries/org/apache/commons/commons-lang3/3.19.0/commons-lang3-3.19.0.jar:/home/khanh/.local/share/PrismLauncher/libraries/org/apache/logging/log4j/log4j-api/2.25.2/log4j-api-2.25.2.jar:/home/khanh/.local/share/PrismLauncher/libraries/org/apache/logging/log4j/log4j-core/2.25.2/log4j-core-2.25.2.jar:/home/khanh/.local/share/PrismLauncher/libraries/org/apache/logging/log4j/log4j-slf4j2-impl/2.25.2/log4j-slf4j2-impl-2.25.2.jar:/home/khanh/.local/share/PrismLauncher/libraries/org/jcraft/jorbis/0.0.17/jorbis-0.0.17.jar:/home/khanh/.local/share/PrismLauncher/libraries/org/joml/joml/1.10.8/joml-1.10.8.jar:/home/khanh/.local/share/PrismLauncher/libraries/org/jspecify/jspecify/1.0.0/jspecify-1.0.0.jar:/home/khanh/.local/share/PrismLauncher/libraries/org/slf4j/slf4j-api/2.0.17/slf4j-api-2.0.17.jar:/home/khanh/.local/share/PrismLauncher/libraries/net/fabricmc/intermediary/1.21.11/intermediary-1.21.11.jar:/home/khanh/.local/share/PrismLauncher/libraries/org/ow2/asm/asm/9.9/asm-9.9.jar:/home/khanh/.local/share/PrismLauncher/libraries/org/ow2/asm/asm-analysis/9.9/asm-analysis-9.9.jar:/home/khanh/.local/share/PrismLauncher/libraries/org/ow2/asm/asm-commons/9.9/asm-commons-9.9.jar:/home/khanh/.local/share/PrismLauncher/libraries/org/ow2/asm/asm-tree/9.9/asm-tree-9.9.jar:/home/khanh/.local/share/PrismLauncher/libraries/org/ow2/asm/asm-util/9.9/asm-util-9.9.jar:/home/khanh/.local/share/PrismLauncher/libraries/net/fabricmc/sponge-mixin/0.17.0+mixin.0.8.7/sponge-mixin-0.17.0+mixin.0.8.7.jar:/home/khanh/.local/share/PrismLauncher/libraries/net/fabricmc/fabric-loader/0.18.4/fabric-loader-0.18.4.jar:/home/khanh/.local/share/PrismLauncher/libraries/com/mojang/minecraft/1.21.11/minecraft-1.21.11-client.jar)
		at knot//com.sun.jna.Native.extractFromResourcePath(Native.java:1141)
		at knot//com.sun.jna.NativeLibrary.loadLibrary(NativeLibrary.java:297)
		... 14 more
[17:22:34] [Render thread/INFO]: Reloading ResourceManager: vanilla, animatica, bettergrass, bettermounthud, capes, cloth-config, conditional-mixin, config_manager, continuity, controlify, cubes-without-borders, debugify, dynamic_fps, e4mc, entity_model_features, entity_texture_features, entityculling, fabric-api, fabric-api-base, fabric-api-lookup-api-v1, fabric-biome-api-v1, fabric-block-api-v1, fabric-block-view-api-v2, fabric-command-api-v2, fabric-content-registries-v0, fabric-convention-tags-v1, fabric-convention-tags-v2, fabric-crash-report-info-v1, fabric-data-attachment-api-v1, fabric-data-generation-api-v1, fabric-dimensions-v1, fabric-entity-events-v1, fabric-events-interaction-v0, fabric-game-rule-api-v1, fabric-item-api-v1, fabric-item-group-api-v1, fabric-key-binding-api-v1, fabric-language-kotlin, fabric-lifecycle-events-v1, fabric-loot-api-v2, fabric-loot-api-v3, fabric-message-api-v1, fabric-model-loading-api-v1, fabric-networking-api-v1, fabric-object-builder-api-v1, fabric-particles-v1, fabric-recipe-api-v1, fabric-registry-sync-v0, fabric-renderer-api-v1, fabric-renderer-indigo, fabric-rendering-fluids-v1, fabric-rendering-v1, fabric-resource-conditions-api-v1, fabric-resource-loader-v0, fabric-resource-loader-v1, fabric-screen-api-v1, fabric-screen-handler-api-v1, fabric-serialization-api-v1, fabric-sound-api-v1, fabric-tag-api-v1, fabric-transfer-api-v1, fabric-transitive-access-wideners-v1, fabricloader, fabrishot, fastquit, forgeconfigapiport, immediatelyfast, iris, lambdynlights, lambdynlights_api, lambdynlights_runtime, languagereload, lightconfig, lithium, midnightlib, mixintrace, modmenu, morechathistory, moreculling, nochatreports, optigui, paginatedadvancements, placeholder-api, polytone, pride, puzzle, reeses-sodium-options, rrls, skyboxify, sodium, sodium-extra, spruceui, sspb, trender, yet_another_config_lib_v3, zoomify, file/SodiumTranslations.zip, file/Chat Reporting Helper.zip, file/Mod Menu Helper.zip, continuity:glass_pane_culling_fix, continuity:default
[17:22:34] [Download-2/INFO]: Could not authorize you against Realms server: java.lang.RuntimeException: Failed to parse into SignedJWT: 0
[17:22:34] [Download-2/ERROR]: Failed to fetch Realms feature flags
net.minecraft.class_4355: Realms authentication error with message 'java.lang.RuntimeException: Failed to parse into SignedJWT: 0'
	at knot//net.minecraft.class_4341.method_20998(class_4341.java:526)
	at knot//net.minecraft.class_4341.method_68466(class_4341.java:186)
	at java.base/java.util.concurrent.CompletableFuture$AsyncSupply.run(CompletableFuture.java:1768)
	at java.base/java.util.concurrent.ThreadPoolExecutor.runWorker(ThreadPoolExecutor.java:1144)
	at java.base/java.util.concurrent.ThreadPoolExecutor$Worker.run(ThreadPoolExecutor.java:642)
	at java.base/java.lang.Thread.run(Thread.java:1583)
[17:22:35] [Render thread/INFO]: Cached all modded block culling states
[17:22:35] [Worker-Main-16/INFO]: Found unifont_all_no_pua-17.0.01.hex, loading
[17:22:36] [Download-2/ERROR]: Failed to retrieve profile key pair
com.mojang.authlib.exceptions.MinecraftClientHttpException: Status: 401
	at knot//com.mojang.authlib.minecraft.client.MinecraftClient.readInputStream(MinecraftClient.java:103)
	at knot//com.mojang.authlib.minecraft.client.MinecraftClient.post(MinecraftClient.java:64)
	at knot//com.mojang.authlib.yggdrasil.YggdrasilUserApiService.getKeyPair(YggdrasilUserApiService.java:61)
	at knot//net.minecraft.class_7434.method_43605(class_7434.java:128)
	at knot//net.minecraft.class_7434.method_44291(class_7434.java:77)
	at java.base/java.util.concurrent.CompletableFuture$AsyncSupply.run(CompletableFuture.java:1768)
	at java.base/java.util.concurrent.ThreadPoolExecutor.runWorker(ThreadPoolExecutor.java:1144)
	at java.base/java.util.concurrent.ThreadPoolExecutor$Worker.run(ThreadPoolExecutor.java:642)
	at java.base/java.lang.Thread.run(Thread.java:1583)
[17:22:37] [Worker-Main-16/INFO]: Found unifont_jp_patch-17.0.01.hex, loading
[17:22:37] [Worker-Main-16/INFO]: Found unifont_pua-17.0.01.hex, loading
[17:22:38] [Worker-Main-16/ERROR]: [EMF]: OptiFine model map for helmet already exists, overwriting
[17:22:38] [Worker-Main-16/ERROR]: [EMF]: OptiFine model map for chestplate already exists, overwriting
[17:22:38] [Worker-Main-16/ERROR]: [EMF]: OptiFine model map for leggings already exists, overwriting
[17:22:38] [Worker-Main-16/ERROR]: [EMF]: OptiFine model map for boots already exists, overwriting
[17:22:47] [Render thread/INFO]: Language is not set. Setting it to system language
[17:22:47] [Render thread/INFO]: Set language to en_us (mapped from en-US)
[17:22:49] [Render thread/INFO]: OpenAL initialized on device Built-in Audio Analog Stereo
[17:22:49] [Render thread/INFO]: Sound engine started
[17:22:49] [Render thread/INFO]: Created: 512x256x0 minecraft:textures/atlas/particles.png-atlas
[17:22:49] [Render thread/INFO]: Created: 128x128x0 minecraft:textures/atlas/decorated_pot.png-atlas
[17:22:49] [Render thread/INFO]: Created: 2048x1024x0 minecraft:textures/atlas/armor_trims.png-atlas
[17:22:49] [Render thread/INFO]: Created: 512x256x0 minecraft:textures/atlas/paintings.png-atlas
[17:22:49] [Render thread/INFO]: Created: 1024x512x0 minecraft:textures/atlas/shield_patterns.png-atlas
[17:22:49] [Render thread/INFO]: Created: 2048x1024x2 minecraft:textures/atlas/blocks.png-atlas
[17:22:49] [Render thread/INFO]: Created: 512x512x0 minecraft:textures/atlas/chest.png-atlas
[17:22:49] [Render thread/INFO]: Created: 256x128x0 minecraft:textures/atlas/celestials.png-atlas
[17:22:49] [Render thread/INFO]: Created: 1024x512x0 minecraft:textures/atlas/banner_patterns.png-atlas
[17:22:50] [Render thread/INFO]: Created: 512x512x0 minecraft:textures/atlas/beds.png-atlas
[17:22:50] [Render thread/INFO]: Created: 1024x512x0 minecraft:textures/atlas/items.png-atlas
[17:22:50] [Render thread/INFO]: Created: 1024x1024x0 minecraft:textures/atlas/gui.png-atlas
[17:22:50] [Render thread/INFO]: Created: 128x64x0 minecraft:textures/atlas/map_decorations.png-atlas
[17:22:50] [Render thread/INFO]: Created: 512x256x0 minecraft:textures/atlas/signs.png-atlas
[17:22:50] [Render thread/INFO]: Created: 512x512x0 minecraft:textures/atlas/shulker_boxes.png-atlas
[17:22:52] [Render thread/INFO]: 29675 cache(s) were cleared!
[17:22:52] [Render thread/INFO]: [KeyboardLayoutManager] Loaded 3 keyboard layouts
[17:22:52] [Render thread/INFO]: Loaded 3 Polytone config entries
[17:22:52] [Render thread/INFO]: Zoomify detected first launch!
[17:22:52] [Render thread/INFO]: [ETF]: reloading ETF data.
[17:22:52] [Render thread/INFO]: [ETF]: emissive suffixes loaded: {_e}
[17:22:52] [Render thread/INFO]: [ETF]: emissive suffixes loaded: {_e}
[17:22:53] [Render thread/INFO]: Initializing Controlify...
[17:22:53] [Render thread/INFO]: Loading Controlify config...
[17:22:53] [Render thread/INFO]: First launch detected. Creating initial config file!
[17:22:53] [Render thread/INFO]: Saving Controlify config...
[17:22:53] [Render thread/INFO]: [SDLNativesLoader] Attempting to load SDL3 from SDL3
[17:22:53] [Render thread/INFO]: [LoadedSDLNatives] Loading SDL3 version: 3.4.2. Java bindings targeting: 3.2.18
[17:22:53] [Render thread/WARN]: [LoadedSDLNatives] SDL3 NATIVE LIBRARY VERSION MISMATCH! Java bindings are targeting a different version of SDL3 than the loaded native library. This may cause issues.
[17:22:53] [Render thread/INFO]: [LoadedSDLNatives] Successfully initialised SDL subsystems
[17:22:53] [Render thread/INFO]: [SDLNativesLoader] Successfully loaded SDL3 natives
[17:22:53] [Render thread/INFO]: Successfully loaded 443 gamepad mapping entries!
[17:22:53] [Render thread/INFO]: No controllers found.
[17:22:53] [Render thread/ERROR]: [SteamDeckUtil] Skipping Steam Deck checks as steamOS has temporarily broken the enhaned driver.
[17:22:53] [Render thread/INFO]: Steam Deck state: NOT_STEAM_DECK
[17:22:54] [Render thread/INFO]: Overlay is removed!
[17:23:02] [Render thread/ERROR]: ########## GL ERROR ##########
[17:23:02] [Render thread/ERROR]: @ Render
[17:23:02] [Render thread/ERROR]: 65547: X11: Standard cursor shape unavailable
[17:23:14] [Render thread/ERROR]: Error while loading the narrator
com.mojang.text2speech.Narrator$InitializeException: Failed to load library flite
	at knot//com.mojang.text2speech.NarratorLinux$FliteLibrary.loadNative(NarratorLinux.java:81)
	at knot//com.mojang.text2speech.NarratorLinux.<init>(NarratorLinux.java:18)
	at knot//com.mojang.text2speech.Narrator.getNarrator(Narrator.java:41)
	at knot//net.minecraft.class_8032.method_53552(class_8032.java:110)
	at knot//net.minecraft.class_8032.method_25394(class_8032.java:142)
	at knot//net.minecraft.class_437.method_47413(class_437.java:119)
	at knot//net.minecraft.class_757.mixinextras$bridge$method_47413$101(class_757.java)
	at knot//net.minecraft.class_757.wrapOperation$bml000$fabric-screen-api-v1$onRenderScreen(class_757.java:4486)
	at knot//net.minecraft.class_757.mixinextras$bridge$wrapOperation$bml000$fabric-screen-api-v1$onRenderScreen$105(class_757.java)
	at knot//net.minecraft.class_757.wrapOperation$eab001$spruceui$onRenderScreen(class_757.java:10001)
	at knot//net.minecraft.class_757.method_3192(class_757.java:537)
	at knot//net.minecraft.class_310.method_1523(class_310.java:1393)
	at knot//net.minecraft.class_310.method_1514(class_310.java:966)
	at knot//net.minecraft.client.main.Main.main(Main.java:250)
	at net.fabricmc.loader.impl.game.minecraft.MinecraftGameProvider.launch(MinecraftGameProvider.java:514)
	at net.fabricmc.loader.impl.launch.knot.Knot.launch(Knot.java:72)
	at net.fabricmc.loader.impl.launch.knot.KnotClient.main(KnotClient.java:23)
	at org.prismlauncher.launcher.impl.StandardLauncher.launch(StandardLauncher.java:115)
	at org.prismlauncher.EntryPoint.listen(EntryPoint.java:129)
	at org.prismlauncher.EntryPoint.main(EntryPoint.java:70)
Caused by: java.lang.UnsatisfiedLinkError: Unable to load library 'flite':
libflite.so: cannot open shared object file: No such file or directory
libflite.so: cannot open shared object file: No such file or directory
Native library (linux-x86-64/libflite.so) not found in resource path (/usr/share/PrismLauncher/NewLaunch.jar:/home/khanh/.local/share/PrismLauncher/libraries/org/lwjgl/lwjgl-freetype-natives-linux/3.3.3/lwjgl-freetype-natives-linux-3.3.3.jar:/home/khanh/.local/share/PrismLauncher/libraries/org/lwjgl/lwjgl-freetype/3.3.3/lwjgl-freetype-3.3.3.jar:/home/khanh/.local/share/PrismLauncher/libraries/org/lwjgl/lwjgl-glfw-natives-linux/3.3.3/lwjgl-glfw-natives-linux-3.3.3.jar:/home/khanh/.local/share/PrismLauncher/libraries/org/lwjgl/lwjgl-glfw/3.3.3/lwjgl-glfw-3.3.3.jar:/home/khanh/.local/share/PrismLauncher/libraries/org/lwjgl/lwjgl-jemalloc-natives-linux/3.3.3/lwjgl-jemalloc-natives-linux-3.3.3.jar:/home/khanh/.local/share/PrismLauncher/libraries/org/lwjgl/lwjgl-jemalloc/3.3.3/lwjgl-jemalloc-3.3.3.jar:/home/khanh/.local/share/PrismLauncher/libraries/org/lwjgl/lwjgl-natives-linux/3.3.3/lwjgl-natives-linux-3.3.3.jar:/home/khanh/.local/share/PrismLauncher/libraries/org/lwjgl/lwjgl-openal-natives-linux/3.3.3/lwjgl-openal-natives-linux-3.3.3.jar:/home/khanh/.local/share/PrismLauncher/libraries/org/lwjgl/lwjgl-openal/3.3.3/lwjgl-openal-3.3.3.jar:/home/khanh/.local/share/PrismLauncher/libraries/org/lwjgl/lwjgl-opengl-natives-linux/3.3.3/lwjgl-opengl-natives-linux-3.3.3.jar:/home/khanh/.local/share/PrismLauncher/libraries/org/lwjgl/lwjgl-opengl/3.3.3/lwjgl-opengl-3.3.3.jar:/home/khanh/.local/share/PrismLauncher/libraries/org/lwjgl/lwjgl-stb-natives-linux/3.3.3/lwjgl-stb-natives-linux-3.3.3.jar:/home/khanh/.local/share/PrismLauncher/libraries/org/lwjgl/lwjgl-stb/3.3.3/lwjgl-stb-3.3.3.jar:/home/khanh/.local/share/PrismLauncher/libraries/org/lwjgl/lwjgl-tinyfd-natives-linux/3.3.3/lwjgl-tinyfd-natives-linux-3.3.3.jar:/home/khanh/.local/share/PrismLauncher/libraries/org/lwjgl/lwjgl-tinyfd/3.3.3/lwjgl-tinyfd-3.3.3.jar:/home/khanh/.local/share/PrismLauncher/libraries/org/lwjgl/lwjgl/3.3.3/lwjgl-3.3.3.jar:/home/khanh/.local/share/PrismLauncher/libraries/at/yawk/lz4/lz4-java/1.8.1/lz4-java-1.8.1.jar:/home/khanh/.local/share/PrismLauncher/libraries/com/azure/azure-json/1.4.0/azure-json-1.4.0.jar:/home/khanh/.local/share/PrismLauncher/libraries/com/github/oshi/oshi-core/6.9.0/oshi-core-6.9.0.jar:/home/khanh/.local/share/PrismLauncher/libraries/com/google/code/gson/gson/2.13.2/gson-2.13.2.jar:/home/khanh/.local/share/PrismLauncher/libraries/com/google/guava/failureaccess/1.0.3/failureaccess-1.0.3.jar:/home/khanh/.local/share/PrismLauncher/libraries/com/google/guava/guava/33.5.0-jre/guava-33.5.0-jre.jar:/home/khanh/.local/share/PrismLauncher/libraries/com/ibm/icu/icu4j/77.1/icu4j-77.1.jar:/home/khanh/.local/share/PrismLauncher/libraries/com/microsoft/azure/msal4j/1.23.1/msal4j-1.23.1.jar:/home/khanh/.local/share/PrismLauncher/libraries/com/mojang/authlib/7.0.61/authlib-7.0.61.jar:/home/khanh/.local/share/PrismLauncher/libraries/com/mojang/blocklist/1.0.10/blocklist-1.0.10.jar:/home/khanh/.local/share/PrismLauncher/libraries/com/mojang/brigadier/1.3.10/brigadier-1.3.10.jar:/home/khanh/.local/share/PrismLauncher/libraries/com/mojang/datafixerupper/9.0.19/datafixerupper-9.0.19.jar:/home/khanh/.local/share/PrismLauncher/libraries/com/mojang/jtracy/1.0.37/jtracy-1.0.37.jar:/home/khanh/.local/share/PrismLauncher/libraries/com/mojang/jtracy-natives-linux/1.0.37/jtracy-natives-linux-1.0.37.jar:/home/khanh/.local/share/PrismLauncher/libraries/com/mojang/logging/1.6.11/logging-1.6.11.jar:/home/khanh/.local/share/PrismLauncher/libraries/com/mojang/patchy/2.2.10/patchy-2.2.10.jar:/home/khanh/.local/share/PrismLauncher/libraries/com/mojang/text2speech/1.18.11/text2speech-1.18.11.jar:/home/khanh/.local/share/PrismLauncher/libraries/commons-codec/commons-codec/1.19.0/commons-codec-1.19.0.jar:/home/khanh/.local/share/PrismLauncher/libraries/commons-io/commons-io/2.20.0/commons-io-2.20.0.jar:/home/khanh/.local/share/PrismLauncher/libraries/io/netty/netty-buffer/4.2.7.Final/netty-buffer-4.2.7.Final.jar:/home/khanh/.local/share/PrismLauncher/libraries/io/netty/netty-codec-base/4.2.7.Final/netty-codec-base-4.2.7.Final.jar:/home/khanh/.local/share/PrismLauncher/libraries/io/netty/netty-codec-compression/4.2.7.Final/netty-codec-compression-4.2.7.Final.jar:/home/khanh/.local/share/PrismLauncher/libraries/io/netty/netty-codec-http/4.2.7.Final/netty-codec-http-4.2.7.Final.jar:/home/khanh/.local/share/PrismLauncher/libraries/io/netty/netty-common/4.2.7.Final/netty-common-4.2.7.Final.jar:/home/khanh/.local/share/PrismLauncher/libraries/io/netty/netty-handler/4.2.7.Final/netty-handler-4.2.7.Final.jar:/home/khanh/.local/share/PrismLauncher/libraries/io/netty/netty-resolver/4.2.7.Final/netty-resolver-4.2.7.Final.jar:/home/khanh/.local/share/PrismLauncher/libraries/io/netty/netty-transport-classes-epoll/4.2.7.Final/netty-transport-classes-epoll-4.2.7.Final.jar:/home/khanh/.local/share/PrismLauncher/libraries/io/netty/netty-transport-classes-kqueue/4.2.7.Final/netty-transport-classes-kqueue-4.2.7.Final.jar:/home/khanh/.local/share/PrismLauncher/libraries/io/netty/netty-transport-native-epoll/4.2.7.Final/netty-transport-native-epoll-4.2.7.Final-linux-aarch_64.jar:/home/khanh/.local/share/PrismLauncher/libraries/io/netty/netty-transport-native-epoll/4.2.7.Final/netty-transport-native-epoll-4.2.7.Final-linux-x86_64.jar:/home/khanh/.local/share/PrismLauncher/libraries/io/netty/netty-transport-native-unix-common/4.2.7.Final/netty-transport-native-unix-common-4.2.7.Final.jar:/home/khanh/.local/share/PrismLauncher/libraries/io/netty/netty-transport/4.2.7.Final/netty-transport-4.2.7.Final.jar:/home/khanh/.local/share/PrismLauncher/libraries/it/unimi/dsi/fastutil/8.5.18/fastutil-8.5.18.jar:/home/khanh/.local/share/PrismLauncher/libraries/net/java/dev/jna/jna-platform/5.17.0/jna-platform-5.17.0.jar:/home/khanh/.local/share/PrismLauncher/libraries/net/java/dev/jna/jna/5.17.0/jna-5.17.0.jar:/home/khanh/.local/share/PrismLauncher/libraries/net/sf/jopt-simple/jopt-simple/5.0.4/jopt-simple-5.0.4.jar:/home/khanh/.local/share/PrismLauncher/libraries/org/apache/commons/commons-compress/1.28.0/commons-compress-1.28.0.jar:/home/khanh/.local/share/PrismLauncher/libraries/org/apache/commons/commons-lang3/3.19.0/commons-lang3-3.19.0.jar:/home/khanh/.local/share/PrismLauncher/libraries/org/apache/logging/log4j/log4j-api/2.25.2/log4j-api-2.25.2.jar:/home/khanh/.local/share/PrismLauncher/libraries/org/apache/logging/log4j/log4j-core/2.25.2/log4j-core-2.25.2.jar:/home/khanh/.local/share/PrismLauncher/libraries/org/apache/logging/log4j/log4j-slf4j2-impl/2.25.2/log4j-slf4j2-impl-2.25.2.jar:/home/khanh/.local/share/PrismLauncher/libraries/org/jcraft/jorbis/0.0.17/jorbis-0.0.17.jar:/home/khanh/.local/share/PrismLauncher/libraries/org/joml/joml/1.10.8/joml-1.10.8.jar:/home/khanh/.local/share/PrismLauncher/libraries/org/jspecify/jspecify/1.0.0/jspecify-1.0.0.jar:/home/khanh/.local/share/PrismLauncher/libraries/org/slf4j/slf4j-api/2.0.17/slf4j-api-2.0.17.jar:/home/khanh/.local/share/PrismLauncher/libraries/net/fabricmc/intermediary/1.21.11/intermediary-1.21.11.jar:/home/khanh/.local/share/PrismLauncher/libraries/org/ow2/asm/asm/9.9/asm-9.9.jar:/home/khanh/.local/share/PrismLauncher/libraries/org/ow2/asm/asm-analysis/9.9/asm-analysis-9.9.jar:/home/khanh/.local/share/PrismLauncher/libraries/org/ow2/asm/asm-commons/9.9/asm-commons-9.9.jar:/home/khanh/.local/share/PrismLauncher/libraries/org/ow2/asm/asm-tree/9.9/asm-tree-9.9.jar:/home/khanh/.local/share/PrismLauncher/libraries/org/ow2/asm/asm-util/9.9/asm-util-9.9.jar:/home/khanh/.local/share/PrismLauncher/libraries/net/fabricmc/sponge-mixin/0.17.0+mixin.0.8.7/sponge-mixin-0.17.0+mixin.0.8.7.jar:/home/khanh/.local/share/PrismLauncher/libraries/net/fabricmc/fabric-loader/0.18.4/fabric-loader-0.18.4.jar:/home/khanh/.local/share/PrismLauncher/libraries/com/mojang/minecraft/1.21.11/minecraft-1.21.11-client.jar)
	at knot//com.sun.jna.NativeLibrary.loadLibrary(NativeLibrary.java:325)
	at knot//com.sun.jna.NativeLibrary.getInstance(NativeLibrary.java:481)
	at knot//com.sun.jna.NativeLibrary.getInstance(NativeLibrary.java:423)
	at knot//com.mojang.text2speech.NarratorLinux$FliteLibrary.loadNative(NarratorLinux.java:79)
	... 19 more
	Suppressed: java.lang.UnsatisfiedLinkError: libflite.so: cannot open shared object file: No such file or directory
		at knot//com.sun.jna.Native.open(Native Method)
		at knot//com.sun.jna.NativeLibrary.loadLibrary(NativeLibrary.java:213)
		... 22 more
	Suppressed: java.lang.UnsatisfiedLinkError: libflite.so: cannot open shared object file: No such file or directory
		at knot//com.sun.jna.Native.open(Native Method)
		at knot//com.sun.jna.NativeLibrary.loadLibrary(NativeLibrary.java:226)
		... 22 more
	Suppressed: java.io.IOException: Native library (linux-x86-64/libflite.so) not found in resource path (/usr/share/PrismLauncher/NewLaunch.jar:/home/khanh/.local/share/PrismLauncher/libraries/org/lwjgl/lwjgl-freetype-natives-linux/3.3.3/lwjgl-freetype-natives-linux-3.3.3.jar:/home/khanh/.local/share/PrismLauncher/libraries/org/lwjgl/lwjgl-freetype/3.3.3/lwjgl-freetype-3.3.3.jar:/home/khanh/.local/share/PrismLauncher/libraries/org/lwjgl/lwjgl-glfw-natives-linux/3.3.3/lwjgl-glfw-natives-linux-3.3.3.jar:/home/khanh/.local/share/PrismLauncher/libraries/org/lwjgl/lwjgl-glfw/3.3.3/lwjgl-glfw-3.3.3.jar:/home/khanh/.local/share/PrismLauncher/libraries/org/lwjgl/lwjgl-jemalloc-natives-linux/3.3.3/lwjgl-jemalloc-natives-linux-3.3.3.jar:/home/khanh/.local/share/PrismLauncher/libraries/org/lwjgl/lwjgl-jemalloc/3.3.3/lwjgl-jemalloc-3.3.3.jar:/home/khanh/.local/share/PrismLauncher/libraries/org/lwjgl/lwjgl-natives-linux/3.3.3/lwjgl-natives-linux-3.3.3.jar:/home/khanh/.local/share/PrismLauncher/libraries/org/lwjgl/lwjgl-openal-natives-linux/3.3.3/lwjgl-openal-natives-linux-3.3.3.jar:/home/khanh/.local/share/PrismLauncher/libraries/org/lwjgl/lwjgl-openal/3.3.3/lwjgl-openal-3.3.3.jar:/home/khanh/.local/share/PrismLauncher/libraries/org/lwjgl/lwjgl-opengl-natives-linux/3.3.3/lwjgl-opengl-natives-linux-3.3.3.jar:/home/khanh/.local/share/PrismLauncher/libraries/org/lwjgl/lwjgl-opengl/3.3.3/lwjgl-opengl-3.3.3.jar:/home/khanh/.local/share/PrismLauncher/libraries/org/lwjgl/lwjgl-stb-natives-linux/3.3.3/lwjgl-stb-natives-linux-3.3.3.jar:/home/khanh/.local/share/PrismLauncher/libraries/org/lwjgl/lwjgl-stb/3.3.3/lwjgl-stb-3.3.3.jar:/home/khanh/.local/share/PrismLauncher/libraries/org/lwjgl/lwjgl-tinyfd-natives-linux/3.3.3/lwjgl-tinyfd-natives-linux-3.3.3.jar:/home/khanh/.local/share/PrismLauncher/libraries/org/lwjgl/lwjgl-tinyfd/3.3.3/lwjgl-tinyfd-3.3.3.jar:/home/khanh/.local/share/PrismLauncher/libraries/org/lwjgl/lwjgl/3.3.3/lwjgl-3.3.3.jar:/home/khanh/.local/share/PrismLauncher/libraries/at/yawk/lz4/lz4-java/1.8.1/lz4-java-1.8.1.jar:/home/khanh/.local/share/PrismLauncher/libraries/com/azure/azure-json/1.4.0/azure-json-1.4.0.jar:/home/khanh/.local/share/PrismLauncher/libraries/com/github/oshi/oshi-core/6.9.0/oshi-core-6.9.0.jar:/home/khanh/.local/share/PrismLauncher/libraries/com/google/code/gson/gson/2.13.2/gson-2.13.2.jar:/home/khanh/.local/share/PrismLauncher/libraries/com/google/guava/failureaccess/1.0.3/failureaccess-1.0.3.jar:/home/khanh/.local/share/PrismLauncher/libraries/com/google/guava/guava/33.5.0-jre/guava-33.5.0-jre.jar:/home/khanh/.local/share/PrismLauncher/libraries/com/ibm/icu/icu4j/77.1/icu4j-77.1.jar:/home/khanh/.local/share/PrismLauncher/libraries/com/microsoft/azure/msal4j/1.23.1/msal4j-1.23.1.jar:/home/khanh/.local/share/PrismLauncher/libraries/com/mojang/authlib/7.0.61/authlib-7.0.61.jar:/home/khanh/.local/share/PrismLauncher/libraries/com/mojang/blocklist/1.0.10/blocklist-1.0.10.jar:/home/khanh/.local/share/PrismLauncher/libraries/com/mojang/brigadier/1.3.10/brigadier-1.3.10.jar:/home/khanh/.local/share/PrismLauncher/libraries/com/mojang/datafixerupper/9.0.19/datafixerupper-9.0.19.jar:/home/khanh/.local/share/PrismLauncher/libraries/com/mojang/jtracy/1.0.37/jtracy-1.0.37.jar:/home/khanh/.local/share/PrismLauncher/libraries/com/mojang/jtracy-natives-linux/1.0.37/jtracy-natives-linux-1.0.37.jar:/home/khanh/.local/share/PrismLauncher/libraries/com/mojang/logging/1.6.11/logging-1.6.11.jar:/home/khanh/.local/share/PrismLauncher/libraries/com/mojang/patchy/2.2.10/patchy-2.2.10.jar:/home/khanh/.local/share/PrismLauncher/libraries/com/mojang/text2speech/1.18.11/text2speech-1.18.11.jar:/home/khanh/.local/share/PrismLauncher/libraries/commons-codec/commons-codec/1.19.0/commons-codec-1.19.0.jar:/home/khanh/.local/share/PrismLauncher/libraries/commons-io/commons-io/2.20.0/commons-io-2.20.0.jar:/home/khanh/.local/share/PrismLauncher/libraries/io/netty/netty-buffer/4.2.7.Final/netty-buffer-4.2.7.Final.jar:/home/khanh/.local/share/PrismLauncher/libraries/io/netty/netty-codec-base/4.2.7.Final/netty-codec-base-4.2.7.Final.jar:/home/khanh/.local/share/PrismLauncher/libraries/io/netty/netty-codec-compression/4.2.7.Final/netty-codec-compression-4.2.7.Final.jar:/home/khanh/.local/share/PrismLauncher/libraries/io/netty/netty-codec-http/4.2.7.Final/netty-codec-http-4.2.7.Final.jar:/home/khanh/.local/share/PrismLauncher/libraries/io/netty/netty-common/4.2.7.Final/netty-common-4.2.7.Final.jar:/home/khanh/.local/share/PrismLauncher/libraries/io/netty/netty-handler/4.2.7.Final/netty-handler-4.2.7.Final.jar:/home/khanh/.local/share/PrismLauncher/libraries/io/netty/netty-resolver/4.2.7.Final/netty-resolver-4.2.7.Final.jar:/home/khanh/.local/share/PrismLauncher/libraries/io/netty/netty-transport-classes-epoll/4.2.7.Final/netty-transport-classes-epoll-4.2.7.Final.jar:/home/khanh/.local/share/PrismLauncher/libraries/io/netty/netty-transport-classes-kqueue/4.2.7.Final/netty-transport-classes-kqueue-4.2.7.Final.jar:/home/khanh/.local/share/PrismLauncher/libraries/io/netty/netty-transport-native-epoll/4.2.7.Final/netty-transport-native-epoll-4.2.7.Final-linux-aarch_64.jar:/home/khanh/.local/share/PrismLauncher/libraries/io/netty/netty-transport-native-epoll/4.2.7.Final/netty-transport-native-epoll-4.2.7.Final-linux-x86_64.jar:/home/khanh/.local/share/PrismLauncher/libraries/io/netty/netty-transport-native-unix-common/4.2.7.Final/netty-transport-native-unix-common-4.2.7.Final.jar:/home/khanh/.local/share/PrismLauncher/libraries/io/netty/netty-transport/4.2.7.Final/netty-transport-4.2.7.Final.jar:/home/khanh/.local/share/PrismLauncher/libraries/it/unimi/dsi/fastutil/8.5.18/fastutil-8.5.18.jar:/home/khanh/.local/share/PrismLauncher/libraries/net/java/dev/jna/jna-platform/5.17.0/jna-platform-5.17.0.jar:/home/khanh/.local/share/PrismLauncher/libraries/net/java/dev/jna/jna/5.17.0/jna-5.17.0.jar:/home/khanh/.local/share/PrismLauncher/libraries/net/sf/jopt-simple/jopt-simple/5.0.4/jopt-simple-5.0.4.jar:/home/khanh/.local/share/PrismLauncher/libraries/org/apache/commons/commons-compress/1.28.0/commons-compress-1.28.0.jar:/home/khanh/.local/share/PrismLauncher/libraries/org/apache/commons/commons-lang3/3.19.0/commons-lang3-3.19.0.jar:/home/khanh/.local/share/PrismLauncher/libraries/org/apache/logging/log4j/log4j-api/2.25.2/log4j-api-2.25.2.jar:/home/khanh/.local/share/PrismLauncher/libraries/org/apache/logging/log4j/log4j-core/2.25.2/log4j-core-2.25.2.jar:/home/khanh/.local/share/PrismLauncher/libraries/org/apache/logging/log4j/log4j-slf4j2-impl/2.25.2/log4j-slf4j2-impl-2.25.2.jar:/home/khanh/.local/share/PrismLauncher/libraries/org/jcraft/jorbis/0.0.17/jorbis-0.0.17.jar:/home/khanh/.local/share/PrismLauncher/libraries/org/joml/joml/1.10.8/joml-1.10.8.jar:/home/khanh/.local/share/PrismLauncher/libraries/org/jspecify/jspecify/1.0.0/jspecify-1.0.0.jar:/home/khanh/.local/share/PrismLauncher/libraries/org/slf4j/slf4j-api/2.0.17/slf4j-api-2.0.17.jar:/home/khanh/.local/share/PrismLauncher/libraries/net/fabricmc/intermediary/1.21.11/intermediary-1.21.11.jar:/home/khanh/.local/share/PrismLauncher/libraries/org/ow2/asm/asm/9.9/asm-9.9.jar:/home/khanh/.local/share/PrismLauncher/libraries/org/ow2/asm/asm-analysis/9.9/asm-analysis-9.9.jar:/home/khanh/.local/share/PrismLauncher/libraries/org/ow2/asm/asm-commons/9.9/asm-commons-9.9.jar:/home/khanh/.local/share/PrismLauncher/libraries/org/ow2/asm/asm-tree/9.9/asm-tree-9.9.jar:/home/khanh/.local/share/PrismLauncher/libraries/org/ow2/asm/asm-util/9.9/asm-util-9.9.jar:/home/khanh/.local/share/PrismLauncher/libraries/net/fabricmc/sponge-mixin/0.17.0+mixin.0.8.7/sponge-mixin-0.17.0+mixin.0.8.7.jar:/home/khanh/.local/share/PrismLauncher/libraries/net/fabricmc/fabric-loader/0.18.4/fabric-loader-0.18.4.jar:/home/khanh/.local/share/PrismLauncher/libraries/com/mojang/minecraft/1.21.11/minecraft-1.21.11-client.jar)
		at knot//com.sun.jna.Native.extractFromResourcePath(Native.java:1141)
		at knot//com.sun.jna.NativeLibrary.loadLibrary(NativeLibrary.java:297)
		... 22 more
[17:23:14] [Render thread/INFO]: Creating pipeline for dimension minecraft:overworld
[17:23:15] [IO-Worker-1/INFO]: Could not authorize you against Realms server: java.lang.RuntimeException: Failed to parse into SignedJWT: 0
[17:23:15] [IO-Worker-1/ERROR]: Couldn't connect to realms
net.minecraft.class_4355: Realms authentication error with message 'java.lang.RuntimeException: Failed to parse into SignedJWT: 0'
	at knot//net.minecraft.class_4341.method_20998(class_4341.java:526)
	at knot//net.minecraft.class_4341.method_21027(class_4341.java:307)
	at knot//net.minecraft.class_8647.method_52627(class_8647.java:48)
	at java.base/java.util.concurrent.CompletableFuture$AsyncSupply.run(CompletableFuture.java:1768)
	at java.base/java.util.concurrent.ThreadPoolExecutor.runWorker(ThreadPoolExecutor.java:1144)
	at java.base/java.util.concurrent.ThreadPoolExecutor$Worker.run(ThreadPoolExecutor.java:642)
	at java.base/java.lang.Thread.run(Thread.java:1583)
[17:23:23] [Render thread/INFO]: Flushed changes to Minecraft configuration
[17:23:25] [Render thread/INFO]: Flushed changes to Minecraft configuration
[17:23:42] [Render thread/INFO]: Flushed changes to Minecraft configuration
[17:24:54] [Render thread/INFO]: Flushed changes to Sodium configuration
[17:24:54] [Render thread/INFO]: Flushed changes to Minecraft configuration
[17:24:54] [Render thread/INFO]: [EMF]: Clearing data for reload.
[17:24:54] [Render thread/INFO]: Reloading ResourceManager: vanilla, animatica, bettergrass, bettermounthud, capes, cloth-config, conditional-mixin, config_manager, continuity, controlify, cubes-without-borders, debugify, dynamic_fps, e4mc, entity_model_features, entity_texture_features, entityculling, fabric-api, fabric-api-base, fabric-api-lookup-api-v1, fabric-biome-api-v1, fabric-block-api-v1, fabric-block-view-api-v2, fabric-command-api-v2, fabric-content-registries-v0, fabric-convention-tags-v1, fabric-convention-tags-v2, fabric-crash-report-info-v1, fabric-data-attachment-api-v1, fabric-data-generation-api-v1, fabric-dimensions-v1, fabric-entity-events-v1, fabric-events-interaction-v0, fabric-game-rule-api-v1, fabric-item-api-v1, fabric-item-group-api-v1, fabric-key-binding-api-v1, fabric-language-kotlin, fabric-lifecycle-events-v1, fabric-loot-api-v2, fabric-loot-api-v3, fabric-message-api-v1, fabric-model-loading-api-v1, fabric-networking-api-v1, fabric-object-builder-api-v1, fabric-particles-v1, fabric-recipe-api-v1, fabric-registry-sync-v0, fabric-renderer-api-v1, fabric-renderer-indigo, fabric-rendering-fluids-v1, fabric-rendering-v1, fabric-resource-conditions-api-v1, fabric-resource-loader-v0, fabric-resource-loader-v1, fabric-screen-api-v1, fabric-screen-handler-api-v1, fabric-serialization-api-v1, fabric-sound-api-v1, fabric-tag-api-v1, fabric-transfer-api-v1, fabric-transitive-access-wideners-v1, fabricloader, fabrishot, fastquit, forgeconfigapiport, immediatelyfast, iris, lambdynlights, lambdynlights_api, lambdynlights_runtime, languagereload, lightconfig, lithium, midnightlib, mixintrace, modmenu, morechathistory, moreculling, nochatreports, optigui, paginatedadvancements, placeholder-api, polytone, pride, puzzle, reeses-sodium-options, rrls, skyboxify, sodium, sodium-extra, spruceui, sspb, trender, yet_another_config_lib_v3, zoomify, file/SodiumTranslations.zip, file/Chat Reporting Helper.zip, file/Mod Menu Helper.zip, continuity:glass_pane_culling_fix, continuity:default
[17:24:55] [Worker-Main-18/INFO]: Found unifont_all_no_pua-17.0.01.hex, loading
[17:24:55] [Worker-Main-18/INFO]: Found unifont_jp_patch-17.0.01.hex, loading
[17:24:55] [Worker-Main-18/INFO]: Found unifont_pua-17.0.01.hex, loading
[17:25:00] [Render thread/INFO]: OpenAL initialized on device Built-in Audio Analog Stereo
[17:25:00] [Render thread/INFO]: Sound engine started
[17:25:00] [Render thread/INFO]: Created: 512x256x0 minecraft:textures/atlas/particles.png-atlas
[17:25:00] [Render thread/INFO]: Created: 128x128x0 minecraft:textures/atlas/decorated_pot.png-atlas
[17:25:00] [Render thread/INFO]: Created: 2048x1024x0 minecraft:textures/atlas/armor_trims.png-atlas
[17:25:00] [Render thread/INFO]: Created: 512x256x0 minecraft:textures/atlas/paintings.png-atlas
[17:25:00] [Render thread/INFO]: Created: 1024x512x0 minecraft:textures/atlas/shield_patterns.png-atlas
[17:25:00] [Render thread/INFO]: Created: 1024x1024x0 minecraft:textures/atlas/blocks.png-atlas
[17:25:01] [Render thread/INFO]: Created: 512x512x0 minecraft:textures/atlas/chest.png-atlas
[17:25:01] [Render thread/INFO]: Created: 256x128x0 minecraft:textures/atlas/celestials.png-atlas
[17:25:01] [Render thread/INFO]: Created: 1024x512x0 minecraft:textures/atlas/banner_patterns.png-atlas
[17:25:01] [Render thread/INFO]: Created: 512x512x0 minecraft:textures/atlas/beds.png-atlas
[17:25:01] [Render thread/INFO]: Created: 1024x512x0 minecraft:textures/atlas/items.png-atlas
[17:25:01] [Render thread/INFO]: Created: 1024x1024x0 minecraft:textures/atlas/gui.png-atlas
[17:25:01] [Render thread/INFO]: Created: 128x64x0 minecraft:textures/atlas/map_decorations.png-atlas
[17:25:01] [Render thread/INFO]: Created: 512x256x0 minecraft:textures/atlas/signs.png-atlas
[17:25:01] [Render thread/INFO]: Created: 512x512x0 minecraft:textures/atlas/shulker_boxes.png-atlas
[17:25:02] [Render thread/INFO]: 29675 cache(s) were cleared!
[17:25:02] [Render thread/INFO]: [KeyboardLayoutManager] Loaded 3 keyboard layouts
[17:25:02] [Render thread/INFO]: Loaded 3 Polytone config entries
[17:25:02] [Render thread/INFO]: [ETF]: reloading ETF data.
[17:25:02] [Render thread/INFO]: [ETF]: emissive suffixes loaded: {_e}
[17:25:04] [Render thread/INFO]: Overlay is removed!
[17:26:47] [Server Pinger #0/ERROR]: Can't ping mazerclub.com: Unknown host
[17:26:53] [Server Pinger #0/ERROR]: Can't ping mazerclub.com: Unknown host
[17:26:53] [Server Pinger #0/ERROR]: Can't ping mazerclub.com: Unknown host
[17:26:53] [Server Pinger #1/ERROR]: Can't ping mazerclub.com: Unknown host
[17:26:53] [Server Pinger #2/ERROR]: Can't ping mazerclub.com: Unknown host
[17:27:28] [Render thread/INFO]: Connecting to mazerclub.net, 25565
[17:27:31] [Render thread/INFO]: Registered 17 custom block set types
[17:27:31] [Render thread/INFO]: Reloaded Polytone Resources in 243 ms
[17:27:31] [Render thread/INFO]: [CHAT] Connecting you to hub...
[17:27:32] [Render thread/INFO]: Reloading pipeline on dimension change: minecraft:overworld => minecraft:hub
[17:27:32] [Render thread/INFO]: Destroying pipeline minecraft:overworld
[17:27:32] [Render thread/INFO]: Creating pipeline for dimension minecraft:hub
[17:27:32] [Render thread/WARN]: @ModifyVariable(@At("HEAD")) Shift.BY=1 on sspb.mixins.json:sodium.SmoothLightPipelineMixin from mod sspb::localvar$eae000$sspb$modifyApplyInsetPartialFaceVertexN2d exceeds the maximum allowed value: 0. Increase the value of maxShiftBy to suppress this warning.
[17:27:32] [Render thread/INFO]: Started 2 worker threads
[17:27:32] [Render thread/WARN]: Ignoring player info update for unknown player 48811bf6-bbfb-3fa9-b087-45fc8cfae90e ([UPDATE_DISPLAY_NAME])
[17:27:32] [Render thread/WARN]: Ignoring player info update for unknown player acdaab70-64a5-3439-9ce6-58b0465685f5 ([UPDATE_DISPLAY_NAME])
[17:27:32] [Render thread/WARN]: Ignoring player info update for unknown player 0676b3da-ee6d-354c-9f5b-191dd5bb93b6 ([UPDATE_DISPLAY_NAME])
[17:27:32] [Render thread/WARN]: Ignoring player info update for unknown player 00000000-0000-0000-0009-01faf902bcf9 ([UPDATE_DISPLAY_NAME])
[17:27:32] [Render thread/WARN]: Ignoring player info update for unknown player d93b2ee2-a9b1-3951-a0bd-4049a5f91778 ([UPDATE_DISPLAY_NAME])
[17:27:32] [Render thread/WARN]: Ignoring player info update for unknown player 00000000-0000-0000-0009-01fc671b0f23 ([UPDATE_DISPLAY_NAME])
[17:27:32] [Render thread/WARN]: Ignoring player info update for unknown player 8a42805b-7276-3669-a3ff-7b5c62619dd4 ([UPDATE_DISPLAY_NAME])
[17:27:32] [Render thread/WARN]: Ignoring player info update for unknown player 682bc588-46ff-3779-99c5-5f33617af9bc ([UPDATE_DISPLAY_NAME])
[17:27:32] [Render thread/WARN]: Ignoring player info update for unknown player d37214b5-0570-3f7e-a541-b02d29e566d5 ([UPDATE_DISPLAY_NAME])
[17:27:32] [Render thread/WARN]: Ignoring player info update for unknown player 022dbee9-7264-3a50-bf6e-9a1d23918305 ([UPDATE_DISPLAY_NAME])
[17:27:32] [Render thread/WARN]: Ignoring player info update for unknown player 13acbce4-60e1-359a-9724-31507f66b7f9 ([UPDATE_DISPLAY_NAME])
[17:27:32] [Render thread/WARN]: Ignoring player info update for unknown player 00000000-0000-0000-0009-01f83915dcfe ([UPDATE_DISPLAY_NAME])
[17:27:32] [Render thread/WARN]: Ignoring player info update for unknown player ccfa835a-6c18-3fd7-8e11-334cb99113bd ([UPDATE_DISPLAY_NAME])
[17:27:32] [Render thread/WARN]: Ignoring player info update for unknown player 00000000-0000-0000-0009-01f359a741bd ([UPDATE_DISPLAY_NAME])
[17:27:32] [Render thread/WARN]: Ignoring player info update for unknown player 4b1fe881-1a76-3a6c-9d38-e3bff7b65cd7 ([UPDATE_DISPLAY_NAME])
[17:27:32] [Render thread/WARN]: Ignoring player info update for unknown player 00000000-0000-0000-0009-01fee18f101e ([UPDATE_DISPLAY_NAME])
[17:27:32] [Render thread/WARN]: Ignoring player info update for unknown player 493d8dca-2fb4-38a7-8b4d-a8b306611756 ([UPDATE_DISPLAY_NAME])
[17:27:32] [Render thread/WARN]: Ignoring player info update for unknown player 00000000-0000-0000-0009-01f9f0113a14 ([UPDATE_DISPLAY_NAME])
[17:27:32] [Render thread/WARN]: Ignoring player info update for unknown player 00000000-0000-0000-0009-01fc783b9d3b ([UPDATE_DISPLAY_NAME])
[17:27:32] [Render thread/WARN]: Ignoring player info update for unknown player 00000000-0000-0000-0009-01fc0b8a0149 ([UPDATE_DISPLAY_NAME])
[17:27:32] [Render thread/WARN]: Ignoring player info update for unknown player 365207c3-526e-310b-a163-b53c26e31eb1 ([UPDATE_DISPLAY_NAME])
[17:27:32] [Render thread/INFO]: [CHAT] §eUpcoming restart at §619:30 Asia/Phnom_Penh§e.
[17:27:32] [Render thread/INFO]: [CHAT] \n \n \n \n \n \n \n \n \n \n \n \n \n \n \n \n \n \n \n \n \n \n \n \n \n \n \n \n \n \n 
[17:27:33] [Render thread/INFO]: Loaded 8 advancements
[17:27:33] [Render thread/WARN]: Ignoring player info update for unknown player 3a4a510d-c68c-303b-9e85-d7cc2811959e ([UPDATE_DISPLAY_NAME])
[17:27:34] [Render thread/WARN]: Ignoring player info update for unknown player 41cb9863-e809-4aa7-911d-109828decc73 ([UPDATE_DISPLAY_NAME])
[17:27:34] [Render thread/WARN]: Ignoring player info update for unknown player 730193df-ad88-33ea-beda-0b898880a54d ([UPDATE_DISPLAY_NAME])
[17:27:34] [Render thread/WARN]: Ignoring player info update for unknown player 3f698d41-f4f1-3511-98f1-4442d32e568a ([UPDATE_DISPLAY_NAME])
[17:27:34] [Render thread/INFO]: Stopping worker threads
[17:27:34] [Render thread/INFO]: Started 2 worker threads
[17:27:34] [Render thread/INFO]: Resizing Dynamic Transforms UBO, capacity limit of 2 reached during a single frame. New capacity will be 4.
[17:27:36] [Render thread/INFO]: Resizing Dynamic Transforms UBO, capacity limit of 4 reached during a single frame. New capacity will be 8.
[17:27:36] [Render thread/INFO]: [CHAT] ❙ You are not allowed to pvp here.
[17:27:36] [Render thread/INFO]: [CHAT] Use the command /login <password>.
[17:27:37] [Render thread/WARN]: Ignoring player info update for unknown player b0d75830-c1e1-3144-8b52-64ed325050b8 ([UPDATE_DISPLAY_NAME])
[17:27:38] [Render thread/WARN]: Ignoring player info update for unknown player b788ce38-8615-3233-abff-86969b6ef8af ([UPDATE_DISPLAY_NAME])
[17:27:38] [Render thread/INFO]: [CHAT] ❙ You are not allowed to pvp here.
[17:27:39] [Render thread/WARN]: Ignoring player info update for unknown player 1fa0aacd-a344-3185-94d7-74f7c3499328 ([UPDATE_DISPLAY_NAME])
[17:27:39] [Render thread/WARN]: Ignoring player info update for unknown player 6c526e91-c759-30a7-a5c0-f59410581742 ([UPDATE_DISPLAY_NAME])
[17:27:41] [Render thread/INFO]: [CHAT] ❙ You are not allowed to pvp here.
[17:27:44] [Render thread/WARN]: Ignoring player info update for unknown player 800fb1de-6a8c-3744-9344-17ca527a7584 ([UPDATE_DISPLAY_NAME])
[17:27:45] [Render thread/INFO]: [CHAT] You have successfully logged.
[17:27:46] [Worker-Main-15/WARN]: Profile contained invalid signature for textures property (profile id: 00000000-0000-0000-0009-01faf902bcf9)
[17:27:46] [Worker-Main-14/WARN]: Profile contained invalid signature for textures property (profile id: 00000000-0000-0000-0009-01fee18f101e)
[17:27:46] [Worker-Main-6/WARN]: Profile contained invalid signature for textures property (profile id: 00000000-0000-0000-0009-01fc671b0f23)
[17:27:46] [Worker-Main-14/WARN]: Profile contained invalid signature for textures property (profile id: 00000000-0000-0000-0009-01f9f0113a14)
[17:27:46] [Worker-Main-15/WARN]: Profile contained invalid signature for textures property (profile id: 00000000-0000-0000-0009-01f83915dcfe)
[17:27:46] [Worker-Main-6/WARN]: Profile contained invalid signature for textures property (profile id: 00000000-0000-0000-0009-01fc783b9d3b)
[17:27:46] [Render thread/WARN]: Ignoring player info update for unknown player f75b3de5-abcd-3fd5-a5f6-5a2922aaff66 ([UPDATE_DISPLAY_NAME])
[17:27:46] [Render thread/WARN]: Ignoring player info update for unknown player 197402ce-bbc8-3fc5-ba79-0913ed2dac85 ([UPDATE_DISPLAY_NAME])
[17:27:46] [Render thread/WARN]: Ignoring player info update for unknown player 76a6a859-e19c-3772-bf44-62f690ee9b1a ([UPDATE_DISPLAY_NAME])
[17:27:47] [Render thread/WARN]: Ignoring player info update for unknown player 00000000-0000-0000-0009-01fac3c0dec3 ([UPDATE_DISPLAY_NAME])
[17:27:47] [Worker-Main-6/WARN]: Profile contained invalid signature for textures property (profile id: 00000000-0000-0000-0009-01fac3c0dec3)
[17:27:50] [Render thread/WARN]: Ignoring player info update for unknown player 00000000-0000-0000-0009-01ffb7307847 ([UPDATE_DISPLAY_NAME])
[17:27:50] [Worker-Main-6/WARN]: Profile contained invalid signature for textures property (profile id: 00000000-0000-0000-0009-01ffb7307847)
[17:27:51] [Render thread/WARN]: Ignoring player info update for unknown player e0a38b6c-bb12-404e-9934-7649d78991dd ([UPDATE_DISPLAY_NAME])
[17:27:52] [Render thread/WARN]: Ignoring player info update for unknown player e4ff427a-4d6e-4300-b654-678ed4f2a294 ([UPDATE_DISPLAY_NAME])
[17:27:53] [Render thread/WARN]: Ignoring player info update for unknown player 00000000-0000-0000-0009-01f9393f19e9 ([UPDATE_DISPLAY_NAME])
[17:27:53] [Worker-Main-6/WARN]: Profile contained invalid signature for textures property (profile id: 00000000-0000-0000-0009-01f9393f19e9)
[17:27:53] [Render thread/WARN]: Ignoring player info update for unknown player 00f7c9b1-1f71-32d1-99cc-61b4d085037c ([UPDATE_DISPLAY_NAME])
[17:27:56] [Render thread/WARN]: Ignoring player info update for unknown player 6269843c-e561-3f95-9905-ead203a276aa ([UPDATE_DISPLAY_NAME])
[17:27:57] [Render thread/WARN]: Ignoring player info update for unknown player 8c70ab0a-9b5e-3d6f-b97e-46da05a7b284 ([UPDATE_DISPLAY_NAME])
[17:28:00] [Render thread/WARN]: Ignoring player info update for unknown player 41eb7be3-68a6-3b74-b1ab-923768697e63 ([UPDATE_DISPLAY_NAME])
[17:28:01] [Render thread/WARN]: Ignoring player info update for unknown player 00000000-0000-0000-0009-01fec2f72847 ([UPDATE_DISPLAY_NAME])
[17:28:01] [Worker-Main-6/WARN]: Profile contained invalid signature for textures property (profile id: 00000000-0000-0000-0009-01fec2f72847)
[17:28:03] [Render thread/WARN]: Ignoring player info update for unknown player 00000000-0000-0000-0009-01f40b9b54f5 ([UPDATE_DISPLAY_NAME])
[17:28:03] [Worker-Main-6/WARN]: Profile contained invalid signature for textures property (profile id: 00000000-0000-0000-0009-01f40b9b54f5)
[17:28:13] [Render thread/INFO]: [CHAT] Sending you to pvp now..
[17:28:13] [Render thread/INFO]: Stopping worker threads
[17:28:13] [Render thread/INFO]: Registered 17 custom block set types
[17:28:13] [Render thread/INFO]: Reloaded Polytone Resources in 2 ms
[17:28:14] [Render thread/INFO]: Reloading pipeline on dimension change: minecraft:hub => minecraft:mushroom
[17:28:14] [Render thread/INFO]: Destroying pipeline minecraft:hub
[17:28:14] [Render thread/INFO]: Creating pipeline for dimension minecraft:mushroom
[17:28:14] [Render thread/INFO]: Started 2 worker threads
[17:28:14] [Render thread/INFO]: Resizing Dynamic Transforms UBO, capacity limit of 8 reached during a single frame. New capacity will be 16.
[17:28:14] [Render thread/WARN]: Ignoring player info update for unknown player 48811bf6-bbfb-3fa9-b087-45fc8cfae90e ([UPDATE_DISPLAY_NAME])
[17:28:14] [Render thread/WARN]: Ignoring player info update for unknown player 7da78a86-47d2-4f2c-be76-b020085486dd ([UPDATE_DISPLAY_NAME])
[17:28:14] [Render thread/WARN]: Ignoring player info update for unknown player a322b9fa-dc99-3f8e-877d-26568af2d616 ([UPDATE_DISPLAY_NAME])
[17:28:14] [Render thread/WARN]: Ignoring player info update for unknown player f3660153-6d3d-392b-b027-d278bec13cb9 ([UPDATE_DISPLAY_NAME])
[17:28:14] [Render thread/WARN]: Ignoring player info update for unknown player fda576f9-1dfb-4864-ad8a-690b949f95db ([UPDATE_DISPLAY_NAME])
[17:28:14] [Render thread/WARN]: Ignoring player info update for unknown player 2eb8a53d-de88-454e-8094-456e6c241d9a ([UPDATE_DISPLAY_NAME])
[17:28:14] [Render thread/WARN]: Ignoring player info update for unknown player 7fc8057c-2af9-33b7-8260-df02120ed69f ([UPDATE_DISPLAY_NAME])
[17:28:14] [Render thread/WARN]: Ignoring player info update for unknown player 2f872d19-fccf-3eb9-b43f-b5e6c32ab212 ([UPDATE_DISPLAY_NAME])
[17:28:14] [Render thread/WARN]: Ignoring player info update for unknown player a5b87a55-4eb1-39ce-99a1-cf4fe2145962 ([UPDATE_DISPLAY_NAME])
[17:28:14] [Render thread/WARN]: Ignoring player info update for unknown player f2cab6b0-e59b-3759-b3e2-26125f545c13 ([UPDATE_DISPLAY_NAME])
[17:28:14] [Render thread/WARN]: Ignoring player info update for unknown player 956196b1-5309-37a6-ae2a-9101583e5179 ([UPDATE_DISPLAY_NAME])
[17:28:14] [Render thread/WARN]: Ignoring player info update for unknown player 93519608-732a-4bd4-9f4b-cb0b08de162d ([UPDATE_DISPLAY_NAME])
[17:28:14] [Render thread/WARN]: Ignoring player info update for unknown player 022dbee9-7264-3a50-bf6e-9a1d23918305 ([UPDATE_DISPLAY_NAME])
[17:28:14] [Render thread/WARN]: Ignoring player info update for unknown player 00000000-0000-0000-0009-01f83915dcfe ([UPDATE_DISPLAY_NAME])
[17:28:14] [Render thread/WARN]: Ignoring player info update for unknown player 2e40ab20-768c-3810-b311-a22f43e5f43c ([UPDATE_DISPLAY_NAME])
[17:28:14] [Render thread/WARN]: Ignoring player info update for unknown player 41b7b01a-c317-3c52-95f0-6b785776af0d ([UPDATE_DISPLAY_NAME])
[17:28:14] [Render thread/WARN]: Ignoring player info update for unknown player 8a64a524-2961-3152-8af5-cf56b2f3993e ([UPDATE_DISPLAY_NAME])
[17:28:14] [Render thread/WARN]: Ignoring player info update for unknown player dd775697-4852-34db-a23d-c1bc9442ab8b ([UPDATE_DISPLAY_NAME])
[17:28:14] [Render thread/WARN]: Ignoring player info update for unknown player 00000000-0000-0000-0009-01f985f4d127 ([UPDATE_DISPLAY_NAME])
[17:28:14] [Render thread/WARN]: Ignoring player info update for unknown player 59724c09-7292-3f35-81a7-b705ad13674a ([UPDATE_DISPLAY_NAME])
[17:28:14] [Render thread/WARN]: Ignoring player info update for unknown player 00000000-0000-0000-0009-01f2b44ef19c ([UPDATE_DISPLAY_NAME])
[17:28:14] [Render thread/WARN]: Ignoring player info update for unknown player b060308f-b6d4-387d-8531-388867cd0e1b ([UPDATE_DISPLAY_NAME])
[17:28:14] [Render thread/WARN]: Ignoring player info update for unknown player 0a0bcc5d-c36d-3969-ac67-c5bf2e5808e1 ([UPDATE_DISPLAY_NAME])
[17:28:14] [Render thread/WARN]: Ignoring player info update for unknown player 17c9841b-cf44-3d24-842d-4aa7b6254b2a ([UPDATE_DISPLAY_NAME])
[17:28:14] [Render thread/WARN]: Ignoring player info update for unknown player 9ff96efd-9fcd-3d57-89c4-4e7e33114c0d ([UPDATE_DISPLAY_NAME])
[17:28:14] [Render thread/WARN]: Ignoring player info update for unknown player da26bf9f-a2f6-3af4-80a8-9d4ef0a664c6 ([UPDATE_DISPLAY_NAME])
[17:28:14] [Render thread/WARN]: Ignoring player info update for unknown player d41bc3f1-1410-378b-bc31-a74353b75489 ([UPDATE_DISPLAY_NAME])
[17:28:14] [Render thread/WARN]: Ignoring player info update for unknown player 7a08f27b-aea7-4731-85ba-7c114d995ae9 ([UPDATE_DISPLAY_NAME])
[17:28:14] [Render thread/WARN]: Ignoring player info update for unknown player 03ee4271-4d5c-3153-b52c-9f786e0b29f1 ([UPDATE_DISPLAY_NAME])
[17:28:14] [Render thread/WARN]: Ignoring player info update for unknown player ab516fe1-d066-3aa5-8cec-482268b03532 ([UPDATE_DISPLAY_NAME])
[17:28:14] [Render thread/WARN]: Ignoring player info update for unknown player b6b6c456-4ba6-3d71-850e-457f067cd605 ([UPDATE_DISPLAY_NAME])
[17:28:14] [Render thread/WARN]: Ignoring player info update for unknown player 31e53319-e0e1-4412-bcbf-eb9c1e5dc54e ([UPDATE_DISPLAY_NAME])
[17:28:14] [Render thread/WARN]: Ignoring player info update for unknown player 82b02ee9-87fb-4a48-8bab-6e8aa59d691e ([UPDATE_DISPLAY_NAME])
[17:28:14] [Render thread/WARN]: Ignoring player info update for unknown player dc17a945-4bd3-3c95-a7b2-767fa6792be8 ([UPDATE_DISPLAY_NAME])
[17:28:14] [Render thread/WARN]: Ignoring player info update for unknown player ead86340-2980-3cc7-8c2f-b0e6fb2f8b76 ([UPDATE_DISPLAY_NAME])
[17:28:14] [Render thread/WARN]: Ignoring player info update for unknown player e4c0fae0-f55b-39bd-8033-258fd13fa713 ([UPDATE_DISPLAY_NAME])
[17:28:14] [Render thread/WARN]: Ignoring player info update for unknown player 5bb521a6-300e-4f2d-87e7-360f225cdfd2 ([UPDATE_DISPLAY_NAME])
[17:28:14] [Render thread/WARN]: Ignoring player info update for unknown player a142d91e-4e61-4893-a90d-797c0718fc90 ([UPDATE_DISPLAY_NAME])
[17:28:14] [Render thread/WARN]: Ignoring player info update for unknown player 4723e82b-9681-335d-9deb-3a7283a3b8b7 ([UPDATE_DISPLAY_NAME])
[17:28:14] [Render thread/WARN]: Ignoring player info update for unknown player fa85539a-f66c-32e9-925a-38ec1ba338d6 ([UPDATE_DISPLAY_NAME])
[17:28:14] [Render thread/WARN]: Ignoring player info update for unknown player de635d2d-251f-394b-bfeb-04e5f833387d ([UPDATE_DISPLAY_NAME])
[17:28:14] [Render thread/WARN]: Ignoring player info update for unknown player 6f146fd8-2b53-3d4c-8859-f42dd4191fe2 ([UPDATE_DISPLAY_NAME])
[17:28:14] [Render thread/WARN]: Ignoring player info update for unknown player 00000000-0000-0000-0009-01f6577a6be5 ([UPDATE_DISPLAY_NAME])
[17:28:14] [Render thread/WARN]: Ignoring player info update for unknown player 2948a322-fc59-3411-8dad-4146676ff2c7 ([UPDATE_DISPLAY_NAME])
[17:28:14] [Render thread/WARN]: Ignoring player info update for unknown player 10f6ab53-9725-3fa0-ab6a-c442b0553b3e ([UPDATE_DISPLAY_NAME])
[17:28:14] [Render thread/WARN]: Ignoring player info update for unknown player cc2971e7-7602-3050-bf31-a011e7bc3966 ([UPDATE_DISPLAY_NAME])
[17:28:14] [Render thread/WARN]: Ignoring player info update for unknown player 800fb1de-6a8c-3744-9344-17ca527a7584 ([UPDATE_DISPLAY_NAME])
[17:28:14] [Render thread/WARN]: Ignoring player info update for unknown player a378279a-8dc6-36c6-8f08-3e831f645061 ([UPDATE_DISPLAY_NAME])
[17:28:14] [Render thread/WARN]: Ignoring player info update for unknown player 7b672e63-7521-3470-9a87-b989d75d1773 ([UPDATE_DISPLAY_NAME])
[17:28:14] [Render thread/WARN]: Ignoring player info update for unknown player 9574ec43-95cc-33cd-a275-b5687123a972 ([UPDATE_DISPLAY_NAME])
[17:28:14] [Render thread/WARN]: Ignoring player info update for unknown player edc4a1ef-7022-3c75-9b99-2307c6c6605e ([UPDATE_DISPLAY_NAME])
[17:28:14] [Render thread/WARN]: Ignoring player info update for unknown player c9f93589-0ff3-3e96-8353-d45e1b17ee73 ([UPDATE_DISPLAY_NAME])
[17:28:14] [Render thread/WARN]: Ignoring player info update for unknown player 65be63f0-ef49-38f9-b0fe-3aea1cc66c52 ([UPDATE_DISPLAY_NAME])
[17:28:14] [Render thread/WARN]: Ignoring player info update for unknown player fd400dc4-ee39-377f-bd75-fd5f8d8e6ee7 ([UPDATE_DISPLAY_NAME])
[17:28:14] [Render thread/WARN]: Ignoring player info update for unknown player e6b992e7-a8b5-41aa-ba1c-d90d8a25a7fd ([UPDATE_DISPLAY_NAME])
[17:28:14] [Render thread/WARN]: Ignoring player info update for unknown player 4823e9d9-4868-4ada-8582-81a4f714d9f3 ([UPDATE_DISPLAY_NAME])
[17:28:14] [Render thread/WARN]: Ignoring player info update for unknown player e5b1adcc-3150-3bf7-95ae-ff68d825adb5 ([UPDATE_DISPLAY_NAME])
[17:28:14] [Render thread/WARN]: Ignoring player info update for unknown player 2140b20d-fc0b-3799-bdb1-e99d41e0029f ([UPDATE_DISPLAY_NAME])
[17:28:14] [Render thread/WARN]: Ignoring player info update for unknown player 075e9645-db62-331a-a6e1-63ba123b6895 ([UPDATE_DISPLAY_NAME])
[17:28:14] [Render thread/WARN]: Ignoring player info update for unknown player 5df7980f-7a66-43e1-a2a6-fe3527b575ce ([UPDATE_DISPLAY_NAME])
[17:28:14] [Render thread/WARN]: Ignoring player info update for unknown player 334e6bfb-b82c-35c0-8dc4-4cd76409f9de ([UPDATE_DISPLAY_NAME])
[17:28:14] [Render thread/WARN]: Ignoring player info update for unknown player b19bca87-4715-35e2-9637-c9b7671ab8ef ([UPDATE_DISPLAY_NAME])
[17:28:14] [Render thread/WARN]: Ignoring player info update for unknown player 21879431-54bc-3004-bc06-9ceaf28bf2f6 ([UPDATE_DISPLAY_NAME])
[17:28:14] [Render thread/WARN]: Ignoring player info update for unknown player 93c9418e-99b0-3d14-8a51-c25093630e21 ([UPDATE_DISPLAY_NAME])
[17:28:14] [Render thread/WARN]: Ignoring player info update for unknown player dc2a89ea-9062-30d5-95d3-8bf3e3557bab ([UPDATE_DISPLAY_NAME])
[17:28:14] [Render thread/WARN]: Ignoring player info update for unknown player 2b135161-ab49-3175-a595-2e10a341d621 ([UPDATE_DISPLAY_NAME])
[17:28:14] [Render thread/WARN]: Ignoring player info update for unknown player f7d244cf-2cff-48c2-95a4-4a334a5adb59 ([UPDATE_DISPLAY_NAME])
[17:28:14] [Render thread/WARN]: Ignoring player info update for unknown player 0df2279f-64ec-3fda-82f3-fdbd3659c88a ([UPDATE_DISPLAY_NAME])
[17:28:14] [Render thread/WARN]: Ignoring player info update for unknown player 3524b098-2912-4084-ae56-68bd092db624 ([UPDATE_DISPLAY_NAME])
[17:28:14] [Render thread/WARN]: Ignoring player info update for unknown player 4ea9d33b-257b-4a37-a075-fb98ed1a2de2 ([UPDATE_DISPLAY_NAME])
[17:28:14] [Render thread/WARN]: Ignoring player info update for unknown player 308371b9-2eb9-377c-9d04-b3f8c98b9944 ([UPDATE_DISPLAY_NAME])
[17:28:14] [Render thread/WARN]: Ignoring player info update for unknown player 2368c741-0170-3372-9a3a-a204d9334df6 ([UPDATE_DISPLAY_NAME])
[17:28:14] [Render thread/WARN]: Ignoring player info update for unknown player c7a31d1f-1c2f-382b-ad91-675f437ff6d8 ([UPDATE_DISPLAY_NAME])
[17:28:14] [Render thread/WARN]: Ignoring player info update for unknown player 3b402f2a-fe02-36d6-a043-4523954eb64a ([UPDATE_DISPLAY_NAME])
[17:28:14] [Render thread/WARN]: Ignoring player info update for unknown player 20d402bf-bf9a-34df-81af-6429e4074e74 ([UPDATE_DISPLAY_NAME])
[17:28:14] [Render thread/WARN]: Ignoring player info update for unknown player fec2625e-9bd3-351b-86bd-17588020894f ([UPDATE_DISPLAY_NAME])
[17:28:14] [Render thread/WARN]: Ignoring player info update for unknown player a36488e8-427a-3e58-b88c-58165dc35a14 ([UPDATE_DISPLAY_NAME])
[17:28:14] [Render thread/WARN]: Ignoring player info update for unknown player 54017ff0-9ddc-380f-a931-0f30158d2e47 ([UPDATE_DISPLAY_NAME])
[17:28:14] [Render thread/WARN]: Ignoring player info update for unknown player 25adadd2-9d3e-420d-a8f7-eaecbb0962af ([UPDATE_DISPLAY_NAME])
[17:28:14] [Render thread/WARN]: Ignoring player info update for unknown player bad6f9b7-51af-3b2a-8410-e14b8bb6affb ([UPDATE_DISPLAY_NAME])
[17:28:14] [Render thread/WARN]: Ignoring player info update for unknown player 9d894b49-d199-4bfd-bb31-20b5dad14d05 ([UPDATE_DISPLAY_NAME])
[17:28:14] [Render thread/WARN]: Ignoring player info update for unknown player bd5c9219-56b1-4ab4-8e99-2bd4724914bc ([UPDATE_DISPLAY_NAME])
[17:28:14] [Render thread/WARN]: Ignoring player info update for unknown player 5530fb06-31db-3901-b2dd-9079bbaefa1e ([UPDATE_DISPLAY_NAME])
[17:28:14] [Render thread/WARN]: Ignoring player info update for unknown player 00000000-0000-0000-0009-01f1b2ced2cd ([UPDATE_DISPLAY_NAME])
[17:28:14] [Render thread/WARN]: Ignoring player info update for unknown player 3f2e0d64-31ef-4982-b9c2-45d899a40062 ([UPDATE_DISPLAY_NAME])
[17:28:14] [Render thread/WARN]: Ignoring player info update for unknown player e6d66aa7-388d-3cc6-b4d3-80e621885079 ([UPDATE_DISPLAY_NAME])
[17:28:14] [Render thread/INFO]: Reloading pipeline on dimension change: minecraft:mushroom => minecraft:overworld
[17:28:14] [Render thread/INFO]: Destroying pipeline minecraft:mushroom
[17:28:14] [Render thread/INFO]: Creating pipeline for dimension minecraft:overworld
[17:28:14] [Render thread/INFO]: Stopping worker threads
[17:28:14] [Render thread/INFO]: Started 2 worker threads
[17:28:14] [Render thread/INFO]: Stopping worker threads
[17:28:14] [Render thread/INFO]: Started 2 worker threads
[17:28:14] [Render thread/INFO]: Loaded 24 advancements
[17:28:14] [Worker-Main-15/WARN]: Profile contained invalid signature for textures property (profile id: 00000000-0000-0000-0009-01f6577a6be5)
[17:28:15] [Render thread/INFO]: Resizing Dynamic Transforms UBO, capacity limit of 16 reached during a single frame. New capacity will be 32.
[17:28:16] [Render thread/INFO]: [CHAT] Kit 1 loaded!
[17:28:17] [Render thread/INFO]: [CHAT] .Bro_Vong23: kak jmr Hz anh :')
[17:28:20] [Render thread/INFO]: Loaded 44 advancements
[17:28:21] [Render thread/INFO]: [CHAT] phucnovanv2 has made the advancement [Stone Age]
[17:28:22] [Render thread/WARN]: Ignoring player info update for unknown player 32892be5-1644-4b54-8c7d-34670d5f4284 ([UPDATE_DISPLAY_NAME])
[17:28:23] [Render thread/INFO]: [CHAT] Unknown command. Type "/help" for help.
[17:28:25] [Render thread/INFO]: [CHAT] khanhnotbruh: rtp
[17:28:27] [Render thread/INFO]: [CHAT] .NotBenimari has made the advancement [Stone Age]
[17:28:27] [Render thread/WARN]: Ignoring player info update for unknown player 38323389-3d52-4cb3-8fa1-27c02ff136e1 ([UPDATE_DISPLAY_NAME])
[17:28:28] [Render thread/INFO]: [CHAT] .ITACHI529240 has made the advancement [The End?]
[17:28:29] [Render thread/INFO]: Resizing Dynamic Transforms UBO, capacity limit of 32 reached during a single frame. New capacity will be 64.
[17:28:30] [Render thread/INFO]: Reloading pipeline on dimension change: minecraft:overworld => minecraft:plain
[17:28:30] [Render thread/INFO]: Destroying pipeline minecraft:overworld
[17:28:30] [Render thread/INFO]: Creating pipeline for dimension minecraft:plain
[17:28:30] [Render thread/INFO]: Stopping worker threads
[17:28:30] [Render thread/INFO]: Started 2 worker threads
[17:28:30] [Render thread/INFO]: Stopping worker threads
[17:28:30] [Render thread/INFO]: Started 2 worker threads
[17:28:30] [Render thread/INFO]: [CHAT] You have been tp'd to x=366 y=60 z=-85
[17:28:37] [Render thread/INFO]: [CHAT] Ah_Nu has reached the goal [Postmortal]
[17:28:40] [Render thread/WARN]: Ignoring player info update for unknown player a142d91e-4e61-4893-a90d-797c0718fc90 ([UPDATE_DISPLAY_NAME])
[17:28:41] [Render thread/WARN]: Ignoring player info update for unknown player 7811ec8d-0f79-35c1-aedf-0426813ed9ff ([UPDATE_DISPLAY_NAME])
[17:28:42] [Render thread/INFO]: [CHAT] caveman661: tpa for nether
[17:28:45] [Render thread/WARN]: Ignoring player info update for unknown player 00000000-0000-0000-0009-01fec2f72847 ([UPDATE_DISPLAY_NAME])
[17:28:46] [Render thread/INFO]: [CHAT] caveman661: tpa for nether
[17:28:48] [Render thread/INFO]: [CHAT] Craft_Lord_YT has made the advancement [The End?]
[17:28:48] [Render thread/WARN]: Ignoring player info update for unknown player 9486f692-e719-3759-ae72-7ecaa54528d2 ([UPDATE_DISPLAY_NAME])
[17:28:49] [Render thread/WARN]: Ignoring player info update for unknown player 197402ce-bbc8-3fc5-ba79-0913ed2dac85 ([UPDATE_DISPLAY_NAME])
[17:28:51] [Render thread/INFO]: [CHAT] Kazuto_xz has made the advancement [Stone Age]
[17:28:52] [Render thread/INFO]: [CHAT] .ITACHI529240 has reached the goal [Postmortal]
[17:28:53] [Render thread/INFO]: Stopping worker threads
[17:28:55] [CullThread/INFO]: [STDOUT]: Shutting down culling task!
[17:28:55] [Render thread/INFO]: Stopping!
[17:28:55] [Render thread/INFO]: [FastQuit] Exiting FastQuit.
